#
# There is insufficient memory for the Java Runtime Environment to continue.
# Native memory allocation (malloc) failed to allocate 30000536 bytes. Error detail: Chunk::new
# Possible reasons:
#   The system is out of physical RAM or swap space
#   This process is running with CompressedOops enabled, and the Java Heap may be blocking the growth of the native heap
# Possible solutions:
#   Reduce memory load on the system
#   Increase physical memory or swap space
#   Check if swap backing store is full
#   Decrease Java heap size (-Xmx/-Xms)
#   Decrease number of Java threads
#   Decrease Java thread stack sizes (-Xss)
#   Set larger code cache with -XX:ReservedCodeCacheSize=
#   JVM is running with Unscaled Compressed Oops mode in which the Java heap is
#     placed in the first 4GB address space. The Java Heap base address is the
#     maximum limit for the native heap growth. Please use -XX:HeapBaseMinAddress
#     to set the Java Heap base and to place the Java Heap above 4GB virtual address.
# This output file may be truncated or incomplete.
#
#  Out of Memory Error (arena.cpp:193), pid=9968, tid=16860
#
# JRE version: Java(TM) SE Runtime Environment (26.0.1+8) (build 26.0.1+8-34)
# Java VM: Java HotSpot(TM) 64-Bit Server VM (26.0.1+8-34, mixed mode, sharing, tiered, compressed oops, compressed class ptrs, g1 gc, windows-amd64)
# No core dump will be written. Minidumps are not enabled by default on client versions of Windows
#

---------------  S U M M A R Y ------------

Command Line: --enable-native-access=ALL-UNNAMED -Dclassworlds.conf=C:\Users\gondi\OneDrive\Documentos\Modelos Personalizados do Office\netbeans\java\maven\bin\m2.conf -Dmaven.home=C:\Users\gondi\OneDrive\Documentos\Modelos Personalizados do Office\netbeans\java\maven -Dlibrary.jansi.path=C:\Users\gondi\OneDrive\Documentos\Modelos Personalizados do Office\netbeans\java\maven\lib\jansi-native -Dmaven.multiModuleProjectDirectory=C:\Users\gondi\OneDrive\Documentos\NetBeansProjects\SistemaGestaoProjetos org.codehaus.plexus.classworlds.launcher.Launcher -Dexec.vmArgs= -Dexec.args=${exec.vmArgs} -classpath %classpath ${exec.mainClass} ${exec.appArgs} -Dexec.appArgs= -Dexec.mainClass=com.mycompany.sistemagestaoprojetos.SistemaGestaoProjetos -Dexec.executable=C:\Program Files\Java\jdk-26.0.1\bin\java.exe -Dmaven.ext.class.path=C:\Users\gondi\OneDrive\Documentos\Modelos Personalizados do Office\netbeans\java\maven-nblib\netbeans-eventspy.jar --no-transfer-progress process-classes org.codehaus.mojo:exec-maven-plugin:3.5.1:exec

Host: Intel(R) Celeron(R) N4500 @ 1.10GHz, 2 cores, 3G,  Windows 11 , 64 bit Build 26100 (10.0.26100.8246)
Time: Sun May 31 21:12:27 2026 Hora Padrão de Buenos Aires elapsed time: 11.064680 seconds (0d 0h 0m 11s)

---------------  T H R E A D  ---------------

Current thread (0x000002137b8c25b0):  JavaThread "C2 CompilerThread0" daemon [_thread_in_native, id=16860, stack(0x0000009440000000,0x0000009440100000) (1024K)]


Current CompileTask:
C2:11064 4111       4       java.lang.invoke.MethodType::makeImpl (109 bytes)

Stack: [0x0000009440000000,0x0000009440100000]
Native frames: (J=compiled Java code, j=interpreted, Vv=VM code, C=native code)
V  [jvm.dll+0x7d5879]  (no source info available)
V  [jvm.dll+0x7a37dd]  (no source info available)
V  [jvm.dll+0x9b0c10]  (no source info available)
V  [jvm.dll+0x9b3061]  (no source info available)
V  [jvm.dll+0x9b3773]  (no source info available)
V  [jvm.dll+0x30df76]  (no source info available)
V  [jvm.dll+0x11d8a6]  (no source info available)
V  [jvm.dll+0x11dbce]  (no source info available)
V  [jvm.dll+0x1afbe6]  (no source info available)
V  [jvm.dll+0x3ca822]  (no source info available)
V  [jvm.dll+0x7de462]  (no source info available)
V  [jvm.dll+0x2d1647]  (no source info available)
V  [jvm.dll+0x2d05bf]  (no source info available)
V  [jvm.dll+0x246820]  (no source info available)
V  [jvm.dll+0x2e06dc]  (no source info available)
V  [jvm.dll+0x2de8bd]  (no source info available)
V  [jvm.dll+0x4a3ff1]  (no source info available)
V  [jvm.dll+0x94f649]  (no source info available)
V  [jvm.dll+0x7d7358]  (no source info available)
C  [ucrtbase.dll+0x37b0]  (no source info available)
C  [KERNEL32.DLL+0x2e8d7]  (no source info available)
C  [ntdll.dll+0x8c3fc]  (no source info available)

Lock stack of current Java thread (top to bottom):


---------------  P R O C E S S  ---------------

Threads class SMR info:
_java_thread_list=0x000002130fa80e40, length=11, elements={
0x000002136d490d60, 0x000002137b8b2cd0, 0x000002137b8b4970, 0x000002137b8ba390,
0x000002137b8baf40, 0x000002137b8bbaf0, 0x000002137b8bd6b0, 0x000002137b8c25b0,
0x000002137b93f680, 0x000002130f0564e0, 0x000002130f05a100
}

Java Threads: ( => current thread )
  0x000002136d490d60 JavaThread "main"                              [_thread_in_vm, id=7520, stack(0x000000943f100000,0x000000943f200000) (1024K)]
  0x000002137b8b2cd0 JavaThread "Reference Handler"          daemon [_thread_blocked, id=14620, stack(0x000000943fa00000,0x000000943fb00000) (1024K)]
  0x000002137b8b4970 JavaThread "Finalizer"                  daemon [_thread_blocked, id=5776, stack(0x000000943fb00000,0x000000943fc00000) (1024K)]
  0x000002137b8ba390 JavaThread "Signal Dispatcher"          daemon [_thread_blocked, id=24592, stack(0x000000943fc00000,0x000000943fd00000) (1024K)]
  0x000002137b8baf40 JavaThread "Attach Listener"            daemon [_thread_blocked, id=28336, stack(0x000000943fd00000,0x000000943fe00000) (1024K)]
  0x000002137b8bbaf0 JavaThread "Service Thread"             daemon [_thread_blocked, id=23032, stack(0x000000943fe00000,0x000000943ff00000) (1024K)]
  0x000002137b8bd6b0 JavaThread "Monitor Deflation Thread"   daemon [_thread_blocked, id=25564, stack(0x000000943ff00000,0x0000009440000000) (1024K)]
=>0x000002137b8c25b0 JavaThread "C2 CompilerThread0"         daemon [_thread_in_native, id=16860, stack(0x0000009440000000,0x0000009440100000) (1024K)]
  0x000002137b93f680 JavaThread "C1 CompilerThread0"         daemon [_thread_blocked, id=23008, stack(0x0000009440100000,0x0000009440200000) (1024K)]
  0x000002130f0564e0 JavaThread "Notification Thread"        daemon [_thread_blocked, id=13296, stack(0x0000009440200000,0x0000009440300000) (1024K)]
  0x000002130f05a100 JavaThread "Common-Cleaner"             daemon [_thread_blocked, id=3708, stack(0x0000009440300000,0x0000009440400000) (1024K)]
Total: 11

Other Threads:
  0x000002136f8837d0 VMThread "VM Thread"                           [id=23128, stack(0x000000943f900000,0x000000943fa00000) (1024K)]
  0x000002137b8aba00 WatcherThread "VM Periodic Task Thread"        [id=11856, stack(0x000000943f800000,0x000000943f900000) (1024K)]
  0x000002136f7fc2e0 WorkerThread "GC Thread#0"                     [id=15104, stack(0x000000943f200000,0x000000943f300000) (1024K)]
  0x000002130f60baf0 WorkerThread "GC Thread#1"                     [id=19708, stack(0x0000009440500000,0x0000009440600000) (1024K)]
  0x000002136f808b00 ConcurrentGCThread "G1 Main Marker"            [id=17280, stack(0x000000943f300000,0x000000943f400000) (1024K)]
  0x000002136f80a570 WorkerThread "G1 Conc#0"                       [id=28064, stack(0x000000943f400000,0x000000943f500000) (1024K)]
  0x000002136f81c2c0 WorkerThread "G1 Refinement Workers#0"         [id=12524, stack(0x000000943f600000,0x000000943f700000) (1024K)]
  0x000002136f81a8b0 ConcurrentGCThread "G1 Refine Control"         [id=17432, stack(0x000000943f500000,0x000000943f600000) (1024K)]
  0x000002136f81ed40 ConcurrentGCThread "G1 Service"                [id=28568, stack(0x000000943f700000,0x000000943f800000) (1024K)]
Total: 9

Threads with active compile tasks:
C2 CompilerThread0  11257 4111       4       java.lang.invoke.MethodType::makeImpl (109 bytes)
Total: 1

VM state: not at safepoint (normal execution)

VM Mutex/Monitor currently owned by a thread: None

Heap address: 0x00000000c2e00000, size: 978 MB, Compressed Oops mode: 32-bit

CDS archive(s) mapped at: [0x0000000022000000-0x0000000022de0000-0x0000000022de0000), size 14548992, SharedBaseAddress: 0x0000000022000000, ArchiveRelocationMode: 1.
Compressed class space mapped at: 0x0000000023000000-0x0000000063000000, reserved size: 1073741824
UseCompressedClassPointers 1, UseCompactObjectHeaders 0
Narrow klass pointer bits 32, Max shift 3
Narrow klass base: 0x0000000022000000, Narrow klass shift: 0
Encoding Range: [0x0000000022000000 - 0x0000000122000000), (4294967296 bytes)
Klass Range:    [0x0000000022000000 - 0x0000000063000000), (1090519040 bytes)
Klass ID Range:  [8 - 1090519033) (1090519025)
Protection zone: [0x0000000022000000 - 0x0000000022010000), (65536 bytes)

GC Precious Log:
 CardTable entry size: 512
 Card Set container configuration: InlinePtr #cards 5 size 8 Array Of Cards #cards 10 size 36 Howl #buckets 4 coarsen threshold 1843 Howl Bitmap #cards 512 size 80 coarsen threshold 460 Card regions per heap region 1 cards per card region 2048
 CPUs: 2 total, 2 available
 Memory: 3905M
 Large Page Support: Disabled
 NUMA Support: Disabled
 Compressed Oops: Enabled (32-bit)
 Heap Region Size: 1M
 Heap Min Capacity: 8M
 Heap Initial Capacity: 8M
 Heap Max Capacity: 978M
 Pre-touch: Disabled
 Parallel Workers: 2
 Concurrent Workers: 1
 Concurrent Refinement Workers: 2
 Periodic GC: Disabled

Heap:
 garbage-first heap   total reserved 1001472K, committed 31744K, used 22974K [0x00000000c2e00000, 0x0000000100000000)
  region size 1M, 1 eden (1M), 1 survivor (1M), 16 old (16M), 6 humongous (6M), 7 free (7M)

Heap Regions: E=young(eden), S=young(survivor), O=old, HS=humongous(starts), HC=humongous(continues), CS=collection set, F=free, TAMS=top-at-mark-start, PB=parsable bottom
|    0|0x00000000c2e00000, 0x00000000c2f00000, 0x00000000c2f00000|100%| O|  |TAMS 0x00000000c2e00000| PB 0x00000000c2e00000| Untracked |  0
|    1|0x00000000c2f00000, 0x00000000c3000000, 0x00000000c3000000|100%| O|  |TAMS 0x00000000c2f00000| PB 0x00000000c2f00000| Untracked |  0
|    2|0x00000000c3000000, 0x00000000c3100000, 0x00000000c3100000|100%| O|  |TAMS 0x00000000c3000000| PB 0x00000000c3000000| Untracked |  0
|    3|0x00000000c3100000, 0x00000000c3200000, 0x00000000c3200000|100%| O|  |TAMS 0x00000000c3100000| PB 0x00000000c3100000| Untracked |  0
|    4|0x00000000c3200000, 0x00000000c3300000, 0x00000000c3300000|100%| O|  |TAMS 0x00000000c3200000| PB 0x00000000c3200000| Untracked |  0
|    5|0x00000000c3300000, 0x00000000c3300000, 0x00000000c3400000|  0%| F|  |TAMS 0x00000000c3300000| PB 0x00000000c3300000| Untracked |  0
|    6|0x00000000c3400000, 0x00000000c3500000, 0x00000000c3500000|100%| O|  |TAMS 0x00000000c3400000| PB 0x00000000c3400000| Untracked |  0
|    7|0x00000000c3500000, 0x00000000c3600000, 0x00000000c3600000|100%| O|  |TAMS 0x00000000c3500000| PB 0x00000000c3500000| Untracked |  0
|    8|0x00000000c3600000, 0x00000000c3700000, 0x00000000c3700000|100%| O|  |TAMS 0x00000000c3600000| PB 0x00000000c3600000| Untracked |  0
|    9|0x00000000c3700000, 0x00000000c3800000, 0x00000000c3800000|100%|HS|  |TAMS 0x00000000c3700000| PB 0x00000000c3700000| Complete  |  0
|   10|0x00000000c3800000, 0x00000000c3900000, 0x00000000c3900000|100%|HC|  |TAMS 0x00000000c3800000| PB 0x00000000c3800000| Complete  |  0
|   11|0x00000000c3900000, 0x00000000c3a00000, 0x00000000c3a00000|100%|HC|  |TAMS 0x00000000c3900000| PB 0x00000000c3900000| Complete  |  0
|   12|0x00000000c3a00000, 0x00000000c3b00000, 0x00000000c3b00000|100%| O|  |TAMS 0x00000000c3a00000| PB 0x00000000c3a00000| Untracked |  0
|   13|0x00000000c3b00000, 0x00000000c3c00000, 0x00000000c3c00000|100%| O|  |TAMS 0x00000000c3b00000| PB 0x00000000c3b00000| Untracked |  0
|   14|0x00000000c3c00000, 0x00000000c3d00000, 0x00000000c3d00000|100%| S|CS|TAMS 0x00000000c3c00000| PB 0x00000000c3c00000| Complete  |  0
|   15|0x00000000c3d00000, 0x00000000c3d00000, 0x00000000c3e00000|  0%| F|  |TAMS 0x00000000c3d00000| PB 0x00000000c3d00000| Untracked |  0
|   16|0x00000000c3e00000, 0x00000000c3e00000, 0x00000000c3f00000|  0%| F|  |TAMS 0x00000000c3e00000| PB 0x00000000c3e00000| Untracked |  0
|   17|0x00000000c3f00000, 0x00000000c3f00000, 0x00000000c4000000|  0%| F|  |TAMS 0x00000000c3f00000| PB 0x00000000c3f00000| Untracked |  0
|   18|0x00000000c4000000, 0x00000000c4000000, 0x00000000c4100000|  0%| F|  |TAMS 0x00000000c4000000| PB 0x00000000c4000000| Untracked |  0
|   19|0x00000000c4100000, 0x00000000c4200000, 0x00000000c4200000|100%|HS|  |TAMS 0x00000000c4100000| PB 0x00000000c4100000| Complete  |  0
|   20|0x00000000c4200000, 0x00000000c4300000, 0x00000000c4300000|100%|HC|  |TAMS 0x00000000c4200000| PB 0x00000000c4200000| Complete  |  0
|   21|0x00000000c4300000, 0x00000000c4400000, 0x00000000c4400000|100%|HC|  |TAMS 0x00000000c4300000| PB 0x00000000c4300000| Complete  |  0
|   22|0x00000000c4400000, 0x00000000c4400000, 0x00000000c4500000|  0%| F|  |TAMS 0x00000000c4400000| PB 0x00000000c4400000| Untracked |  0
|   23|0x00000000c4500000, 0x00000000c4500000, 0x00000000c4600000|  0%| F|  |TAMS 0x00000000c4500000| PB 0x00000000c4500000| Untracked |  0
|  971|0x00000000ff900000, 0x00000000ff96f800, 0x00000000ffa00000| 43%| O|  |TAMS 0x00000000ff900000| PB 0x00000000ff900000| Untracked |  0
|  972|0x00000000ffa00000, 0x00000000ffb00000, 0x00000000ffb00000|100%| O|  |TAMS 0x00000000ffa00000| PB 0x00000000ffa00000| Untracked |  0
|  973|0x00000000ffb00000, 0x00000000ffc00000, 0x00000000ffc00000|100%| O|  |TAMS 0x00000000ffb00000| PB 0x00000000ffb00000| Untracked |  0
|  974|0x00000000ffc00000, 0x00000000ffd00000, 0x00000000ffd00000|100%| O|  |TAMS 0x00000000ffc00000| PB 0x00000000ffc00000| Untracked |  0
|  975|0x00000000ffd00000, 0x00000000ffe00000, 0x00000000ffe00000|100%| O|  |TAMS 0x00000000ffd00000| PB 0x00000000ffd00000| Untracked |  0
|  976|0x00000000ffe00000, 0x00000000fff00000, 0x00000000fff00000|100%| O|  |TAMS 0x00000000ffe00000| PB 0x00000000ffe00000| Untracked |  0
|  977|0x00000000fff00000, 0x00000000fff825a8, 0x0000000100000000| 50%| E|CS|TAMS 0x00000000fff00000| PB 0x00000000fff00000| Complete  |  0

Card table byte_map: [0x0000021378470000,0x0000021378660000] _byte_map_base: 0x0000021377e59000
Refinement table byte_map: [0x000002136f580000,0x000002136f770000] _byte_map_base: 0x000002136ef69000

Marking Bits: (CMBitMap*) 0x000002136f7fca60
 Bits: [0x0000021378660000, 0x00000213795a8000)

Polling page: 0x000002136d5d0000

Metaspace:
Metaspace        used 22011K, committed 22336K, reserved 1114112K
 class space     used 2748K, committed 2880K, reserved 1048576K

Usage:
  Non-class:     18.81 MB used.
      Class:      2.68 MB used.
       Both:     21.50 MB used.

Virtual space:
  Non-class space:       64.00 MB reserved,      19.00 MB ( 30%) committed,  1 nodes.
      Class space:        1.00 GB reserved,       2.81 MB ( <1%) committed,  1 nodes.
             Both:        1.06 GB reserved,      21.81 MB (  2%) committed. 

Chunk freelists:
   Non-Class:  12.95 MB
       Class:  13.09 MB
        Both:  26.05 MB

MaxMetaspaceSize: unlimited
CompressedClassSpaceSize: 1.00 GB
Initial GC threshold: 21.00 MB
Current GC threshold: 31.19 MB
CDS: on
 - commit_granule_bytes: 65536.
 - commit_granule_words: 8192.
 - virtual_space_node_default_size: 8388608.
 - enlarge_chunks_in_place: 1.
UseCompressedClassPointers 1, UseCompactObjectHeaders 0
Narrow klass pointer bits 32, Max shift 3
Narrow klass base: 0x0000000022000000, Narrow klass shift: 0
Encoding Range: [0x0000000022000000 - 0x0000000122000000), (4294967296 bytes)
Klass Range:    [0x0000000022000000 - 0x0000000063000000), (1090519040 bytes)
Klass ID Range:  [8 - 1090519033) (1090519025)
Protection zone: [0x0000000022000000 - 0x0000000022010000), (65536 bytes)


Internal statistics:

num_allocs_failed_limit: 0.
num_arena_births: 164.
num_arena_deaths: 0.
num_vsnodes_births: 2.
num_vsnodes_deaths: 0.
num_space_committed: 349.
num_space_uncommitted: 0.
num_chunks_returned_to_freelist: 0.
num_chunks_taken_from_freelist: 984.
num_chunk_merges: 0.
num_chunk_splits: 670.
num_chunks_enlarged: 515.
num_inconsistent_stats: 0.

CodeHeap 'non-profiled nmethods': size=120064Kb used=1243Kb max_used=1261Kb free=118821Kb
 bounds [0x0000021307ad0000, 0x0000021307d40000, 0x000002130f010000]
CodeHeap 'profiled nmethods': size=120064Kb used=6467Kb max_used=6467Kb free=113596Kb
 bounds [0x0000021300000000, 0x0000021300660000, 0x0000021307540000]
CodeHeap 'non-nmethods': size=5696Kb used=1422Kb max_used=1449Kb free=4273Kb
 bounds [0x0000021307540000, 0x00000213077b0000, 0x0000021307ad0000]
CodeCache: size=245824Kb, used=9132Kb, max_used=9177Kb, free=236690Kb
 total_blobs=4668, nmethods=4128, adapters=443, full_count=0
Compilation: enabled, stopped_count=0, restarted_count=0

Compilation events (20 events):
Event: 10.945 Thread 0x000002137b93f680 nmethod 4289 0x0000021300646808 code [0x0000021300646900, 0x0000021300646a20]
Event: 10.945 Thread 0x000002137b93f680 4290       2       java.lang.invoke.InnerClassLambdaMetafactory::sanitizedTargetClassName (30 bytes)
Event: 10.946 Thread 0x000002137b93f680 nmethod 4290 0x0000021300646b08 code [0x0000021300646c00, 0x0000021300646dc0]
Event: 10.949 Thread 0x000002137b93f680 4291       2       java.lang.invoke.BootstrapMethodInvoker::isLambdaMetafactoryIndyBSM (13 bytes)
Event: 10.949 Thread 0x000002137b93f680 nmethod 4291 0x0000021300646e08 code [0x0000021300646f00, 0x0000021300646ff0]
Event: 10.949 Thread 0x000002137b93f680 4292       2       java.lang.invoke.MethodHandles$Lookup::hasFullPrivilegeAccess (18 bytes)
Event: 10.949 Thread 0x000002137b93f680 nmethod 4292 0x0000021300647108 code [0x0000021300647200, 0x0000021300647308]
Event: 10.971 Thread 0x000002137b93f680 4295   !   2       jdk.internal.jimage.ImageReader$SharedImageReader::findResourceNode (170 bytes)
Event: 10.972 Thread 0x000002137b93f680 nmethod 4295 0x0000021300647408 code [0x0000021300647500, 0x0000021300647f08]
Event: 10.973 Thread 0x000002137b93f680 4296       2       java.nio.MappedByteBuffer::<init> (24 bytes)
Event: 10.973 Thread 0x000002137b93f680 nmethod 4296 0x0000021300647f88 code [0x0000021300648080, 0x0000021300648210]
Event: 10.974 Thread 0x000002137b93f680 4297       2       java.nio.DirectByteBufferR::slice (74 bytes)
Event: 10.974 Thread 0x000002137b93f680 nmethod 4297 0x0000021300648288 code [0x0000021300648380, 0x0000021300648570]
Event: 10.974 Thread 0x000002137b93f680 4298       2       java.security.SecureClassLoader::defineClass (12 bytes)
Event: 10.974 Thread 0x000002137b93f680 nmethod 4298 0x0000021300648588 code [0x0000021300648680, 0x00000213006487d8]
Event: 10.976 Thread 0x000002137b93f680 4299   !   2       jdk.internal.jimage.BasicImageReader::readBuffer (238 bytes)
Event: 10.976 Thread 0x000002137b93f680 nmethod 4299 0x0000021300648888 code [0x0000021300648980, 0x0000021300649038]
Event: 10.976 Thread 0x000002137b93f680 4300       2       jdk.internal.jimage.ImageReader::getResourceBuffer (50 bytes)
Event: 11.060 Thread 0x000002137b93f680 nmethod 4300 0x0000021300649088 code [0x0000021300649180, 0x00000213006496c0]
Event: 11.060 Thread 0x000002137b93f680 4301   !   2       java.lang.ClassLoader::defineClass (81 bytes)

GC Heap Usage History (20 events):
Event: 6.030 {heap Before GC invocations=15 (full 0):
 garbage-first heap   total reserved 1001472K, committed 19456K, used 14992K [0x00000000c2e00000, 0x0000000100000000)
  region size 1M, 9 eden (9M), 2 survivor (2M), 4 old (4M), 0 humongous (0M), 4 free (4M)
}
Event: 6.035 {heap After GC invocations=16 (full 0):
 garbage-first heap   total reserved 1001472K, committed 19456K, used 6813K [0x00000000c2e00000, 0x0000000100000000)
  region size 1M, 0 eden (0M), 2 survivor (2M), 5 old (5M), 0 humongous (0M), 12 free (12M)
}
Event: 6.903 {heap Before GC invocations=16 (full 0):
 garbage-first heap   total reserved 1001472K, committed 19456K, used 16029K [0x00000000c2e00000, 0x0000000100000000)
  region size 1M, 9 eden (9M), 2 survivor (2M), 5 old (5M), 0 humongous (0M), 3 free (3M)
}
Event: 6.910 {heap After GC invocations=17 (full 0):
 garbage-first heap   total reserved 1001472K, committed 19456K, used 7557K [0x00000000c2e00000, 0x0000000100000000)
  region size 1M, 0 eden (0M), 2 survivor (2M), 6 old (6M), 0 humongous (0M), 11 free (11M)
}
Event: 8.506 {heap Before GC invocations=17 (full 0):
 garbage-first heap   total reserved 1001472K, committed 19456K, used 15749K [0x00000000c2e00000, 0x0000000100000000)
  region size 1M, 8 eden (8M), 2 survivor (2M), 6 old (6M), 0 humongous (0M), 3 free (3M)
}
Event: 8.512 {heap After GC invocations=18 (full 0):
 garbage-first heap   total reserved 1001472K, committed 19456K, used 8607K [0x00000000c2e00000, 0x0000000100000000)
  region size 1M, 0 eden (0M), 2 survivor (2M), 7 old (7M), 0 humongous (0M), 10 free (10M)
}
Event: 9.068 {heap Before GC invocations=18 (full 0):
 garbage-first heap   total reserved 1001472K, committed 19456K, used 15775K [0x00000000c2e00000, 0x0000000100000000)
  region size 1M, 7 eden (7M), 2 survivor (2M), 7 old (7M), 0 humongous (0M), 3 free (3M)
}
Event: 9.075 {heap After GC invocations=19 (full 0):
 garbage-first heap   total reserved 1001472K, committed 19456K, used 9341K [0x00000000c2e00000, 0x0000000100000000)
  region size 1M, 0 eden (0M), 2 survivor (2M), 8 old (8M), 0 humongous (0M), 9 free (9M)
}
Event: 9.452 {heap Before GC invocations=19 (full 0):
 garbage-first heap   total reserved 1001472K, committed 19456K, used 15485K [0x00000000c2e00000, 0x0000000100000000)
  region size 1M, 7 eden (7M), 2 survivor (2M), 8 old (8M), 0 humongous (0M), 2 free (2M)
}
Event: 9.460 {heap After GC invocations=20 (full 0):
 garbage-first heap   total reserved 1001472K, committed 20480K, used 9991K [0x00000000c2e00000, 0x0000000100000000)
  region size 1M, 0 eden (0M), 2 survivor (2M), 9 old (9M), 0 humongous (0M), 9 free (9M)
}
Event: 9.799 {heap Before GC invocations=20 (full 0):
 garbage-first heap   total reserved 1001472K, committed 20480K, used 17159K [0x00000000c2e00000, 0x0000000100000000)
  region size 1M, 7 eden (7M), 2 survivor (2M), 9 old (9M), 0 humongous (0M), 2 free (2M)
}
Event: 9.802 {heap After GC invocations=21 (full 0):
 garbage-first heap   total reserved 1001472K, committed 21504K, used 10449K [0x00000000c2e00000, 0x0000000100000000)
  region size 1M, 0 eden (0M), 2 survivor (2M), 10 old (10M), 0 humongous (0M), 9 free (9M)
}
Event: 10.056 {heap Before GC invocations=21 (full 0):
 garbage-first heap   total reserved 1001472K, committed 21504K, used 17617K [0x00000000c2e00000, 0x0000000100000000)
  region size 1M, 7 eden (7M), 2 survivor (2M), 10 old (10M), 0 humongous (0M), 2 free (2M)
}
Event: 10.059 {heap After GC invocations=22 (full 0):
 garbage-first heap   total reserved 1001472K, committed 21504K, used 11348K [0x00000000c2e00000, 0x0000000100000000)
  region size 1M, 0 eden (0M), 2 survivor (2M), 10 old (10M), 0 humongous (0M), 9 free (9M)
}
Event: 10.351 {heap Before GC invocations=22 (full 0):
 garbage-first heap   total reserved 1001472K, committed 21504K, used 18516K [0x00000000c2e00000, 0x0000000100000000)
  region size 1M, 7 eden (7M), 2 survivor (2M), 10 old (10M), 0 humongous (0M), 2 free (2M)
}
Event: 10.355 {heap After GC invocations=23 (full 0):
 garbage-first heap   total reserved 1001472K, committed 22528K, used 11626K [0x00000000c2e00000, 0x0000000100000000)
  region size 1M, 0 eden (0M), 2 survivor (2M), 11 old (11M), 0 humongous (0M), 9 free (9M)
}
Event: 10.640 {heap Before GC invocations=23 (full 0):
 garbage-first heap   total reserved 1001472K, committed 22528K, used 13674K [0x00000000c2e00000, 0x0000000100000000)
  region size 1M, 3 eden (3M), 2 survivor (2M), 11 old (11M), 0 humongous (0M), 6 free (6M)
}
Event: 10.644 {heap After GC invocations=24 (full 0):
 garbage-first heap   total reserved 1001472K, committed 22528K, used 11988K [0x00000000c2e00000, 0x0000000100000000)
  region size 1M, 0 eden (0M), 1 survivor (1M), 11 old (11M), 0 humongous (0M), 10 free (10M)
}
Event: 10.836 {heap Before GC invocations=25 (full 0):
 garbage-first heap   total reserved 1001472K, committed 25600K, used 25300K [0x00000000c2e00000, 0x0000000100000000)
  region size 1M, 7 eden (7M), 1 survivor (1M), 11 old (11M), 6 humongous (6M), 0 free (0M)
}
Event: 10.841 {heap After GC invocations=26 (full 0):
 garbage-first heap   total reserved 1001472K, committed 28672K, used 19896K [0x00000000c2e00000, 0x0000000100000000)
  region size 1M, 0 eden (0M), 2 survivor (2M), 12 old (12M), 6 humongous (6M), 8 free (8M)
}

Metaspace Usage History (20 events):
Event: 6.030 {metaspace Before GC invocations=15 (full 0):
 Metaspace       used 10723K, committed 10880K, reserved 1114112K
  class space    used 1345K, committed 1408K, reserved 1048576K
}
Event: 6.035 {metaspace After GC invocations=16 (full 0):
 Metaspace       used 10723K, committed 10880K, reserved 1114112K
  class space    used 1345K, committed 1408K, reserved 1048576K
}
Event: 6.903 {metaspace Before GC invocations=16 (full 0):
 Metaspace       used 12288K, committed 12480K, reserved 1114112K
  class space    used 1572K, committed 1664K, reserved 1048576K
}
Event: 6.910 {metaspace After GC invocations=17 (full 0):
 Metaspace       used 12288K, committed 12480K, reserved 1114112K
  class space    used 1572K, committed 1664K, reserved 1048576K
}
Event: 8.506 {metaspace Before GC invocations=17 (full 0):
 Metaspace       used 14157K, committed 14464K, reserved 1114112K
  class space    used 1784K, committed 1920K, reserved 1048576K
}
Event: 8.512 {metaspace After GC invocations=18 (full 0):
 Metaspace       used 14157K, committed 14464K, reserved 1114112K
  class space    used 1784K, committed 1920K, reserved 1048576K
}
Event: 9.068 {metaspace Before GC invocations=18 (full 0):
 Metaspace       used 14933K, committed 15168K, reserved 1114112K
  class space    used 1874K, committed 1984K, reserved 1048576K
}
Event: 9.075 {metaspace After GC invocations=19 (full 0):
 Metaspace       used 14933K, committed 15168K, reserved 1114112K
  class space    used 1874K, committed 1984K, reserved 1048576K
}
Event: 9.452 {metaspace Before GC invocations=19 (full 0):
 Metaspace       used 15250K, committed 15488K, reserved 1114112K
  class space    used 1904K, committed 1984K, reserved 1048576K
}
Event: 9.460 {metaspace After GC invocations=20 (full 0):
 Metaspace       used 15250K, committed 15488K, reserved 1114112K
  class space    used 1904K, committed 1984K, reserved 1048576K
}
Event: 9.799 {metaspace Before GC invocations=20 (full 0):
 Metaspace       used 15758K, committed 16000K, reserved 1114112K
  class space    used 1964K, committed 2048K, reserved 1048576K
}
Event: 9.802 {metaspace After GC invocations=21 (full 0):
 Metaspace       used 15758K, committed 16000K, reserved 1114112K
  class space    used 1964K, committed 2048K, reserved 1048576K
}
Event: 10.056 {metaspace Before GC invocations=21 (full 0):
 Metaspace       used 16282K, committed 16576K, reserved 1114112K
  class space    used 2020K, committed 2176K, reserved 1048576K
}
Event: 10.059 {metaspace After GC invocations=22 (full 0):
 Metaspace       used 16282K, committed 16576K, reserved 1114112K
  class space    used 2020K, committed 2176K, reserved 1048576K
}
Event: 10.351 {metaspace Before GC invocations=22 (full 0):
 Metaspace       used 16946K, committed 17280K, reserved 1114112K
  class space    used 2075K, committed 2240K, reserved 1048576K
}
Event: 10.355 {metaspace After GC invocations=23 (full 0):
 Metaspace       used 16946K, committed 17280K, reserved 1114112K
  class space    used 2075K, committed 2240K, reserved 1048576K
}
Event: 10.640 {metaspace Before GC invocations=23 (full 0):
 Metaspace       used 18859K, committed 19136K, reserved 1114112K
  class space    used 2327K, committed 2432K, reserved 1048576K
}
Event: 10.644 {metaspace After GC invocations=24 (full 0):
 Metaspace       used 18859K, committed 19136K, reserved 1114112K
  class space    used 2327K, committed 2432K, reserved 1048576K
}
Event: 10.836 {metaspace Before GC invocations=25 (full 0):
 Metaspace       used 18960K, committed 19200K, reserved 1114112K
  class space    used 2338K, committed 2432K, reserved 1048576K
}
Event: 10.841 {metaspace After GC invocations=26 (full 0):
 Metaspace       used 18960K, committed 19200K, reserved 1114112K
  class space    used 2338K, committed 2432K, reserved 1048576K
}

Dll operation events (14 events):
Event: 0.026 Attempting to load shared library C:\Program Files\Java\jdk-26.0.1\bin\java.dll
Event: 0.030 Loaded shared library C:\Program Files\Java\jdk-26.0.1\bin\java.dll
Event: 0.165 Attempting to load shared library C:\Program Files\Java\jdk-26.0.1\bin\net.dll
Event: 0.168 Loaded shared library C:\Program Files\Java\jdk-26.0.1\bin\net.dll
Event: 0.177 Attempting to load shared library C:\Program Files\Java\jdk-26.0.1\bin\nio.dll
Event: 0.183 Loaded shared library C:\Program Files\Java\jdk-26.0.1\bin\nio.dll
Event: 0.195 Attempting to load shared library C:\Program Files\Java\jdk-26.0.1\bin\zip.dll
Event: 0.200 Loaded shared library C:\Program Files\Java\jdk-26.0.1\bin\zip.dll
Event: 1.544 Attempting to load shared library C:\Users\gondi\OneDrive\Documentos\Modelos Personalizados do Office\netbeans\java\maven\lib\jansi-native\Windows\x86_64\jansi.dll
Event: 1.548 Loaded shared library C:\Users\gondi\OneDrive\Documentos\Modelos Personalizados do Office\netbeans\java\maven\lib\jansi-native\Windows\x86_64\jansi.dll
Event: 2.530 Attempting to load shared library C:\Program Files\Java\jdk-26.0.1\bin\verify.dll
Event: 2.534 Loaded shared library C:\Program Files\Java\jdk-26.0.1\bin\verify.dll
Event: 2.541 Attempting to load shared library C:\Program Files\Java\jdk-26.0.1\bin\jimage.dll
Event: 2.541 Loaded shared library C:\Program Files\Java\jdk-26.0.1\bin\jimage.dll

Deoptimization events (20 events):
Event: 10.760 Thread 0x000002136d490d60 DEOPT PACKING pc=0x00000213001d0075 sp=0x000000943f1fccc0
Event: 10.760 Thread 0x000002136d490d60 DEOPT UNPACKING pc=0x0000021307591363 sp=0x000000943f1fc140 mode 0
Event: 10.761 Thread 0x000002136d490d60 DEOPT PACKING pc=0x0000021300120aa6 sp=0x000000943f1fccd0
Event: 10.761 Thread 0x000002136d490d60 DEOPT UNPACKING pc=0x0000021307591363 sp=0x000000943f1fc158 mode 0
Event: 10.773 Thread 0x000002136d490d60 Uncommon trap: trap_request=0xffffff45 fr.pc=0x0000021307bfedd4 relative=0x0000000000000154
Event: 10.773 Thread 0x000002136d490d60 Uncommon trap: reason=unstable_if action=reinterpret pc=0x0000021307bfedd4 method=java.util.HashMap.getNode(Ljava/lang/Object;)Ljava/util/HashMap$Node; @ 131 c2
Event: 10.774 Thread 0x000002136d490d60 DEOPT PACKING pc=0x0000021307bfedd4 sp=0x000000943f1fccc0
Event: 10.774 Thread 0x000002136d490d60 DEOPT UNPACKING pc=0x00000213075cb9fc sp=0x000000943f1fcc30 mode 2
Event: 10.774 Thread 0x000002136d490d60 Uncommon trap: trap_request=0xffffffc6 fr.pc=0x0000021307bd3ed4 relative=0x0000000000000654
Event: 10.774 Thread 0x000002136d490d60 Uncommon trap: reason=bimorphic_or_optimized_type_check action=maybe_recompile pc=0x0000021307bd3ed4 method=java.util.HashMap.putVal(ILjava/lang/Object;Ljava/lang/Object;ZZ)Ljava/lang/Object; @ 203 c2
Event: 10.774 Thread 0x000002136d490d60 DEOPT PACKING pc=0x0000021307bd3ed4 sp=0x000000943f1fcca0
Event: 10.774 Thread 0x000002136d490d60 DEOPT UNPACKING pc=0x00000213075cb9fc sp=0x000000943f1fcb90 mode 2
Event: 10.784 Thread 0x000002136d490d60 Uncommon trap: trap_request=0xffffffc6 fr.pc=0x0000021307b991d4 relative=0x00000000000001d4
Event: 10.784 Thread 0x000002136d490d60 Uncommon trap: reason=bimorphic_or_optimized_type_check action=maybe_recompile pc=0x0000021307b991d4 method=jdk.internal.classfile.impl.AbstractPoolEntry.maybeClone(Ljava/lang/classfile/constantpool/ConstantPoolBuilder;Ljava/lang/classfile/constantpool/Po
Event: 10.784 Thread 0x000002136d490d60 DEOPT PACKING pc=0x0000021307b991d4 sp=0x000000943f1fb8e0
Event: 10.784 Thread 0x000002136d490d60 DEOPT UNPACKING pc=0x00000213075cb9fc sp=0x000000943f1fb818 mode 2
Event: 10.880 Thread 0x000002136d490d60 Uncommon trap: trap_request=0xffffffc6 fr.pc=0x0000021307bd3ed4 relative=0x0000000000000654
Event: 10.881 Thread 0x000002136d490d60 Uncommon trap: reason=bimorphic_or_optimized_type_check action=maybe_recompile pc=0x0000021307bd3ed4 method=java.util.HashMap.putVal(ILjava/lang/Object;Ljava/lang/Object;ZZ)Ljava/lang/Object; @ 203 c2
Event: 10.881 Thread 0x000002136d490d60 DEOPT PACKING pc=0x0000021307bd3ed4 sp=0x000000943f1fdaf0
Event: 10.881 Thread 0x000002136d490d60 DEOPT UNPACKING pc=0x00000213075cb9fc sp=0x000000943f1fd9e0 mode 2

Classes loaded (20 events):
Event: 10.634 Loading class java/nio/file/NotDirectoryException
Event: 10.634 Loading class java/nio/file/NotDirectoryException done
Event: 10.634 Loading class java/nio/file/ReadOnlyFileSystemException
Event: 10.634 Loading class java/nio/file/ReadOnlyFileSystemException done
Event: 10.634 Loading class java/nio/file/DirectoryNotEmptyException
Event: 10.635 Loading class java/nio/file/DirectoryNotEmptyException done
Event: 10.782 Loading class java/nio/file/attribute/PosixFileAttributeView
Event: 10.782 Loading class java/nio/file/attribute/FileOwnerAttributeView
Event: 10.783 Loading class java/nio/file/attribute/FileOwnerAttributeView done
Event: 10.783 Loading class java/nio/file/attribute/PosixFileAttributeView done
Event: 10.787 Loading class java/nio/file/ClosedDirectoryStreamException
Event: 10.787 Loading class java/nio/file/ClosedDirectoryStreamException done
Event: 10.787 Loading class java/nio/file/DirectoryIteratorException
Event: 10.787 Loading class java/nio/file/DirectoryIteratorException done
Event: 10.801 Loading class java/util/TreeMap$KeySpliterator
Event: 10.801 Loading class java/util/TreeMap$TreeMapSpliterator
Event: 10.801 Loading class java/util/TreeMap$TreeMapSpliterator done
Event: 10.801 Loading class java/util/TreeMap$KeySpliterator done
Event: 10.909 Loading class java/util/regex/PatternSyntaxException
Event: 10.910 Loading class java/util/regex/PatternSyntaxException done

Classes unloaded (0 events):
No events

Classes redefined (0 events):
No events

Internal exceptions (20 events):
Event: 7.867 Thread 0x000002136d490d60 Exception <a 'java/lang/NoSuchMethodError'{0x00000000c3d3e1a0}: 'java.lang.Object java.lang.invoke.DirectMethodHandle$Holder.invokeStaticInit(java.lang.Object, int, int, int, int)'> (0x00000000c3d3e1a0) 
thrown [s\open\src\hotspot\share\interpreter\linkResolver.cpp, line 804]
Event: 7.874 Thread 0x000002136d490d60 Exception <a 'java/lang/NoSuchMethodError'{0x00000000c3d4ff58}: 'void java.lang.invoke.DirectMethodHandle$Holder.invokeStatic(java.lang.Object, java.lang.Object, java.lang.Object, java.lang.Object)'> (0x00000000c3d4ff58) 
thrown [s\open\src\hotspot\share\interpreter\linkResolver.cpp, line 804]
Event: 8.316 Thread 0x000002136d490d60 Exception <a 'java/lang/NoSuchMethodError'{0x00000000c3ae66d8}: 'java.lang.Object java.lang.invoke.DirectMethodHandle$Holder.invokeVirtual(java.lang.Object, java.lang.Object, java.lang.Object)'> (0x00000000c3ae66d8) 
thrown [s\open\src\hotspot\share\interpreter\linkResolver.cpp, line 804]
Event: 8.322 Thread 0x000002136d490d60 Exception <a 'java/lang/NoSuchMethodError'{0x00000000c390d168}: 'void java.lang.invoke.DirectMethodHandle$Holder.invokeSpecial(java.lang.Object, java.lang.Object, java.lang.Object, java.lang.Object, java.lang.Object, java.lang.Object)'> (0x00000000c390d168) 
thrown [s\open\src\hotspot\share\interpreter\linkResolver.cpp, line 804]
Event: 8.476 Thread 0x000002136d490d60 Exception <a 'java/lang/NoSuchMethodError'{0x00000000c38cb7d0}: 'void java.lang.invoke.DirectMethodHandle$Holder.invokeVirtual(java.lang.Object, java.lang.Object, int)'> (0x00000000c38cb7d0) 
thrown [s\open\src\hotspot\share\interpreter\linkResolver.cpp, line 804]
Event: 8.499 Thread 0x000002136d490d60 Exception <a 'java/lang/NoSuchMethodError'{0x00000000c38e4000}: 'java.lang.Object java.lang.invoke.DirectMethodHandle$Holder.invokeStatic(java.lang.Object, java.lang.Object, java.lang.Object, java.lang.Object, int)'> (0x00000000c38e4000) 
thrown [s\open\src\hotspot\share\interpreter\linkResolver.cpp, line 804]
Event: 8.506 Thread 0x000002136d490d60 Exception <a 'java/lang/NoSuchMethodError'{0x00000000c38f5980}: 'void java.lang.invoke.DirectMethodHandle$Holder.invokeSpecial(java.lang.Object, java.lang.Object, java.lang.Object, int)'> (0x00000000c38f5980) 
thrown [s\open\src\hotspot\share\interpreter\linkResolver.cpp, line 804]
Event: 8.506 Thread 0x000002136d490d60 Exception <a 'java/lang/NoSuchMethodError'{0x00000000c38fdd18}: 'void java.lang.invoke.DelegatingMethodHandle$Holder.reinvoke_L(java.lang.Object, java.lang.Object, int)'> (0x00000000c38fdd18) 
thrown [s\open\src\hotspot\share\interpreter\linkResolver.cpp, line 804]
Event: 9.217 Thread 0x000002136d490d60 Implicit null exception at 0x0000021307b5dcc8 to 0x0000021307b5dea0
Event: 9.217 Thread 0x000002136d490d60 Implicit null exception at 0x0000021307bb1363 to 0x0000021307bb1fbc
Event: 9.217 Thread 0x000002136d490d60 Implicit null exception at 0x0000021307b682c8 to 0x0000021307b6849c
Event: 9.217 Thread 0x000002136d490d60 Implicit null exception at 0x0000021307b7b7b6 to 0x0000021307b7b852
Event: 9.244 Thread 0x000002136d490d60 Exception <a 'java/lang/NoSuchMethodError'{0x00000000c3c51210}: 'java.lang.Object java.lang.invoke.DirectMethodHandle$Holder.newInvokeSpecial(java.lang.Object, java.lang.Object, java.lang.Object, java.lang.Object, java.lang.Object, java.lang.Object, java.lang.Object)'> (0x00000000c3c51210) 
thrown [s\open\src\hotspot\share\interpreter\linkResolver.cpp, line 804]
Event: 9.786 Thread 0x000002136d490d60 Exception <a 'java/lang/NoSuchMethodError'{0x00000000c3997c50}: 'int java.lang.invoke.DirectMethodHandle$Holder.invokeVirtual(java.lang.Object, java.lang.Object)'> (0x00000000c3997c50) 
thrown [s\open\src\hotspot\share\interpreter\linkResolver.cpp, line 804]
Event: 10.412 Thread 0x000002136d490d60 Exception <a 'java/lang/IncompatibleClassChangeError'{0x00000000fffa11c8}: Found class java.lang.Object, but interface was expected> (0x00000000fffa11c8) 
thrown [s\open\src\hotspot\share\interpreter\linkResolver.cpp, line 871]
Event: 10.415 Thread 0x000002136d490d60 Exception <a 'java/lang/NoSuchMethodError'{0x00000000fffb0760}: 'void java.lang.invoke.DirectMethodHandle$Holder.invokeInterface(java.lang.Object, java.lang.Object, java.lang.Object)'> (0x00000000fffb0760) 
thrown [s\open\src\hotspot\share\interpreter\linkResolver.cpp, line 804]
Event: 10.420 Thread 0x000002136d490d60 Exception <a 'sun/nio/fs/WindowsException'{0x00000000fffbfe50}> (0x00000000fffbfe50) 
thrown [s\open\src\hotspot\share\prims\jni.cpp, line 514]
Event: 10.596 Thread 0x000002136d490d60 Exception <a 'java/lang/NoSuchMethodError'{0x00000000c3f615b0}: 'int java.lang.invoke.DirectMethodHandle$Holder.invokeInterface(java.lang.Object, java.lang.Object)'> (0x00000000c3f615b0) 
thrown [s\open\src\hotspot\share\interpreter\linkResolver.cpp, line 804]
Event: 10.607 Thread 0x000002136d490d60 Exception <a 'java/lang/NoSuchMethodError'{0x00000000c3fb6948}: 'int java.lang.invoke.DirectMethodHandle$Holder.invokeVirtual(java.lang.Object, java.lang.Object, java.lang.Object)'> (0x00000000c3fb6948) 
thrown [s\open\src\hotspot\share\interpreter\linkResolver.cpp, line 804]
Event: 10.948 Thread 0x000002136d490d60 Exception <a 'sun/nio/fs/WindowsException'{0x00000000c3ee4988}> (0x00000000c3ee4988) 
thrown [s\open\src\hotspot\share\prims\jni.cpp, line 514]

VM Operations (20 events):
Event: 10.351 Executing safepoint VM operation: G1CollectForAllocation (G1 Evacuation Pause)
Event: 10.356 Executing safepoint VM operation: G1CollectForAllocation (G1 Evacuation Pause) done
Event: 10.511 Executing non-safepoint VM operation: HandshakeAllThreads (Deoptimize)
Event: 10.511 Executing non-safepoint VM operation: HandshakeAllThreads (Deoptimize) done
Event: 10.594 Executing non-safepoint VM operation: HandshakeAllThreads (Deoptimize)
Event: 10.594 Executing non-safepoint VM operation: HandshakeAllThreads (Deoptimize) done
Event: 10.629 Executing non-safepoint VM operation: HandshakeAllThreads (Deoptimize)
Event: 10.629 Executing non-safepoint VM operation: HandshakeAllThreads (Deoptimize) done
Event: 10.640 Executing safepoint VM operation: G1TryInitiateConcMark (G1 Humongous Allocation)
Event: 10.644 Executing safepoint VM operation: G1TryInitiateConcMark (G1 Humongous Allocation) done
Event: 10.667 Executing safepoint VM operation: G1PauseRemark
Event: 10.677 Executing safepoint VM operation: G1PauseRemark done
Event: 10.686 Executing safepoint VM operation: G1PauseCleanup
Event: 10.686 Executing safepoint VM operation: G1PauseCleanup done
Event: 10.780 Executing non-safepoint VM operation: HandshakeAllThreads (Deoptimize)
Event: 10.780 Executing non-safepoint VM operation: HandshakeAllThreads (Deoptimize) done
Event: 10.781 Executing non-safepoint VM operation: HandshakeAllThreads (Deoptimize)
Event: 10.781 Executing non-safepoint VM operation: HandshakeAllThreads (Deoptimize) done
Event: 10.836 Executing safepoint VM operation: G1CollectForAllocation (G1 Evacuation Pause)
Event: 10.841 Executing safepoint VM operation: G1CollectForAllocation (G1 Evacuation Pause) done

Memory protections (0 events):
No events

Nmethod flushes (20 events):
Event: 10.676 Thread 0x000002136f8837d0 flushing  nmethod 0x00000213001bb988
Event: 10.676 Thread 0x000002136f8837d0 flushing  nmethod 0x00000213001c2188
Event: 10.676 Thread 0x000002136f8837d0 flushing  nmethod 0x00000213001c2e88
Event: 10.676 Thread 0x000002136f8837d0 flushing  nmethod 0x00000213001c3208
Event: 10.676 Thread 0x000002136f8837d0 flushing  nmethod 0x00000213001c3808
Event: 10.676 Thread 0x000002136f8837d0 flushing  nmethod 0x00000213001c4808
Event: 10.676 Thread 0x000002136f8837d0 flushing  nmethod 0x00000213001c4b88
Event: 10.676 Thread 0x000002136f8837d0 flushing  nmethod 0x00000213001c5c88
Event: 10.676 Thread 0x000002136f8837d0 flushing  nmethod 0x00000213001c5f88
Event: 10.676 Thread 0x000002136f8837d0 flushing  nmethod 0x00000213001cdc88
Event: 10.676 Thread 0x000002136f8837d0 flushing  nmethod 0x00000213001d2c08
Event: 10.676 Thread 0x000002136f8837d0 flushing  nmethod 0x0000021307b24a88
Event: 10.676 Thread 0x000002136f8837d0 flushing  nmethod 0x0000021307b27988
Event: 10.676 Thread 0x000002136f8837d0 flushing  nmethod 0x0000021300008408
Event: 10.676 Thread 0x000002136f8837d0 flushing  nmethod 0x000002130003f888
Event: 10.676 Thread 0x000002136f8837d0 flushing  nmethod 0x000002130009bc88
Event: 10.676 Thread 0x000002136f8837d0 flushing  nmethod 0x00000213000b6108
Event: 10.676 Thread 0x000002136f8837d0 flushing  nmethod 0x00000213000b7588
Event: 10.676 Thread 0x000002136f8837d0 flushing  nmethod 0x0000021300120888
Event: 10.676 Thread 0x000002136f8837d0 flushing  nmethod 0x00000213001b4588

Events (13 events):
Event: 0.063 Thread 0x000002136d490d60 Thread added: 0x000002136d490d60
Event: 0.089 Thread 0x000002136d490d60 Thread added: 0x000002137b8b2cd0
Event: 0.089 Thread 0x000002136d490d60 Thread added: 0x000002137b8b4970
Event: 0.090 Thread 0x000002136d490d60 Thread added: 0x000002137b8ba390
Event: 0.090 Thread 0x000002136d490d60 Thread added: 0x000002137b8baf40
Event: 0.090 Thread 0x000002136d490d60 Thread added: 0x000002137b8bbaf0
Event: 0.090 Thread 0x000002136d490d60 Thread added: 0x000002137b8bd6b0
Event: 0.090 Thread 0x000002136d490d60 Thread added: 0x000002137b8c25b0
Event: 0.101 Thread 0x000002136d490d60 Thread added: 0x000002137b93f680
Event: 0.146 Thread 0x000002136d490d60 Thread added: 0x000002130f0564e0
Event: 0.158 Thread 0x000002136d490d60 Thread added: 0x000002130f05a100
Event: 1.529 Thread 0x000002136d490d60 Thread added: 0x000002130f5fb6c0
Event: 2.657 Thread 0x000002130f5fb6c0 Thread exited: 0x000002130f5fb6c0


Dynamic libraries:
0x00007ff7fed50000 - 0x00007ff7fed60000 	C:\Program Files\Java\jdk-26.0.1\bin\java.exe
0x00007ffebc980000 - 0x00007ffebcbe7000 	C:\Windows\SYSTEM32\ntdll.dll
0x00007ffeba710000 - 0x00007ffeba7d9000 	C:\Windows\System32\KERNEL32.DLL
0x00007ffeba250000 - 0x00007ffeba644000 	C:\Windows\System32\KERNELBASE.dll
0x00007ffeb9250000 - 0x00007ffeb939b000 	C:\Windows\System32\ucrtbase.dll
0x00007ffe9c530000 - 0x00007ffe9c547000 	C:\Program Files\Java\jdk-26.0.1\bin\jli.dll
0x00007ffebb680000 - 0x00007ffebb845000 	C:\Windows\System32\USER32.dll
0x00007ffeb93a0000 - 0x00007ffeb93c7000 	C:\Windows\System32\win32u.dll
0x00007ffebbc90000 - 0x00007ffebbcbb000 	C:\Windows\System32\GDI32.dll
0x00007ffeb98b0000 - 0x00007ffeb99db000 	C:\Windows\System32\gdi32full.dll
0x00007ffeb9540000 - 0x00007ffeb95e3000 	C:\Windows\System32\msvcp_win.dll
0x00007ffea89e0000 - 0x00007ffea89fe000 	C:\Program Files\Java\jdk-26.0.1\bin\VCRUNTIME140.dll
0x00007ffea9eb0000 - 0x00007ffeaa143000 	C:\Windows\WinSxS\amd64_microsoft.windows.common-controls_6595b64144ccf1df_6.0.26100.8115_none_3e075c82e3354f9c\COMCTL32.dll
0x00007ffebc520000 - 0x00007ffebc5c9000 	C:\Windows\System32\msvcrt.dll
0x00007ffeba890000 - 0x00007ffeba8c2000 	C:\Windows\System32\IMM32.DLL
0x00007ffeacd60000 - 0x00007ffeacd6c000 	C:\Program Files\Java\jdk-26.0.1\bin\vcruntime140_1.dll
0x00007ffe8d9a0000 - 0x00007ffe8da2d000 	C:\Program Files\Java\jdk-26.0.1\bin\msvcp140.dll
0x00007ffe24e60000 - 0x00007ffe25d2e000 	C:\Program Files\Java\jdk-26.0.1\bin\server\jvm.dll
0x00007ffebc1f0000 - 0x00007ffebc2a6000 	C:\Windows\System32\ADVAPI32.dll
0x00007ffeba7e0000 - 0x00007ffeba887000 	C:\Windows\System32\sechost.dll
0x00007ffebacf0000 - 0x00007ffebae08000 	C:\Windows\System32\RPCRT4.dll
0x00007ffebc2b0000 - 0x00007ffebc330000 	C:\Windows\System32\WS2_32.dll
0x00007ffeb90b0000 - 0x00007ffeb910e000 	C:\Windows\SYSTEM32\POWRPROF.dll
0x00007ffeaa3d0000 - 0x00007ffeaa406000 	C:\Windows\SYSTEM32\WINMM.dll
0x00007ffeb2e10000 - 0x00007ffeb2e1b000 	C:\Windows\SYSTEM32\VERSION.dll
0x00007ffeb9090000 - 0x00007ffeb90a4000 	C:\Windows\SYSTEM32\UMPDC.dll
0x00007ffeb7fe0000 - 0x00007ffeb7ffb000 	C:\Windows\SYSTEM32\kernel.appcore.dll
0x00007ffe9c860000 - 0x00007ffe9c86a000 	C:\Program Files\Java\jdk-26.0.1\bin\jimage.dll
0x00007ffeb7130000 - 0x00007ffeb7372000 	C:\Windows\SYSTEM32\DBGHELP.DLL
0x00007ffeba960000 - 0x00007ffebace2000 	C:\Windows\System32\combase.dll
0x00007ffebbb20000 - 0x00007ffebbbf8000 	C:\Windows\System32\OLEAUT32.dll
0x00007ffeb4230000 - 0x00007ffeb426b000 	C:\Windows\SYSTEM32\dbgcore.DLL
0x00007ffeb9770000 - 0x00007ffeb9815000 	C:\Windows\System32\bcryptPrimitives.dll
0x00007ffe9ca80000 - 0x00007ffe9ca9f000 	C:\Program Files\Java\jdk-26.0.1\bin\java.dll
0x00007ffebc5d0000 - 0x00007ffebc767000 	C:\Windows\System32\ole32.dll
0x00007ffebae10000 - 0x00007ffebb577000 	C:\Windows\System32\SHELL32.dll
0x00007ffeb93d0000 - 0x00007ffeb953a000 	C:\Windows\System32\wintypes.dll
0x00007ffeb99e0000 - 0x00007ffeba248000 	C:\Windows\System32\windows.storage.dll
0x00007ffebc770000 - 0x00007ffebc868000 	C:\Windows\System32\SHCORE.dll
0x00007ffebc180000 - 0x00007ffebc1e6000 	C:\Windows\System32\shlwapi.dll
0x00007ffeb9170000 - 0x00007ffeb9199000 	C:\Windows\SYSTEM32\profapi.dll
0x00007ffe9c2d0000 - 0x00007ffe9c2e2000 	C:\Program Files\Java\jdk-26.0.1\bin\net.dll
0x00007ffeb8550000 - 0x00007ffeb85bc000 	C:\Windows\system32\mswsock.dll
0x00007ffe9adf0000 - 0x00007ffe9ae06000 	C:\Program Files\Java\jdk-26.0.1\bin\nio.dll
0x00007ffe9c4c0000 - 0x00007ffe9c4d7000 	C:\Program Files\Java\jdk-26.0.1\bin\zip.dll
0x00007ffea8a00000 - 0x00007ffea8a24000 	C:\Users\gondi\OneDrive\Documentos\Modelos Personalizados do Office\netbeans\java\maven\lib\jansi-native\Windows\x86_64\jansi.dll
0x00007ffe9c080000 - 0x00007ffe9c090000 	C:\Program Files\Java\jdk-26.0.1\bin\verify.dll

JVMTI agents: none

dbghelp: loaded successfully - version: 4.0.5 - missing functions: none
symbol engine: initialized successfully - sym options: 0x614 - pdb path: .;C:\Program Files\Java\jdk-26.0.1\bin;C:\Windows\SYSTEM32;C:\Windows\WinSxS\amd64_microsoft.windows.common-controls_6595b64144ccf1df_6.0.26100.8115_none_3e075c82e3354f9c;C:\Program Files\Java\jdk-26.0.1\bin\server;C:\Users\gondi\OneDrive\Documentos\Modelos Personalizados do Office\netbeans\java\maven\lib\jansi-native\Windows\x86_64

VM Arguments:
jvm_args: --enable-native-access=ALL-UNNAMED -Dclassworlds.conf=C:\Users\gondi\OneDrive\Documentos\Modelos Personalizados do Office\netbeans\java\maven\bin\m2.conf -Dmaven.home=C:\Users\gondi\OneDrive\Documentos\Modelos Personalizados do Office\netbeans\java\maven -Dlibrary.jansi.path=C:\Users\gondi\OneDrive\Documentos\Modelos Personalizados do Office\netbeans\java\maven\lib\jansi-native -Dmaven.multiModuleProjectDirectory=C:\Users\gondi\OneDrive\Documentos\NetBeansProjects\SistemaGestaoProjetos 
java_command: org.codehaus.plexus.classworlds.launcher.Launcher -Dexec.vmArgs= -Dexec.args=${exec.vmArgs} -classpath %classpath ${exec.mainClass} ${exec.appArgs} -Dexec.appArgs= -Dexec.mainClass=com.mycompany.sistemagestaoprojetos.SistemaGestaoProjetos -Dexec.executable=C:\Program Files\Java\jdk-26.0.1\bin\java.exe -Dmaven.ext.class.path=C:\Users\gondi\OneDrive\Documentos\Modelos Personalizados do Office\netbeans\java\maven-nblib\netbeans-eventspy.jar --no-transfer-progress process-classes org.codehaus.mojo:exec-maven-plugin:3.5.1:exec
java_class_path (initial): C:\Users\gondi\OneDrive\Documentos\Modelos Personalizados do Office\netbeans\java\maven\boot\plexus-classworlds-2.9.0.jar
Launcher Type: SUN_STANDARD

[Global flags]
     bool AOTAdapterCaching                        = false                                  {diagnostic} {ergonomic}
     bool AOTInvokeDynamicLinking                  = false                                  {diagnostic} {ergonomic}
     bool AOTRecordTraining                        = false                                  {diagnostic} {ergonomic}
     bool AOTReplayTraining                        = false                                  {diagnostic} {ergonomic}
     bool AOTStubCaching                           = false                                  {diagnostic} {ergonomic}
     intx CICompilerCount                          = 2                                         {product} {ergonomic}
     uint ConcGCThreads                            = 1                                         {product} {ergonomic}
     uint G1ConcRefinementThreads                  = 2                                         {product} {ergonomic}
     uint G1EagerReclaimRemSetThreshold            = 10                                   {experimental} {ergonomic}
   size_t G1HeapRegionSize                         = 1048576                                   {product} {ergonomic}
     uint G1RemSetArrayOfCardsEntries              = 10                                   {experimental} {ergonomic}
     uint G1RemSetHowlMaxNumBuckets                = 8                                    {experimental} {ergonomic}
     uint G1RemSetHowlNumBuckets                   = 4                                    {experimental} {ergonomic}
   size_t InitialHeapSize                          = 8388608                                   {product} {ergonomic}
     bool IntelJccErratumMitigation                = false                             {ARCH diagnostic} {ergonomic}
   size_t MarkStackSize                            = 4194304                                   {product} {ergonomic}
   size_t MarkStackSizeMax                         = 536870912                                 {product} {ergonomic}
   size_t MaxHeapSize                              = 1025507328                                {product} {ergonomic}
   size_t MaxNewSize                               = 614465536                                 {product} {ergonomic}
 uint64_t MaxRAM                                   = 4095401984                                {product} {ergonomic}
   size_t MinHeapDeltaBytes                        = 1048576                                   {product} {ergonomic}
   size_t MinHeapSize                              = 8388608                                   {product} {ergonomic}
   size_t NonNMethodCodeHeapSize                   = 5832704                                {pd product} {ergonomic}
   size_t NonProfiledCodeHeapSize                  = 122945536                              {pd product} {ergonomic}
   size_t ProfiledCodeHeapSize                     = 122945536                              {pd product} {ergonomic}
   size_t ReservedCodeCacheSize                    = 251723776                              {pd product} {ergonomic}
     bool SegmentedCodeCache                       = true                                      {product} {ergonomic}
   size_t SoftMaxHeapSize                          = 1025507328                             {manageable} {ergonomic}
     bool UseCompressedOops                        = true                           {product lp64_product} {ergonomic}
     bool UseCondCardMark                          = true                                      {product} {ergonomic}
     bool UseFastUnorderedTimeStamps               = true                                 {experimental} {ergonomic}
     bool UseG1GC                                  = true                                      {product} {ergonomic}
     bool UseLargePagesIndividualAllocation        = false                                  {pd product} {ergonomic}
      int X86ICacheSync                            = 3                                 {ARCH diagnostic} {ergonomic}

Logging:
Log output configuration:
 #0: stdout all=warning uptime,level,tags foldmultilines=false
 #1: stderr all=off uptime,level,tags foldmultilines=false

Release file:
IMPLEMENTOR="Oracle Corporation" 
JAVA_RUNTIME_VERSION="26.0.1+8-34" 
JAVA_VERSION="26.0.1" 
JAVA_VERSION_DATE="2026-04-21" 
LIBC="default" 
MODULES="java.base java.compiler java.datatransfer java.xml java.prefs java.desktop java.instrument java.logging java.management java.security.sasl java.naming java.rmi java.management.rmi java.net.http java.scripting java.security.jgss java.transaction.xa java.sql java.sql.rowset java.xml.crypto java.se java.smartcardio jdk.accessibility jdk.internal.jvmstat jdk.attach jdk.charsets jdk.internal.opt jdk.zipfs jdk.compiler jdk.crypto.cryptoki jdk.crypto.ec jdk.crypto.mscapi jdk.dynalink jdk.internal.ed jdk.editpad jdk.internal.vm.ci jdk.graal.compiler jdk.graal.compiler.management jdk.hotspot.agent jdk.httpserver jdk.incubator.vector jdk.internal.le jdk.internal.md jdk.jartool jdk.javadoc jdk.jcmd jdk.management jdk.management.agent jdk.jconsole jdk.jdeps jdk.jdwp.agent jdk.jdi jdk.jfr jdk.jlink jdk.jpackage jdk.jshell jdk.jstatd jdk.localedata jdk.management.jfr jdk.naming.dns jdk.naming.rmi jdk.net jdk.nio.mapmode jdk.sctp jdk.security.auth jdk.security.jgss jdk.unsupported jdk.unsupported.desktop jdk.xml.dom" 
OS_ARCH="x86_64" 
OS_NAME="Windows" 
SOURCE=".:git:8fcde8268d22 open:git:fcc00fc4aee7" 

Environment Variables:
JAVA_HOME=C:\Program Files\Java\jdk-26.0.1
PATH=C:\Program Files\Common Files\Oracle\Java\javapath;C:\Windows\system32;C:\Windows;C:\Windows\System32\Wbem;C:\Windows\System32\WindowsPowerShell\v1.0\;C:\Windows\System32\OpenSSH\;C:\Users\gondi\AppData\Local\Microsoft\WindowsApps;C:\Users\gondi\OneDrive\Documentos\Modelos Personalizados do Office\netbeans\bin\
USERNAME=gondi
OS=Windows_NT
PROCESSOR_IDENTIFIER=Intel64 Family 6 Model 156 Stepping 0, GenuineIntel
TMP=C:\Users\gondi\AppData\Local\Temp
TEMP=C:\Users\gondi\AppData\Local\Temp




Compilation memory statistics disabled.

Periodic native trim disabled

---------------  S Y S T E M  ---------------

OS:
 Windows 11 , 64 bit Build 26100 (10.0.26100.8246)
OS uptime: 17 days 1:14 hours

CPU: total 2 (initial active 2) (2 cores per cpu, 1 threads per core) family 6 model 156 stepping 0 microcode 0x24000026, cx8, cmov, fxsr, mmx, 3dnowpref, sse, sse2, sse3, ssse3, sse4.1, sse4.2, popcnt, tsc, tscinvbit, aes, erms, clmul, sha, clflush, clflushopt, clwb, rdtscp, rdpid
Processor Information for the first 2 processors :
  Max Mhz: 1114, Current Mhz: 1114, Mhz Limit: 1114

Memory: 4k page, system-wide physical 3905M (401M free)
TotalPageFile size 15681M (AvailPageFile size 7M)
current process WorkingSet (physical memory assigned to process): 136M, peak: 136M
current process commit charge ("private bytes"): 158M, peak: 180M

vm_info: Java HotSpot(TM) 64-Bit Server VM (26.0.1+8-34) for windows-amd64 JRE (26.0.1+8-34), built on 2026-03-10T17:24:10Z with MS VC++ 17.13 (VS2022)

END.
