#
# There is insufficient memory for the Java Runtime Environment to continue.
# Native memory allocation (malloc) failed to allocate 1048576 bytes. Error detail: AllocateHeap
# Possible reasons:
#   The system is out of physical RAM or swap space
#   This process is running with CompressedOops enabled, and the Java Heap may be blocking the growth of the native heap
# Possible solutions:
#   Reduce memory load on the system
#   Increase physical memory or swap space
#   Check if swap backing store is full
#   Decrease Java heap size (-Xmx/-Xms)
#   Decrease number of Java threads
#   Decrease Java thread stack sizes (-Xss)
#   Set larger code cache with -XX:ReservedCodeCacheSize=
#   JVM is running with Unscaled Compressed Oops mode in which the Java heap is
#     placed in the first 4GB address space. The Java Heap base address is the
#     maximum limit for the native heap growth. Please use -XX:HeapBaseMinAddress
#     to set the Java Heap base and to place the Java Heap above 4GB virtual address.
# This output file may be truncated or incomplete.
#
#  Out of Memory Error (allocation.cpp:41), pid=26944, tid=24532
#
# JRE version:  (26.0.1+8) (build )
# Java VM: Java HotSpot(TM) 64-Bit Server VM (26.0.1+8-34, mixed mode, sharing, tiered, compressed oops, compressed class ptrs, g1 gc, windows-amd64)
# No core dump will be written. Minidumps are not enabled by default on client versions of Windows
#

---------------  S U M M A R Y ------------

Command Line: --enable-native-access=ALL-UNNAMED 

Host: Intel(R) Celeron(R) N4500 @ 1.10GHz, 2 cores, 3G,  Windows 11 , 64 bit Build 26100 (10.0.26100.8246)
Time: Sun May 31 20:08:26 2026 Hora Padrão de Buenos Aires elapsed time: 0.143984 seconds (0d 0h 0m 0s)

---------------  T H R E A D  ---------------

Current thread (0x000001ec6c3430a0):  JavaThread "Unknown thread" [_thread_in_vm, id=24532, stack(0x000000be14300000,0x000000be14400000) (1024K)]

Stack: [0x000000be14300000,0x000000be14400000]
Native frames: (J=compiled Java code, j=interpreted, Vv=VM code, C=native code)
V  [jvm.dll+0x7d5879]  (no source info available)
V  [jvm.dll+0x7a37dd]  (no source info available)
V  [jvm.dll+0x9b0c10]  (no source info available)
V  [jvm.dll+0x9b3061]  (no source info available)
V  [jvm.dll+0x9b3773]  (no source info available)
V  [jvm.dll+0x30df76]  (no source info available)
V  [jvm.dll+0xf1097]  (no source info available)
V  [jvm.dll+0x3de884]  (no source info available)
V  [jvm.dll+0x3d4994]  (no source info available)
V  [jvm.dll+0x975db9]  (no source info available)
V  [jvm.dll+0x46dd12]  (no source info available)
V  [jvm.dll+0x958e5f]  (no source info available)
V  [jvm.dll+0x511191]  (no source info available)
V  [jvm.dll+0x512c51]  (no source info available)
C  [jli.dll+0x549a]  (no source info available)
C  [ucrtbase.dll+0x37b0]  (no source info available)
C  [KERNEL32.DLL+0x2e8d7]  (no source info available)
C  [ntdll.dll+0x8c3fc]  (no source info available)

Lock stack of current Java thread (top to bottom):


---------------  P R O C E S S  ---------------

Threads class SMR info:
_java_thread_list=0x00007ffe25bb6298, length=0, elements={
}

Java Threads: ( => current thread )
Total: 0

Other Threads:
  0x000001ec6e78a2f0 WorkerThread "GC Thread#0"                     [id=13468, stack(0x000000be14400000,0x000000be14500000) (1024K)]

[error occurred during error reporting (printing all threads), id 0xc0000005, EXCEPTION_ACCESS_VIOLATION (0xc0000005) at pc=0x00007ffe25243800]
VM state: not at safepoint (not fully initialized)

VM Mutex/Monitor currently owned by a thread:  ([mutex/lock_event])
[0x00007ffe25c3ef88] Heap_lock - owner thread: 0x000001ec6c3430a0

Heap address: 0x00000000c2e00000, size: 978 MB, Compressed Oops mode: 32-bit

CDS archive(s) mapped at: [0x0000000000000000-0x0000000000000000-0x0000000000000000), size 0, SharedBaseAddress: 0x0000000800000000, ArchiveRelocationMode: 1.
UseCompressedClassPointers 1, UseCompactObjectHeaders 0
Narrow klass pointer bits 32, Max shift 3
Narrow klass base: 0xffffffffffffffff, Narrow klass shift: -1
Encoding Range: [0xffffffffffffffff - 0x000000007fffffff), (2147483648 bytes)
Klass Range:    [0x0000000000000000 - 0x0000000000000000), (0 bytes)
Klass ID Range:  [4294967295 - 0) (1)
No protection zone.

GC Precious Log:
 CardTable entry size: 512
 Card Set container configuration: InlinePtr #cards 5 size 8 Array Of Cards #cards 10 size 36 Howl #buckets 4 coarsen threshold 1843 Howl Bitmap #cards 512 size 80 coarsen threshold 460 Card regions per heap region 1 cards per card region 2048

Heap:
 garbage-first heap   total reserved 1001472K, committed 0K, used 0K [0x00000000c2e00000, 0x0000000100000000)
  region size 1M, 0 eden (0M), 0 survivor (0M), 0 old (0M), 0 humongous (0M), 0 free (0M)

Heap Regions: E=young(eden), S=young(survivor), O=old, HS=humongous(starts), HC=humongous(continues), CS=collection set, F=free, TAMS=top-at-mark-start, PB=parsable bottom

Card table byte_map: [0x000001ec6e510000,0x000001ec6e700000] _byte_map_base: 0x000001ec6def9000
Refinement table byte_map: [0x000001ec77400000,0x000001ec775f0000] _byte_map_base: 0x000001ec76de9000

GC Heap Usage History (0 events):
No events

Metaspace Usage History (0 events):
No events

Dll operation events (2 events):
Event: 0.026 Attempting to load shared library C:\Program Files\Java\jdk-26.0.1\bin\java.dll
Event: 0.030 Loaded shared library C:\Program Files\Java\jdk-26.0.1\bin\java.dll

Deoptimization events (0 events):
No events

Classes loaded (0 events):
No events

Classes unloaded (0 events):
No events

Classes redefined (0 events):
No events

Internal exceptions (0 events):
No events

VM Operations (0 events):
No events

Memory protections (0 events):
No events

Nmethod flushes (0 events):
No events

Events (0 events):
No events


Dynamic libraries:
0x00007ff7fed50000 - 0x00007ff7fed60000 	C:\Program Files\Java\jdk-26.0.1\bin\java.exe
0x00007ffebc980000 - 0x00007ffebcbe7000 	C:\Windows\SYSTEM32\ntdll.dll
0x00007ffeba710000 - 0x00007ffeba7d9000 	C:\Windows\System32\KERNEL32.DLL
0x00007ffeba250000 - 0x00007ffeba644000 	C:\Windows\System32\KERNELBASE.dll
0x00007ffeb9250000 - 0x00007ffeb939b000 	C:\Windows\System32\ucrtbase.dll
0x00007ffe9c530000 - 0x00007ffe9c547000 	C:\Program Files\Java\jdk-26.0.1\bin\jli.dll
0x00007ffebb680000 - 0x00007ffebb845000 	C:\Windows\System32\USER32.dll
0x00007ffeb93a0000 - 0x00007ffeb93c7000 	C:\Windows\System32\win32u.dll
0x00007ffebbc90000 - 0x00007ffebbcbb000 	C:\Windows\System32\GDI32.dll
0x00007ffeb98b0000 - 0x00007ffeb99db000 	C:\Windows\System32\gdi32full.dll
0x00007ffeb9540000 - 0x00007ffeb95e3000 	C:\Windows\System32\msvcp_win.dll
0x00007ffea89e0000 - 0x00007ffea89fe000 	C:\Program Files\Java\jdk-26.0.1\bin\VCRUNTIME140.dll
0x00007ffea9eb0000 - 0x00007ffeaa143000 	C:\Windows\WinSxS\amd64_microsoft.windows.common-controls_6595b64144ccf1df_6.0.26100.8115_none_3e075c82e3354f9c\COMCTL32.dll
0x00007ffebc520000 - 0x00007ffebc5c9000 	C:\Windows\System32\msvcrt.dll
0x00007ffeba890000 - 0x00007ffeba8c2000 	C:\Windows\System32\IMM32.DLL
0x00007ffeacd60000 - 0x00007ffeacd6c000 	C:\Program Files\Java\jdk-26.0.1\bin\vcruntime140_1.dll
0x00007ffe8d9a0000 - 0x00007ffe8da2d000 	C:\Program Files\Java\jdk-26.0.1\bin\msvcp140.dll
0x00007ffe24e60000 - 0x00007ffe25d2e000 	C:\Program Files\Java\jdk-26.0.1\bin\server\jvm.dll
0x00007ffebc1f0000 - 0x00007ffebc2a6000 	C:\Windows\System32\ADVAPI32.dll
0x00007ffeba7e0000 - 0x00007ffeba887000 	C:\Windows\System32\sechost.dll
0x00007ffebacf0000 - 0x00007ffebae08000 	C:\Windows\System32\RPCRT4.dll
0x00007ffebc2b0000 - 0x00007ffebc330000 	C:\Windows\System32\WS2_32.dll
0x00007ffeb90b0000 - 0x00007ffeb910e000 	C:\Windows\SYSTEM32\POWRPROF.dll
0x00007ffeaa3d0000 - 0x00007ffeaa406000 	C:\Windows\SYSTEM32\WINMM.dll
0x00007ffeb2e10000 - 0x00007ffeb2e1b000 	C:\Windows\SYSTEM32\VERSION.dll
0x00007ffeb9090000 - 0x00007ffeb90a4000 	C:\Windows\SYSTEM32\UMPDC.dll
0x00007ffeb7fe0000 - 0x00007ffeb7ffb000 	C:\Windows\SYSTEM32\kernel.appcore.dll
0x00007ffe9c860000 - 0x00007ffe9c86a000 	C:\Program Files\Java\jdk-26.0.1\bin\jimage.dll
0x00007ffeb7130000 - 0x00007ffeb7372000 	C:\Windows\SYSTEM32\DBGHELP.DLL
0x00007ffeba960000 - 0x00007ffebace2000 	C:\Windows\System32\combase.dll
0x00007ffebbb20000 - 0x00007ffebbbf8000 	C:\Windows\System32\OLEAUT32.dll
0x00007ffeb4230000 - 0x00007ffeb426b000 	C:\Windows\SYSTEM32\dbgcore.DLL
0x00007ffeb9770000 - 0x00007ffeb9815000 	C:\Windows\System32\bcryptPrimitives.dll
0x00007ffe9ca80000 - 0x00007ffe9ca9f000 	C:\Program Files\Java\jdk-26.0.1\bin\java.dll
0x00007ffebc5d0000 - 0x00007ffebc767000 	C:\Windows\System32\ole32.dll
0x00007ffebae10000 - 0x00007ffebb577000 	C:\Windows\System32\SHELL32.dll
0x00007ffeb93d0000 - 0x00007ffeb953a000 	C:\Windows\System32\wintypes.dll

JVMTI agents: none

dbghelp: loaded successfully - version: 4.0.5 - missing functions: none
symbol engine: initialized successfully - sym options: 0x614 - pdb path: .;C:\Program Files\Java\jdk-26.0.1\bin;C:\Windows\SYSTEM32;C:\Windows\WinSxS\amd64_microsoft.windows.common-controls_6595b64144ccf1df_6.0.26100.8115_none_3e075c82e3354f9c;C:\Program Files\Java\jdk-26.0.1\bin\server

VM Arguments:
jvm_args: --enable-native-access=ALL-UNNAMED 
java_command: <unknown>
java_class_path (initial): <not set>
Launcher Type: SUN_STANDARD

[Global flags]
     bool AOTAdapterCaching                        = false                                  {diagnostic} {ergonomic}
     bool AOTInvokeDynamicLinking                  = false                                  {diagnostic} {ergonomic}
     bool AOTRecordTraining                        = false                                  {diagnostic} {ergonomic}
     bool AOTReplayTraining                        = false                                  {diagnostic} {ergonomic}
     bool AOTStubCaching                           = false                                  {diagnostic} {ergonomic}
     intx CICompilerCount                          = 2                                         {product} {ergonomic}
     uint ConcGCThreads                            = 1                                         {product} {ergonomic}
     uint G1ConcRefinementThreads                  = 2                                         {product} {ergonomic}
     uint G1EagerReclaimRemSetThreshold            = 10                                   {experimental} {ergonomic}
   size_t G1HeapRegionSize                         = 1048576                                   {product} {ergonomic}
     uint G1RemSetArrayOfCardsEntries              = 10                                   {experimental} {ergonomic}
     uint G1RemSetHowlMaxNumBuckets                = 8                                    {experimental} {ergonomic}
     uint G1RemSetHowlNumBuckets                   = 4                                    {experimental} {ergonomic}
   size_t InitialHeapSize                          = 8388608                                   {product} {ergonomic}
     bool IntelJccErratumMitigation                = false                             {ARCH diagnostic} {ergonomic}
   size_t MarkStackSize                            = 4194304                                   {product} {ergonomic}
   size_t MarkStackSizeMax                         = 536870912                                 {product} {ergonomic}
   size_t MaxHeapSize                              = 1025507328                                {product} {ergonomic}
 uint64_t MaxRAM                                   = 4095401984                                {product} {ergonomic}
   size_t MinHeapDeltaBytes                        = 1048576                                   {product} {ergonomic}
   size_t MinHeapSize                              = 8388608                                   {product} {ergonomic}
   size_t NonNMethodCodeHeapSize                   = 5832704                                {pd product} {ergonomic}
   size_t NonProfiledCodeHeapSize                  = 122945536                              {pd product} {ergonomic}
   size_t ProfiledCodeHeapSize                     = 122945536                              {pd product} {ergonomic}
   size_t ReservedCodeCacheSize                    = 251723776                              {pd product} {ergonomic}
     bool SegmentedCodeCache                       = true                                      {product} {ergonomic}
   size_t SoftMaxHeapSize                          = 1025507328                             {manageable} {ergonomic}
     bool UseCompressedOops                        = true                           {product lp64_product} {ergonomic}
     bool UseCondCardMark                          = true                                      {product} {ergonomic}
     bool UseFastUnorderedTimeStamps               = true                                 {experimental} {ergonomic}
     bool UseG1GC                                  = true                                      {product} {ergonomic}
     bool UseLargePagesIndividualAllocation        = false                                  {pd product} {ergonomic}
      int X86ICacheSync                            = 3                                 {ARCH diagnostic} {ergonomic}

Logging:
Log output configuration:
 #0: stdout all=warning uptime,level,tags foldmultilines=false
 #1: stderr all=off uptime,level,tags foldmultilines=false

Release file:
<release file has not been read>
Environment Variables:
JAVA_HOME=C:\Program Files\Java\jdk-26.0.1
PATH=C:\Program Files\Common Files\Oracle\Java\javapath;C:\Windows\system32;C:\Windows;C:\Windows\System32\Wbem;C:\Windows\System32\WindowsPowerShell\v1.0\;C:\Windows\System32\OpenSSH\;C:\Users\gondi\AppData\Local\Microsoft\WindowsApps;C:\Users\gondi\OneDrive\Documentos\Modelos Personalizados do Office\netbeans\bin\
USERNAME=gondi
OS=Windows_NT
PROCESSOR_IDENTIFIER=Intel64 Family 6 Model 156 Stepping 0, GenuineIntel
TMP=C:\Users\gondi\AppData\Local\Temp
TEMP=C:\Users\gondi\AppData\Local\Temp




Compilation memory statistics disabled.

Periodic native trim disabled

---------------  S Y S T E M  ---------------

OS:
 Windows 11 , 64 bit Build 26100 (10.0.26100.8246)
OS uptime: 17 days 0:10 hours

CPU: total 2 (initial active 2) (2 cores per cpu, 1 threads per core) family 6 model 156 stepping 0 microcode 0x24000026, cx8, cmov, fxsr, mmx, 3dnowpref, sse, sse2, sse3, ssse3, sse4.1, sse4.2, popcnt, tsc, tscinvbit, aes, erms, clmul, sha, clflush, clflushopt, clwb, rdtscp, rdpid
Processor Information for the first 2 processors :
  Max Mhz: 1114, Current Mhz: 1114, Mhz Limit: 1114

Memory: 4k page, system-wide physical 3905M (334M free)
TotalPageFile size 15681M (AvailPageFile size 106M)
current process WorkingSet (physical memory assigned to process): 12M, peak: 12M
current process commit charge ("private bytes"): 46M, peak: 47M

vm_info: Java HotSpot(TM) 64-Bit Server VM (26.0.1+8-34) for windows-amd64 JRE (26.0.1+8-34), built on 2026-03-10T17:24:10Z with MS VC++ 17.13 (VS2022)

END.
