#
# There is insufficient memory for the Java Runtime Environment to continue.
# Native memory allocation (malloc) failed to allocate 131096 bytes. Error detail: Chunk::new
# Possible reasons:
#   The system is out of physical RAM or swap space
#   This process is running with CompressedOops enabled, and the Java Heap may be blocking the growth of the native heap
# Possible solutions:
#   Reduce memory load on the system
#   Increase physical memory or swap space
#   Check if swap backing store is full
#   Decrease Java heap size (-Xmx/-Xms)
#   Decrease number of Java threads
#   Decrease Java thread stack sizes (-Xss)
#   Set larger code cache with -XX:ReservedCodeCacheSize=
#   JVM is running with Unscaled Compressed Oops mode in which the Java heap is
#     placed in the first 4GB address space. The Java Heap base address is the
#     maximum limit for the native heap growth. Please use -XX:HeapBaseMinAddress
#     to set the Java Heap base and to place the Java Heap above 4GB virtual address.
# This output file may be truncated or incomplete.
#
#  Out of Memory Error (arena.cpp:193), pid=7580, tid=27016
#
# JRE version: Java(TM) SE Runtime Environment (26.0.1+8) (build 26.0.1+8-34)
# Java VM: Java HotSpot(TM) 64-Bit Server VM (26.0.1+8-34, mixed mode, sharing, tiered, compressed oops, compressed class ptrs, g1 gc, windows-amd64)
# No core dump will be written. Minidumps are not enabled by default on client versions of Windows
#

---------------  S U M M A R Y ------------

Command Line: --enable-native-access=ALL-UNNAMED -Dclassworlds.conf=C:\Users\gondi\OneDrive\Documentos\Modelos Personalizados do Office\netbeans\java\maven\bin\m2.conf -Dmaven.home=C:\Users\gondi\OneDrive\Documentos\Modelos Personalizados do Office\netbeans\java\maven -Dlibrary.jansi.path=C:\Users\gondi\OneDrive\Documentos\Modelos Personalizados do Office\netbeans\java\maven\lib\jansi-native -Dmaven.multiModuleProjectDirectory=C:\Users\gondi\OneDrive\Documentos\NetBeansProjects\SistemaGestaoProjetos org.codehaus.plexus.classworlds.launcher.Launcher -Dexec.vmArgs= -Dexec.args=${exec.vmArgs} -classpath %classpath ${exec.mainClass} ${exec.appArgs} -Dexec.appArgs= -Dexec.mainClass=com.mycompany.sistemagestaoprojetos.SistemaGestaoProjetos -Dexec.executable=C:\Program Files\Java\jdk-26.0.1\bin\java.exe -Dmaven.ext.class.path=C:\Users\gondi\OneDrive\Documentos\Modelos Personalizados do Office\netbeans\java\maven-nblib\netbeans-eventspy.jar --no-transfer-progress process-classes org.codehaus.mojo:exec-maven-plugin:3.5.1:exec

Host: Intel(R) Celeron(R) N4500 @ 1.10GHz, 2 cores, 3G,  Windows 11 , 64 bit Build 26100 (10.0.26100.8246)
Time: Sun May 31 07:16:50 2026 Hora Padrão de Buenos Aires elapsed time: 23872.154043 seconds (0d 6h 37m 52s)

---------------  T H R E A D  ---------------

Current thread (0x000001defc5da340):  JavaThread "C2 CompilerThread0" daemon [_thread_in_native, id=27016, stack(0x0000008519000000,0x0000008519100000) (1024K)]


Current CompileTask:
C2:23872154 4081       4       java.lang.invoke.MethodType::makeImpl (109 bytes)

Stack: [0x0000008519000000,0x0000008519100000]
Native frames: (J=compiled Java code, j=interpreted, Vv=VM code, C=native code)
V  [jvm.dll+0x7d5879]  (no source info available)
V  [jvm.dll+0x7a37dd]  (no source info available)
V  [jvm.dll+0x9b0c10]  (no source info available)
V  [jvm.dll+0x9b3061]  (no source info available)
V  [jvm.dll+0x9b3773]  (no source info available)
V  [jvm.dll+0x30df76]  (no source info available)
V  [jvm.dll+0x11d8a6]  (no source info available)
V  [jvm.dll+0x11dbce]  (no source info available)
V  [jvm.dll+0x11d6a7]  (no source info available)
V  [jvm.dll+0x7b0b0c]  (no source info available)
V  [jvm.dll+0x3aa83f]  (no source info available)
V  [jvm.dll+0x2d2c9c]  (no source info available)
V  [jvm.dll+0x2d04cd]  (no source info available)
V  [jvm.dll+0x246820]  (no source info available)
V  [jvm.dll+0x2e06dc]  (no source info available)
V  [jvm.dll+0x2de8bd]  (no source info available)
V  [jvm.dll+0x4a3ff1]  (no source info available)
V  [jvm.dll+0x94f649]  (no source info available)
V  [jvm.dll+0x7d7358]  (no source info available)
C  [ucrtbase.dll+0x37b0]  (no source info available)
C  [KERNEL32.DLL+0x2e8d7]  (no source info available)
C  [ntdll.dll+0x8c3fc]  (no source info available)

Lock stack of current Java thread (top to bottom):


---------------  P R O C E S S  ---------------

Threads class SMR info:
_java_thread_list=0x000001de9c79ed70, length=11, elements={
0x000001def7151030, 0x000001defc5c6090, 0x000001defc5c92f0, 0x000001defc5cf780,
0x000001defc5cff30, 0x000001defc5d0b70, 0x000001defc5d4460, 0x000001defc5da340,
0x000001defc5fc5b0, 0x000001de97c48190, 0x000001de97c49f40
}

Java Threads: ( => current thread )
  0x000001def7151030 JavaThread "main"                              [_thread_in_vm, id=17908, stack(0x0000008518100000,0x0000008518200000) (1024K)]
  0x000001defc5c6090 JavaThread "Reference Handler"          daemon [_thread_blocked, id=27576, stack(0x0000008518a00000,0x0000008518b00000) (1024K)]
  0x000001defc5c92f0 JavaThread "Finalizer"                  daemon [_thread_blocked, id=27612, stack(0x0000008518b00000,0x0000008518c00000) (1024K)]
  0x000001defc5cf780 JavaThread "Signal Dispatcher"          daemon [_thread_blocked, id=18064, stack(0x0000008518c00000,0x0000008518d00000) (1024K)]
  0x000001defc5cff30 JavaThread "Attach Listener"            daemon [_thread_blocked, id=26536, stack(0x0000008518d00000,0x0000008518e00000) (1024K)]
  0x000001defc5d0b70 JavaThread "Service Thread"             daemon [_thread_blocked, id=6604, stack(0x0000008518e00000,0x0000008518f00000) (1024K)]
  0x000001defc5d4460 JavaThread "Monitor Deflation Thread"   daemon [_thread_blocked, id=10352, stack(0x0000008518f00000,0x0000008519000000) (1024K)]
=>0x000001defc5da340 JavaThread "C2 CompilerThread0"         daemon [_thread_in_native, id=27016, stack(0x0000008519000000,0x0000008519100000) (1024K)]
  0x000001defc5fc5b0 JavaThread "C1 CompilerThread0"         daemon [_thread_blocked, id=23784, stack(0x0000008519100000,0x0000008519200000) (1024K)]
  0x000001de97c48190 JavaThread "Notification Thread"        daemon [_thread_blocked, id=27120, stack(0x0000008519200000,0x0000008519300000) (1024K)]
  0x000001de97c49f40 JavaThread "Common-Cleaner"             daemon [_thread_blocked, id=23336, stack(0x0000008519300000,0x0000008519400000) (1024K)]
Total: 11

Other Threads:
  0x000001defc5b5730 VMThread "VM Thread"                           [id=23900, stack(0x0000008518900000,0x0000008518a00000) (1024K)]
  0x000001defc5acb00 WatcherThread "VM Periodic Task Thread"        [id=26256, stack(0x0000008518800000,0x0000008518900000) (1024K)]
  0x000001def717b320 WorkerThread "GC Thread#0"                     [id=2980, stack(0x0000008518200000,0x0000008518300000) (1024K)]
  0x000001de9c1d1010 WorkerThread "GC Thread#1"                     [id=19156, stack(0x0000008519500000,0x0000008519600000) (1024K)]
  0x000001def7187b40 ConcurrentGCThread "G1 Main Marker"            [id=23356, stack(0x0000008518300000,0x0000008518400000) (1024K)]
  0x000001def71895b0 WorkerThread "G1 Conc#0"                       [id=26308, stack(0x0000008518400000,0x0000008518500000) (1024K)]
  0x000001def719ef90 WorkerThread "G1 Refinement Workers#0"         [id=23576, stack(0x0000008518600000,0x0000008518700000) (1024K)]
  0x000001def719d780 ConcurrentGCThread "G1 Refine Control"         [id=7084, stack(0x0000008518500000,0x0000008518600000) (1024K)]
  0x000001def719f900 ConcurrentGCThread "G1 Service"                [id=25672, stack(0x0000008518700000,0x0000008518800000) (1024K)]
Total: 9

Threads with active compile tasks:
C2 CompilerThread0  23874394 4081       4       java.lang.invoke.MethodType::makeImpl (109 bytes)
Total: 1

VM state: not at safepoint (normal execution)

VM Mutex/Monitor currently owned by a thread: None

Heap address: 0x00000000c2e00000, size: 978 MB, Compressed Oops mode: 32-bit

CDS archive(s) mapped at: [0x0000000006000000-0x0000000006de0000-0x0000000006de0000), size 14548992, SharedBaseAddress: 0x0000000006000000, ArchiveRelocationMode: 1.
Compressed class space mapped at: 0x0000000007000000-0x0000000047000000, reserved size: 1073741824
UseCompressedClassPointers 1, UseCompactObjectHeaders 0
Narrow klass pointer bits 32, Max shift 3
Narrow klass base: 0x0000000006000000, Narrow klass shift: 0
Encoding Range: [0x0000000006000000 - 0x0000000106000000), (4294967296 bytes)
Klass Range:    [0x0000000006000000 - 0x0000000047000000), (1090519040 bytes)
Klass ID Range:  [8 - 1090519033) (1090519025)
Protection zone: [0x0000000006000000 - 0x0000000006010000), (65536 bytes)

GC Precious Log:
 CardTable entry size: 512
 Card Set container configuration: InlinePtr #cards 5 size 8 Array Of Cards #cards 10 size 36 Howl #buckets 4 coarsen threshold 1843 Howl Bitmap #cards 512 size 80 coarsen threshold 460 Card regions per heap region 1 cards per card region 2048
 CPUs: 2 total, 2 available
 Memory: 3905M
 Large Page Support: Disabled
 NUMA Support: Disabled
 Compressed Oops: Enabled (32-bit)
 Heap Region Size: 1M
 Heap Min Capacity: 8M
 Heap Initial Capacity: 8M
 Heap Max Capacity: 978M
 Pre-touch: Disabled
 Parallel Workers: 2
 Concurrent Workers: 1
 Concurrent Refinement Workers: 2
 Periodic GC: Disabled

Heap:
 garbage-first heap   total reserved 1001472K, committed 43008K, used 15956K [0x00000000c2e00000, 0x0000000100000000)
  region size 1M, 7 eden (7M), 2 survivor (2M), 9 old (9M), 0 humongous (0M), 24 free (24M)

Heap Regions: E=young(eden), S=young(survivor), O=old, HS=humongous(starts), HC=humongous(continues), CS=collection set, F=free, TAMS=top-at-mark-start, PB=parsable bottom
|    0|0x00000000c2e00000, 0x00000000c2f00000, 0x00000000c2f00000|100%| O|  |TAMS 0x00000000c2e00000| PB 0x00000000c2e00000| Untracked |  0
|    1|0x00000000c2f00000, 0x00000000c3000000, 0x00000000c3000000|100%| O|  |TAMS 0x00000000c2f00000| PB 0x00000000c2f00000| Untracked |  0
|    2|0x00000000c3000000, 0x00000000c3100000, 0x00000000c3100000|100%| O|  |TAMS 0x00000000c3000000| PB 0x00000000c3000000| Untracked |  0
|    3|0x00000000c3100000, 0x00000000c3143680, 0x00000000c3200000| 26%| O|  |TAMS 0x00000000c3100000| PB 0x00000000c3100000| Untracked |  0
|    4|0x00000000c3200000, 0x00000000c3300000, 0x00000000c3300000|100%| O|  |TAMS 0x00000000c3200000| PB 0x00000000c3200000| Untracked |  0
|    5|0x00000000c3300000, 0x00000000c3400000, 0x00000000c3400000|100%| O|  |TAMS 0x00000000c3300000| PB 0x00000000c3300000| Untracked |  0
|    6|0x00000000c3400000, 0x00000000c3400000, 0x00000000c3500000|  0%| F|  |TAMS 0x00000000c3400000| PB 0x00000000c3400000| Untracked |  0
|    7|0x00000000c3500000, 0x00000000c3600000, 0x00000000c3600000|100%| O|  |TAMS 0x00000000c3500000| PB 0x00000000c3500000| Untracked |  0
|    8|0x00000000c3600000, 0x00000000c3700000, 0x00000000c3700000|100%| O|  |TAMS 0x00000000c3600000| PB 0x00000000c3600000| Untracked |  0
|    9|0x00000000c3700000, 0x00000000c3700000, 0x00000000c3800000|  0%| F|  |TAMS 0x00000000c3700000| PB 0x00000000c3700000| Untracked |  0
|   10|0x00000000c3800000, 0x00000000c3800000, 0x00000000c3900000|  0%| F|  |TAMS 0x00000000c3800000| PB 0x00000000c3800000| Untracked |  0
|   11|0x00000000c3900000, 0x00000000c3900000, 0x00000000c3a00000|  0%| F|  |TAMS 0x00000000c3900000| PB 0x00000000c3900000| Untracked |  0
|   12|0x00000000c3a00000, 0x00000000c3a00000, 0x00000000c3b00000|  0%| F|  |TAMS 0x00000000c3a00000| PB 0x00000000c3a00000| Untracked |  0
|   13|0x00000000c3b00000, 0x00000000c3b00000, 0x00000000c3c00000|  0%| F|  |TAMS 0x00000000c3b00000| PB 0x00000000c3b00000| Untracked |  0
|   14|0x00000000c3c00000, 0x00000000c3c00000, 0x00000000c3d00000|  0%| F|  |TAMS 0x00000000c3c00000| PB 0x00000000c3c00000| Untracked |  0
|   15|0x00000000c3d00000, 0x00000000c3d00000, 0x00000000c3e00000|  0%| F|  |TAMS 0x00000000c3d00000| PB 0x00000000c3d00000| Untracked |  0
|   16|0x00000000c3e00000, 0x00000000c3e00000, 0x00000000c3f00000|  0%| F|  |TAMS 0x00000000c3e00000| PB 0x00000000c3e00000| Untracked |  0
|   17|0x00000000c3f00000, 0x00000000c3f00000, 0x00000000c4000000|  0%| F|  |TAMS 0x00000000c3f00000| PB 0x00000000c3f00000| Untracked |  0
|   18|0x00000000c4000000, 0x00000000c4000000, 0x00000000c4100000|  0%| F|  |TAMS 0x00000000c4000000| PB 0x00000000c4000000| Untracked |  0
|   19|0x00000000c4100000, 0x00000000c4100000, 0x00000000c4200000|  0%| F|  |TAMS 0x00000000c4100000| PB 0x00000000c4100000| Untracked |  0
|   20|0x00000000c4200000, 0x00000000c4200000, 0x00000000c4300000|  0%| F|  |TAMS 0x00000000c4200000| PB 0x00000000c4200000| Untracked |  0
|   21|0x00000000c4300000, 0x00000000c4300000, 0x00000000c4400000|  0%| F|  |TAMS 0x00000000c4300000| PB 0x00000000c4300000| Untracked |  0
|   22|0x00000000c4400000, 0x00000000c4400000, 0x00000000c4500000|  0%| F|  |TAMS 0x00000000c4400000| PB 0x00000000c4400000| Untracked |  0
|   23|0x00000000c4500000, 0x00000000c4500000, 0x00000000c4600000|  0%| F|  |TAMS 0x00000000c4500000| PB 0x00000000c4500000| Untracked |  0
|   24|0x00000000c4600000, 0x00000000c4600000, 0x00000000c4700000|  0%| F|  |TAMS 0x00000000c4600000| PB 0x00000000c4600000| Untracked |  0
|   25|0x00000000c4700000, 0x00000000c4700000, 0x00000000c4800000|  0%| F|  |TAMS 0x00000000c4700000| PB 0x00000000c4700000| Untracked |  0
|   26|0x00000000c4800000, 0x00000000c4800000, 0x00000000c4900000|  0%| F|  |TAMS 0x00000000c4800000| PB 0x00000000c4800000| Untracked |  0
|   27|0x00000000c4900000, 0x00000000c4900000, 0x00000000c4a00000|  0%| F|  |TAMS 0x00000000c4900000| PB 0x00000000c4900000| Untracked |  0
|   28|0x00000000c4a00000, 0x00000000c4a51a28, 0x00000000c4b00000| 31%| S|CS|TAMS 0x00000000c4a00000| PB 0x00000000c4a00000| Complete  |  0
|   29|0x00000000c4b00000, 0x00000000c4c00000, 0x00000000c4c00000|100%| S|CS|TAMS 0x00000000c4b00000| PB 0x00000000c4b00000| Complete  |  0
|   30|0x00000000c4c00000, 0x00000000c4c00000, 0x00000000c4d00000|  0%| F|  |TAMS 0x00000000c4c00000| PB 0x00000000c4c00000| Untracked |  0
|   31|0x00000000c4d00000, 0x00000000c4d00000, 0x00000000c4e00000|  0%| F|  |TAMS 0x00000000c4d00000| PB 0x00000000c4d00000| Untracked |  0
|   32|0x00000000c4e00000, 0x00000000c4e00000, 0x00000000c4f00000|  0%| F|  |TAMS 0x00000000c4e00000| PB 0x00000000c4e00000| Untracked |  0
|   33|0x00000000c4f00000, 0x00000000c4f00000, 0x00000000c5000000|  0%| F|  |TAMS 0x00000000c4f00000| PB 0x00000000c4f00000| Untracked |  0
|   34|0x00000000c5000000, 0x00000000c50c2970, 0x00000000c5100000| 76%| E|CS|TAMS 0x00000000c5000000| PB 0x00000000c5000000| Complete  |  0
|   35|0x00000000c5100000, 0x00000000c5200000, 0x00000000c5200000|100%| E|CS|TAMS 0x00000000c5100000| PB 0x00000000c5100000| Complete  |  0
|   36|0x00000000c5200000, 0x00000000c5300000, 0x00000000c5300000|100%| E|CS|TAMS 0x00000000c5200000| PB 0x00000000c5200000| Complete  |  0
|   37|0x00000000c5300000, 0x00000000c5400000, 0x00000000c5400000|100%| E|CS|TAMS 0x00000000c5300000| PB 0x00000000c5300000| Complete  |  0
|   38|0x00000000c5400000, 0x00000000c5500000, 0x00000000c5500000|100%| E|CS|TAMS 0x00000000c5400000| PB 0x00000000c5400000| Complete  |  0
|   39|0x00000000c5500000, 0x00000000c5600000, 0x00000000c5600000|100%| E|CS|TAMS 0x00000000c5500000| PB 0x00000000c5500000| Complete  |  0
|   40|0x00000000c5600000, 0x00000000c5700000, 0x00000000c5700000|100%| E|CS|TAMS 0x00000000c5600000| PB 0x00000000c5600000| Complete  |  0
|  976|0x00000000ffe00000, 0x00000000fff00000, 0x00000000fff00000|100%| O|  |TAMS 0x00000000ffe00000| PB 0x00000000ffe00000| Untracked |  0

Card table byte_map: [0x000001def8f10000,0x000001def9100000] _byte_map_base: 0x000001def88f9000
Refinement table byte_map: [0x000001def9100000,0x000001def92f0000] _byte_map_base: 0x000001def8ae9000

Marking Bits: (CMBitMap*) 0x000001def717baa0
 Bits: [0x000001def92f0000, 0x000001defa238000)

Polling page: 0x000001def88f0000

Metaspace:
Metaspace        used 18236K, committed 18496K, reserved 1114112K
 class space     used 2260K, committed 2368K, reserved 1048576K

Usage:
  Non-class:     15.60 MB used.
      Class:      2.21 MB used.
       Both:     17.81 MB used.

Virtual space:
  Non-class space:       64.00 MB reserved,      15.75 MB ( 25%) committed,  1 nodes.
      Class space:        1.00 GB reserved,       2.31 MB ( <1%) committed,  1 nodes.
             Both:        1.06 GB reserved,      18.06 MB (  2%) committed. 

Chunk freelists:
   Non-Class:  128.00 KB
       Class:  13.56 MB
        Both:  13.69 MB

MaxMetaspaceSize: unlimited
CompressedClassSpaceSize: 1.00 GB
Initial GC threshold: 21.00 MB
Current GC threshold: 26.88 MB
CDS: on
 - commit_granule_bytes: 65536.
 - commit_granule_words: 8192.
 - virtual_space_node_default_size: 8388608.
 - enlarge_chunks_in_place: 1.
UseCompressedClassPointers 1, UseCompactObjectHeaders 0
Narrow klass pointer bits 32, Max shift 3
Narrow klass base: 0x0000000006000000, Narrow klass shift: 0
Encoding Range: [0x0000000006000000 - 0x0000000106000000), (4294967296 bytes)
Klass Range:    [0x0000000006000000 - 0x0000000047000000), (1090519040 bytes)
Klass ID Range:  [8 - 1090519033) (1090519025)
Protection zone: [0x0000000006000000 - 0x0000000006010000), (65536 bytes)


Internal statistics:

num_allocs_failed_limit: 0.
num_arena_births: 164.
num_arena_deaths: 24.
num_vsnodes_births: 2.
num_vsnodes_deaths: 0.
num_space_committed: 289.
num_space_uncommitted: 0.
num_chunks_returned_to_freelist: 24.
num_chunks_taken_from_freelist: 857.
num_chunk_merges: 4.
num_chunk_splits: 546.
num_chunks_enlarged: 431.
num_inconsistent_stats: 0.

CodeHeap 'non-profiled nmethods': size=120064Kb used=1148Kb max_used=1148Kb free=118915Kb
 bounds [0x000001de906b0000, 0x000001de90920000, 0x000001de97bf0000]
CodeHeap 'profiled nmethods': size=120064Kb used=5462Kb max_used=5462Kb free=114601Kb
 bounds [0x000001de88be0000, 0x000001de89140000, 0x000001de90120000]
CodeHeap 'non-nmethods': size=5696Kb used=1410Kb max_used=1455Kb free=4285Kb
 bounds [0x000001de90120000, 0x000001de90390000, 0x000001de906b0000]
CodeCache: size=245824Kb, used=8020Kb, max_used=8065Kb, free=237801Kb
 total_blobs=4070, nmethods=3542, adapters=432, full_count=0
Compilation: enabled, stopped_count=0, restarted_count=0

Compilation events (20 events):
Event: 23854.164 Thread 0x000001defc5fc5b0 nmethod 4069 0x000001de89130988 code [0x000001de89130a80, 0x000001de89135220]
Event: 23858.201 Thread 0x000001defc5fc5b0 4071       1       java.nio.MappedByteBuffer::fileDescriptor (5 bytes)
Event: 23858.256 Thread 0x000001defc5fc5b0 nmethod 4071 0x000001de907cd988 code [0x000001de907cda80, 0x000001de907cdb38]
Event: 23859.264 Thread 0x000001defc5fc5b0 4073       1       jdk.internal.jimage.ImageReader$Node::getName (5 bytes)
Event: 23859.264 Thread 0x000001defc5fc5b0 nmethod 4073 0x000001de907cdc88 code [0x000001de907cdd80, 0x000001de907cde38]
Event: 23861.348 Thread 0x000001defc5fc5b0 4074       1       jdk.internal.loader.BuiltinClassLoader$LoadedModule::mref (5 bytes)
Event: 23861.373 Thread 0x000001defc5fc5b0 nmethod 4074 0x000001de907cdf88 code [0x000001de907ce080, 0x000001de907ce138]
Event: 23861.405 Thread 0x000001defc5fc5b0 4075       3       jdk.internal.access.SharedSecrets::getJavaNioAccess (19 bytes)
Event: 23861.406 Thread 0x000001defc5fc5b0 nmethod 4075 0x000001de89135288 code [0x000001de89135380, 0x000001de89135470]
Event: 23864.572 Thread 0x000001defc5fc5b0 4076       1       jdk.internal.jimage.ImageReader$Resource::isResource (2 bytes)
Event: 23864.573 Thread 0x000001defc5fc5b0 nmethod 4076 0x000001de907ce288 code [0x000001de907ce380, 0x000001de907ce438]
Event: 23864.573 Thread 0x000001defc5fc5b0 4077       1       jdk.internal.jimage.ImageReader$Resource::getLocation (5 bytes)
Event: 23864.610 Thread 0x000001defc5fc5b0 nmethod 4077 0x000001de907cea08 code [0x000001de907ceb00, 0x000001de907cebb8]
Event: 23864.646 Thread 0x000001defc5fc5b0 4078       1       java.nio.DirectByteBufferR::isDirect (2 bytes)
Event: 23864.650 Thread 0x000001defc5fc5b0 nmethod 4078 0x000001de907ced08 code [0x000001de907cee00, 0x000001de907ceeb8]
Event: 23866.106 Thread 0x000001defc5da340 4080       4       java.lang.ClassLoader::getClassLoadingLock (35 bytes)
Event: 23866.445 Thread 0x000001defc5da340 nmethod 4080 0x000001de907cf008 code [0x000001de907cf100, 0x000001de907cf220]
Event: 23870.175 Thread 0x000001defc5da340 4081       4       java.lang.invoke.MethodType::makeImpl (109 bytes)
Event: 23871.114 Thread 0x000001defc5fc5b0 4082       3       java.lang.invoke.InfoFromMemberName::getModifiers (8 bytes)
Event: 23871.224 Thread 0x000001defc5fc5b0 nmethod 4082 0x000001de89135588 code [0x000001de89135680, 0x000001de89135860]

GC Heap Usage History (20 events):
Event: 23675.471 {heap Before GC invocations=27 (full 0):
 garbage-first heap   total reserved 1001472K, committed 14336K, used 9890K [0x00000000c2e00000, 0x0000000100000000)
  region size 1M, 1 eden (1M), 1 survivor (1M), 9 old (9M), 0 humongous (0M), 3 free (3M)
}
Event: 23675.524 {heap After GC invocations=28 (full 0):
 garbage-first heap   total reserved 1001472K, committed 14336K, used 8311K [0x00000000c2e00000, 0x0000000100000000)
  region size 1M, 0 eden (0M), 1 survivor (1M), 8 old (8M), 0 humongous (0M), 5 free (5M)
}
Event: 23676.343 {heap Before GC invocations=28 (full 0):
 garbage-first heap   total reserved 1001472K, committed 14336K, used 8311K [0x00000000c2e00000, 0x0000000100000000)
  region size 1M, 1 eden (1M), 1 survivor (1M), 8 old (8M), 0 humongous (0M), 4 free (4M)
}
Event: 23676.349 {heap After GC invocations=29 (full 0):
 garbage-first heap   total reserved 1001472K, committed 43008K, used 8316K [0x00000000c2e00000, 0x0000000100000000)
  region size 1M, 0 eden (0M), 1 survivor (1M), 8 old (8M), 0 humongous (0M), 33 free (33M)
}
Event: 23677.907 {heap Before GC invocations=30 (full 0):
 garbage-first heap   total reserved 1001472K, committed 43008K, used 9340K [0x00000000c2e00000, 0x0000000100000000)
  region size 1M, 1 eden (1M), 1 survivor (1M), 8 old (8M), 0 humongous (0M), 32 free (32M)
}
Event: 23677.910 {heap After GC invocations=31 (full 0):
 garbage-first heap   total reserved 1001472K, committed 43008K, used 8629K [0x00000000c2e00000, 0x0000000100000000)
  region size 1M, 0 eden (0M), 1 survivor (1M), 8 old (8M), 0 humongous (0M), 33 free (33M)
}
Event: 23678.240 {heap Before GC invocations=31 (full 0):
 garbage-first heap   total reserved 1001472K, committed 43008K, used 9653K [0x00000000c2e00000, 0x0000000100000000)
  region size 1M, 1 eden (1M), 1 survivor (1M), 8 old (8M), 0 humongous (0M), 32 free (32M)
}
Event: 23678.340 {heap After GC invocations=32 (full 0):
 garbage-first heap   total reserved 1001472K, committed 43008K, used 8546K [0x00000000c2e00000, 0x0000000100000000)
  region size 1M, 0 eden (0M), 1 survivor (1M), 8 old (8M), 0 humongous (0M), 33 free (33M)
}
Event: 23680.201 {heap Before GC invocations=32 (full 0):
 garbage-first heap   total reserved 1001472K, committed 43008K, used 9570K [0x00000000c2e00000, 0x0000000100000000)
  region size 1M, 1 eden (1M), 1 survivor (1M), 8 old (8M), 0 humongous (0M), 32 free (32M)
}
Event: 23680.206 {heap After GC invocations=33 (full 0):
 garbage-first heap   total reserved 1001472K, committed 43008K, used 8450K [0x00000000c2e00000, 0x0000000100000000)
  region size 1M, 0 eden (0M), 1 survivor (1M), 8 old (8M), 0 humongous (0M), 33 free (33M)
}
Event: 23682.508 {heap Before GC invocations=34 (full 0):
 garbage-first heap   total reserved 1001472K, committed 43008K, used 9474K [0x00000000c2e00000, 0x0000000100000000)
  region size 1M, 1 eden (1M), 1 survivor (1M), 8 old (8M), 0 humongous (0M), 32 free (32M)
}
Event: 23682.523 {heap After GC invocations=35 (full 0):
 garbage-first heap   total reserved 1001472K, committed 43008K, used 8424K [0x00000000c2e00000, 0x0000000100000000)
  region size 1M, 0 eden (0M), 1 survivor (1M), 8 old (8M), 0 humongous (0M), 33 free (33M)
}
Event: 23683.350 {heap Before GC invocations=35 (full 0):
 garbage-first heap   total reserved 1001472K, committed 43008K, used 9448K [0x00000000c2e00000, 0x0000000100000000)
  region size 1M, 1 eden (1M), 1 survivor (1M), 8 old (8M), 0 humongous (0M), 32 free (32M)
}
Event: 23683.369 {heap After GC invocations=36 (full 0):
 garbage-first heap   total reserved 1001472K, committed 43008K, used 8277K [0x00000000c2e00000, 0x0000000100000000)
  region size 1M, 0 eden (0M), 1 survivor (1M), 8 old (8M), 0 humongous (0M), 33 free (33M)
}
Event: 23689.530 {heap Before GC invocations=36 (full 0):
 garbage-first heap   total reserved 1001472K, committed 43008K, used 12373K [0x00000000c2e00000, 0x0000000100000000)
  region size 1M, 4 eden (4M), 1 survivor (1M), 8 old (8M), 0 humongous (0M), 29 free (29M)
}
Event: 23689.533 {heap After GC invocations=37 (full 0):
 garbage-first heap   total reserved 1001472K, committed 43008K, used 8827K [0x00000000c2e00000, 0x0000000100000000)
  region size 1M, 0 eden (0M), 1 survivor (1M), 8 old (8M), 0 humongous (0M), 33 free (33M)
}
Event: 23704.849 {heap Before GC invocations=38 (full 0):
 garbage-first heap   total reserved 1001472K, committed 43008K, used 12923K [0x00000000c2e00000, 0x0000000100000000)
  region size 1M, 5 eden (5M), 1 survivor (1M), 8 old (8M), 0 humongous (0M), 28 free (28M)
}
Event: 23704.913 {heap After GC invocations=39 (full 0):
 garbage-first heap   total reserved 1001472K, committed 43008K, used 8904K [0x00000000c2e00000, 0x0000000100000000)
  region size 1M, 0 eden (0M), 1 survivor (1M), 9 old (9M), 0 humongous (0M), 32 free (32M)
}
Event: 23731.323 {heap Before GC invocations=39 (full 0):
 garbage-first heap   total reserved 1001472K, committed 43008K, used 19144K [0x00000000c2e00000, 0x0000000100000000)
  region size 1M, 10 eden (10M), 1 survivor (1M), 9 old (9M), 0 humongous (0M), 22 free (22M)
}
Event: 23731.393 {heap After GC invocations=40 (full 0):
 garbage-first heap   total reserved 1001472K, committed 43008K, used 9812K [0x00000000c2e00000, 0x0000000100000000)
  region size 1M, 0 eden (0M), 2 survivor (2M), 9 old (9M), 0 humongous (0M), 31 free (31M)
}

Metaspace Usage History (20 events):
Event: 23675.471 {metaspace Before GC invocations=27 (full 0):
 Metaspace       used 14870K, committed 15104K, reserved 1114112K
  class space    used 1875K, committed 1984K, reserved 1048576K
}
Event: 23675.524 {metaspace After GC invocations=28 (full 0):
 Metaspace       used 14870K, committed 15104K, reserved 1114112K
  class space    used 1875K, committed 1984K, reserved 1048576K
}
Event: 23676.343 {metaspace Before GC invocations=28 (full 0):
 Metaspace       used 14897K, committed 15104K, reserved 1114112K
  class space    used 1875K, committed 1984K, reserved 1048576K
}
Event: 23676.349 {metaspace After GC invocations=29 (full 0):
 Metaspace       used 14897K, committed 15104K, reserved 1114112K
  class space    used 1875K, committed 1984K, reserved 1048576K
}
Event: 23677.907 {metaspace Before GC invocations=30 (full 0):
 Metaspace       used 14898K, committed 15104K, reserved 1114112K
  class space    used 1873K, committed 1984K, reserved 1048576K
}
Event: 23677.910 {metaspace After GC invocations=31 (full 0):
 Metaspace       used 14898K, committed 15104K, reserved 1114112K
  class space    used 1873K, committed 1984K, reserved 1048576K
}
Event: 23678.240 {metaspace Before GC invocations=31 (full 0):
 Metaspace       used 14916K, committed 15168K, reserved 1114112K
  class space    used 1873K, committed 1984K, reserved 1048576K
}
Event: 23678.340 {metaspace After GC invocations=32 (full 0):
 Metaspace       used 14916K, committed 15168K, reserved 1114112K
  class space    used 1873K, committed 1984K, reserved 1048576K
}
Event: 23680.201 {metaspace Before GC invocations=32 (full 0):
 Metaspace       used 15047K, committed 15232K, reserved 1114112K
  class space    used 1892K, committed 1984K, reserved 1048576K
}
Event: 23680.206 {metaspace After GC invocations=33 (full 0):
 Metaspace       used 15047K, committed 15232K, reserved 1114112K
  class space    used 1892K, committed 1984K, reserved 1048576K
}
Event: 23682.509 {metaspace Before GC invocations=34 (full 0):
 Metaspace       used 15123K, committed 15296K, reserved 1114112K
  class space    used 1901K, committed 1984K, reserved 1048576K
}
Event: 23682.523 {metaspace After GC invocations=35 (full 0):
 Metaspace       used 15123K, committed 15296K, reserved 1114112K
  class space    used 1901K, committed 1984K, reserved 1048576K
}
Event: 23683.350 {metaspace Before GC invocations=35 (full 0):
 Metaspace       used 15156K, committed 15424K, reserved 1114112K
  class space    used 1904K, committed 1984K, reserved 1048576K
}
Event: 23683.369 {metaspace After GC invocations=36 (full 0):
 Metaspace       used 15156K, committed 15424K, reserved 1114112K
  class space    used 1904K, committed 1984K, reserved 1048576K
}
Event: 23689.530 {metaspace Before GC invocations=36 (full 0):
 Metaspace       used 15278K, committed 15488K, reserved 1114112K
  class space    used 1907K, committed 1984K, reserved 1048576K
}
Event: 23689.533 {metaspace After GC invocations=37 (full 0):
 Metaspace       used 15278K, committed 15488K, reserved 1114112K
  class space    used 1907K, committed 1984K, reserved 1048576K
}
Event: 23704.849 {metaspace Before GC invocations=38 (full 0):
 Metaspace       used 15673K, committed 15936K, reserved 1114112K
  class space    used 1957K, committed 2048K, reserved 1048576K
}
Event: 23704.913 {metaspace After GC invocations=39 (full 0):
 Metaspace       used 15673K, committed 15936K, reserved 1114112K
  class space    used 1957K, committed 2048K, reserved 1048576K
}
Event: 23731.323 {metaspace Before GC invocations=39 (full 0):
 Metaspace       used 16243K, committed 16512K, reserved 1114112K
  class space    used 2021K, committed 2176K, reserved 1048576K
}
Event: 23731.393 {metaspace After GC invocations=40 (full 0):
 Metaspace       used 16243K, committed 16512K, reserved 1114112K
  class space    used 2021K, committed 2176K, reserved 1048576K
}

Dll operation events (14 events):
Event: 0.016 Attempting to load shared library C:\Program Files\Java\jdk-26.0.1\bin\java.dll
Event: 0.019 Loaded shared library C:\Program Files\Java\jdk-26.0.1\bin\java.dll
Event: 0.092 Attempting to load shared library C:\Program Files\Java\jdk-26.0.1\bin\net.dll
Event: 0.095 Loaded shared library C:\Program Files\Java\jdk-26.0.1\bin\net.dll
Event: 0.098 Attempting to load shared library C:\Program Files\Java\jdk-26.0.1\bin\nio.dll
Event: 0.102 Loaded shared library C:\Program Files\Java\jdk-26.0.1\bin\nio.dll
Event: 0.113 Attempting to load shared library C:\Program Files\Java\jdk-26.0.1\bin\zip.dll
Event: 0.117 Loaded shared library C:\Program Files\Java\jdk-26.0.1\bin\zip.dll
Event: 0.495 Attempting to load shared library C:\Users\gondi\OneDrive\Documentos\Modelos Personalizados do Office\netbeans\java\maven\lib\jansi-native\Windows\x86_64\jansi.dll
Event: 0.497 Loaded shared library C:\Users\gondi\OneDrive\Documentos\Modelos Personalizados do Office\netbeans\java\maven\lib\jansi-native\Windows\x86_64\jansi.dll
Event: 0.501 Attempting to load shared library C:\Program Files\Java\jdk-26.0.1\bin\jimage.dll
Event: 0.501 Loaded shared library C:\Program Files\Java\jdk-26.0.1\bin\jimage.dll
Event: 0.524 Attempting to load shared library C:\Program Files\Java\jdk-26.0.1\bin\verify.dll
Event: 0.532 Loaded shared library C:\Program Files\Java\jdk-26.0.1\bin\verify.dll

Deoptimization events (20 events):
Event: 23718.576 Thread 0x000001def7151030 DEOPT PACKING pc=0x000001de9073555c sp=0x00000085181fd9e0
Event: 23718.576 Thread 0x000001def7151030 DEOPT UNPACKING pc=0x000001de9023907c sp=0x00000085181fd978 mode 2
Event: 23720.710 Thread 0x000001def7151030 Uncommon trap: trap_request=0xffffff45 fr.pc=0x000001de90794638 relative=0x00000000000000b8
Event: 23720.710 Thread 0x000001def7151030 Uncommon trap: reason=unstable_if action=reinterpret pc=0x000001de90794638 method=org.apache.maven.model.io.xpp3.MavenXpp3Reader.nextTag(Lorg/codehaus/plexus/util/xml/pull/XmlPullParser;)I @ 9 c2
Event: 23720.710 Thread 0x000001def7151030 DEOPT PACKING pc=0x000001de90794638 sp=0x00000085181fd0e0
Event: 23720.710 Thread 0x000001def7151030 DEOPT UNPACKING pc=0x000001de9023907c sp=0x00000085181fd070 mode 2
Event: 23722.374 Thread 0x000001def7151030 DEOPT PACKING pc=0x000001de890449cc sp=0x00000085181fca70
Event: 23722.374 Thread 0x000001def7151030 DEOPT UNPACKING pc=0x000001de90171363 sp=0x00000085181fbfc8 mode 0
Event: 23743.652 Thread 0x000001def7151030 Uncommon trap: trap_request=0xffffffc6 fr.pc=0x000001de9070d5ec relative=0x000000000000026c
Event: 23743.652 Thread 0x000001def7151030 Uncommon trap: reason=bimorphic_or_optimized_type_check action=maybe_recompile pc=0x000001de9070d5ec method=java.nio.Buffer.<init>(IIIILjava/lang/foreign/MemorySegment;)V @ 39 c2
Event: 23743.652 Thread 0x000001def7151030 DEOPT PACKING pc=0x000001de9070d5ec sp=0x00000085181f8c80
Event: 23743.652 Thread 0x000001def7151030 DEOPT UNPACKING pc=0x000001de9023907c sp=0x00000085181f8c08 mode 2
Event: 23744.069 Thread 0x000001def7151030 Uncommon trap: trap_request=0xffffffc6 fr.pc=0x000001de9070d5ec relative=0x000000000000026c
Event: 23744.069 Thread 0x000001def7151030 Uncommon trap: reason=bimorphic_or_optimized_type_check action=maybe_recompile pc=0x000001de9070d5ec method=java.nio.Buffer.<init>(IIIILjava/lang/foreign/MemorySegment;)V @ 39 c2
Event: 23744.078 Thread 0x000001def7151030 DEOPT PACKING pc=0x000001de9070d5ec sp=0x00000085181f8c80
Event: 23744.078 Thread 0x000001def7151030 DEOPT UNPACKING pc=0x000001de9023907c sp=0x00000085181f8c08 mode 2
Event: 23773.183 Thread 0x000001def7151030 Uncommon trap: trap_request=0xffffffbe fr.pc=0x000001de9075af18 relative=0x0000000000000d98
Event: 23773.204 Thread 0x000001def7151030 Uncommon trap: reason=profile_predicate action=maybe_recompile pc=0x000001de9075af18 method=java.util.TimSort.binarySort([Ljava/lang/Object;IIILjava/util/Comparator;)V @ 34 c2
Event: 23773.205 Thread 0x000001def7151030 DEOPT PACKING pc=0x000001de9075af18 sp=0x00000085181fe230
Event: 23773.205 Thread 0x000001def7151030 DEOPT UNPACKING pc=0x000001de9023907c sp=0x00000085181fe1f0 mode 2

Classes loaded (20 events):
Event: 23826.405 Loading class java/nio/charset/IllegalCharsetNameException
Event: 23826.498 Loading class java/nio/charset/IllegalCharsetNameException done
Event: 23827.271 Loading class java/nio/file/ProviderNotFoundException
Event: 23827.333 Loading class java/nio/file/ProviderNotFoundException done
Event: 23837.799 Loading class java/util/JumboEnumSet
Event: 23838.009 Loading class java/util/JumboEnumSet done
Event: 23856.133 Loading class java/nio/file/FileSystemNotFoundException
Event: 23856.222 Loading class java/nio/file/FileSystemNotFoundException done
Event: 23856.249 Loading class java/util/JumboEnumSet$EnumSetIterator
Event: 23856.328 Loading class java/util/JumboEnumSet$EnumSetIterator done
Event: 23858.210 Loading class java/util/MissingResourceException
Event: 23858.309 Loading class java/util/MissingResourceException done
Event: 23860.078 Loading class java/util/ResourceBundle$CacheKey
Event: 23860.369 Loading class java/util/ResourceBundle$CacheKey done
Event: 23860.369 Loading class java/util/ResourceBundle$KeyElementReference
Event: 23860.437 Loading class java/util/ResourceBundle$CacheKeyReference
Event: 23860.437 Loading class java/util/ResourceBundle$CacheKeyReference done
Event: 23860.459 Loading class java/util/ResourceBundle$KeyElementReference done
Event: 23863.749 Loading class java/util/ResourceBundle$BundleReference
Event: 23863.749 Loading class java/util/ResourceBundle$BundleReference done

Classes unloaded (12 events):
Event: 23664.895 Thread 0x000001defc5b5730 Unloading class 0x00000000071a0000 'java/lang/invoke/LambdaForm$DMH+0x00000000071a0000'
Event: 23664.906 Thread 0x000001defc5b5730 Unloading class 0x0000000007190c00 'java/lang/invoke/LambdaForm$MH+0x0000000007190c00'
Event: 23664.906 Thread 0x000001defc5b5730 Unloading class 0x0000000007190000 'java/lang/invoke/LambdaForm$MH+0x0000000007190000'
Event: 23664.906 Thread 0x000001defc5b5730 Unloading class 0x0000000007049c00 'java/lang/invoke/LambdaForm$MH+0x0000000007049c00'
Event: 23664.927 Thread 0x000001defc5b5730 Unloading class 0x0000000007048c00 'java/lang/invoke/LambdaForm$MH+0x0000000007048c00'
Event: 23664.927 Thread 0x000001defc5b5730 Unloading class 0x0000000007048800 'java/lang/invoke/LambdaForm$MH+0x0000000007048800'
Event: 23664.927 Thread 0x000001defc5b5730 Unloading class 0x0000000007048000 'java/lang/invoke/LambdaForm$MH+0x0000000007048000'
Event: 23676.483 Thread 0x000001defc5b5730 Unloading class 0x0000000007201800 'java/lang/invoke/LambdaForm$MH+0x0000000007201800'
Event: 23676.483 Thread 0x000001defc5b5730 Unloading class 0x0000000007201400 'java/lang/invoke/LambdaForm$MH+0x0000000007201400'
Event: 23676.483 Thread 0x000001defc5b5730 Unloading class 0x0000000007201000 'java/lang/invoke/LambdaForm$BMH+0x0000000007201000'
Event: 23676.483 Thread 0x000001defc5b5730 Unloading class 0x00000000071b9800 'java/lang/invoke/LambdaForm$MH+0x00000000071b9800'
Event: 23676.483 Thread 0x000001defc5b5730 Unloading class 0x00000000071b9400 'java/lang/invoke/LambdaForm$MH+0x00000000071b9400'

Classes redefined (0 events):
No events

Internal exceptions (20 events):
Event: 23715.591 Thread 0x000001def7151030 Exception <a 'java/io/IOException'{0x00000000c545af38}> (0x00000000c545af38) 
thrown [s\open\src\hotspot\share\prims\jni.cpp, line 514]
Event: 23715.591 Thread 0x000001def7151030 Exception <a 'java/io/IOException'{0x00000000c545b720}> (0x00000000c545b720) 
thrown [s\open\src\hotspot\share\prims\jni.cpp, line 514]
Event: 23715.591 Thread 0x000001def7151030 Exception <a 'java/io/IOException'{0x00000000c545bd28}> (0x00000000c545bd28) 
thrown [s\open\src\hotspot\share\prims\jni.cpp, line 514]
Event: 23715.591 Thread 0x000001def7151030 Exception <a 'java/io/IOException'{0x00000000c545c2f8}> (0x00000000c545c2f8) 
thrown [s\open\src\hotspot\share\prims\jni.cpp, line 514]
Event: 23715.591 Thread 0x000001def7151030 Exception <a 'java/io/IOException'{0x00000000c545c8c8}> (0x00000000c545c8c8) 
thrown [s\open\src\hotspot\share\prims\jni.cpp, line 514]
Event: 23715.591 Thread 0x000001def7151030 Exception <a 'java/io/IOException'{0x00000000c545d730}> (0x00000000c545d730) 
thrown [s\open\src\hotspot\share\prims\jni.cpp, line 514]
Event: 23715.591 Thread 0x000001def7151030 Exception <a 'java/io/IOException'{0x00000000c545dd38}> (0x00000000c545dd38) 
thrown [s\open\src\hotspot\share\prims\jni.cpp, line 514]
Event: 23715.591 Thread 0x000001def7151030 Exception <a 'java/io/IOException'{0x00000000c545e308}> (0x00000000c545e308) 
thrown [s\open\src\hotspot\share\prims\jni.cpp, line 514]
Event: 23715.591 Thread 0x000001def7151030 Exception <a 'java/io/IOException'{0x00000000c545e8d8}> (0x00000000c545e8d8) 
thrown [s\open\src\hotspot\share\prims\jni.cpp, line 514]
Event: 23777.916 Thread 0x000001def7151030 Exception <a 'java/io/IOException'{0x00000000c52f0c50}> (0x00000000c52f0c50) 
thrown [s\open\src\hotspot\share\prims\jni.cpp, line 514]
Event: 23777.927 Thread 0x000001def7151030 Exception <a 'java/io/IOException'{0x00000000c52f1258}> (0x00000000c52f1258) 
thrown [s\open\src\hotspot\share\prims\jni.cpp, line 514]
Event: 23777.927 Thread 0x000001def7151030 Exception <a 'java/io/IOException'{0x00000000c52f1828}> (0x00000000c52f1828) 
thrown [s\open\src\hotspot\share\prims\jni.cpp, line 514]
Event: 23777.927 Thread 0x000001def7151030 Exception <a 'java/io/IOException'{0x00000000c52f1df8}> (0x00000000c52f1df8) 
thrown [s\open\src\hotspot\share\prims\jni.cpp, line 514]
Event: 23783.179 Thread 0x000001def7151030 Exception <a 'java/lang/IncompatibleClassChangeError'{0x00000000c52fefd0}: Found class java.lang.Object, but interface was expected> (0x00000000c52fefd0) 
thrown [s\open\src\hotspot\share\interpreter\linkResolver.cpp, line 871]
Event: 23785.477 Thread 0x000001def7151030 Exception <a 'java/lang/NoSuchMethodError'{0x00000000c5112e28}: 'void java.lang.invoke.DirectMethodHandle$Holder.invokeInterface(java.lang.Object, java.lang.Object, java.lang.Object)'> (0x00000000c5112e28) 
thrown [s\open\src\hotspot\share\interpreter\linkResolver.cpp, line 804]
Event: 23786.550 Thread 0x000001def7151030 Exception <a 'sun/nio/fs/WindowsException'{0x00000000c5122178}> (0x00000000c5122178) 
thrown [s\open\src\hotspot\share\prims\jni.cpp, line 514]
Event: 23796.607 Thread 0x000001def7151030 Exception <a 'java/io/IOException'{0x00000000c51733c0}> (0x00000000c51733c0) 
thrown [s\open\src\hotspot\share\prims\jni.cpp, line 514]
Event: 23796.658 Thread 0x000001def7151030 Exception <a 'java/io/IOException'{0x00000000c51794d0}> (0x00000000c51794d0) 
thrown [s\open\src\hotspot\share\prims\jni.cpp, line 514]
Event: 23796.681 Thread 0x000001def7151030 Exception <a 'java/io/IOException'{0x00000000c5179aa0}> (0x00000000c5179aa0) 
thrown [s\open\src\hotspot\share\prims\jni.cpp, line 514]
Event: 23796.681 Thread 0x000001def7151030 Exception <a 'java/io/IOException'{0x00000000c517a070}> (0x00000000c517a070) 
thrown [s\open\src\hotspot\share\prims\jni.cpp, line 514]

VM Operations (20 events):
Event: 23720.361 Executing non-safepoint VM operation: HandshakeAllThreads (DeflationHandshakeClosure)
Event: 23720.378 Executing non-safepoint VM operation: HandshakeAllThreads (DeflationHandshakeClosure) done
Event: 23720.380 Executing non-safepoint VM operation: RendezvousGCThreads
Event: 23720.380 Executing non-safepoint VM operation: RendezvousGCThreads done
Event: 23731.323 Executing safepoint VM operation: G1CollectForAllocation (G1 Evacuation Pause)
Event: 23731.393 Executing safepoint VM operation: G1CollectForAllocation (G1 Evacuation Pause) done
Event: 23731.692 Executing safepoint VM operation: G1PauseRemark
Event: 23732.819 Executing safepoint VM operation: G1PauseRemark done
Event: 23732.826 Executing safepoint VM operation: G1PauseCleanup
Event: 23732.852 Executing safepoint VM operation: G1PauseCleanup done
Event: 23780.496 Executing non-safepoint VM operation: HandshakeAllThreads (DeflationHandshakeClosure)
Event: 23780.540 Executing non-safepoint VM operation: HandshakeAllThreads (DeflationHandshakeClosure) done
Event: 23780.542 Executing non-safepoint VM operation: RendezvousGCThreads
Event: 23780.542 Executing non-safepoint VM operation: RendezvousGCThreads done
Event: 23838.919 Executing non-safepoint VM operation: HandshakeAllThreads (Deoptimize)
Event: 23838.959 Executing non-safepoint VM operation: HandshakeAllThreads (Deoptimize) done
Event: 23840.574 Executing non-safepoint VM operation: HandshakeAllThreads (DeflationHandshakeClosure)
Event: 23840.586 Executing non-safepoint VM operation: HandshakeAllThreads (DeflationHandshakeClosure) done
Event: 23840.586 Executing non-safepoint VM operation: RendezvousGCThreads
Event: 23840.586 Executing non-safepoint VM operation: RendezvousGCThreads done

Memory protections (0 events):
No events

Nmethod flushes (20 events):
Event: 23732.818 Thread 0x000001defc5b5730 flushing  nmethod 0x000001de89046608
Event: 23732.818 Thread 0x000001defc5b5730 flushing  nmethod 0x000001de8904d788
Event: 23732.818 Thread 0x000001defc5b5730 flushing  nmethod 0x000001de8904da88
Event: 23732.818 Thread 0x000001defc5b5730 flushing  nmethod 0x000001de8904ec08
Event: 23732.818 Thread 0x000001defc5b5730 flushing  nmethod 0x000001de90780c88
Event: 23732.818 Thread 0x000001defc5b5730 flushing  nmethod 0x000001de90785208
Event: 23732.818 Thread 0x000001defc5b5730 flushing  nmethod 0x000001de9078de88
Event: 23732.818 Thread 0x000001defc5b5730 flushing  nmethod 0x000001de88c0b508
Event: 23732.818 Thread 0x000001defc5b5730 flushing  nmethod 0x000001de88c13888
Event: 23732.818 Thread 0x000001defc5b5730 flushing  nmethod 0x000001de88c6d708
Event: 23732.818 Thread 0x000001defc5b5730 flushing  nmethod 0x000001de88c7ac88
Event: 23732.818 Thread 0x000001defc5b5730 flushing  nmethod 0x000001de88c7fc88
Event: 23732.818 Thread 0x000001defc5b5730 flushing  nmethod 0x000001de88c8c008
Event: 23732.818 Thread 0x000001defc5b5730 flushing  nmethod 0x000001de88c90e08
Event: 23732.818 Thread 0x000001defc5b5730 flushing  nmethod 0x000001de88c97608
Event: 23732.818 Thread 0x000001defc5b5730 flushing  nmethod 0x000001de88cf5908
Event: 23732.818 Thread 0x000001defc5b5730 flushing  nmethod 0x000001de88da5988
Event: 23732.818 Thread 0x000001defc5b5730 flushing  nmethod 0x000001de88dbd388
Event: 23732.818 Thread 0x000001defc5b5730 flushing  nmethod 0x000001de88e24e88
Event: 23732.818 Thread 0x000001defc5b5730 flushing  nmethod 0x000001de88f89a88

Events (13 events):
Event: 0.039 Thread 0x000001def7151030 Thread added: 0x000001def7151030
Event: 0.059 Thread 0x000001def7151030 Thread added: 0x000001defc5c6090
Event: 0.059 Thread 0x000001def7151030 Thread added: 0x000001defc5c92f0
Event: 0.060 Thread 0x000001def7151030 Thread added: 0x000001defc5cf780
Event: 0.060 Thread 0x000001def7151030 Thread added: 0x000001defc5cff30
Event: 0.060 Thread 0x000001def7151030 Thread added: 0x000001defc5d0b70
Event: 0.060 Thread 0x000001def7151030 Thread added: 0x000001defc5d4460
Event: 0.060 Thread 0x000001def7151030 Thread added: 0x000001defc5da340
Event: 0.060 Thread 0x000001def7151030 Thread added: 0x000001defc5fc5b0
Event: 0.080 Thread 0x000001def7151030 Thread added: 0x000001de97c48190
Event: 0.087 Thread 0x000001def7151030 Thread added: 0x000001de97c49f40
Event: 0.489 Thread 0x000001def7151030 Thread added: 0x000001de97ff7f50
Event: 1.782 Thread 0x000001de97ff7f50 Thread exited: 0x000001de97ff7f50


Dynamic libraries:
0x00007ff7fed50000 - 0x00007ff7fed60000 	C:\Program Files\Java\jdk-26.0.1\bin\java.exe
0x00007ffebc980000 - 0x00007ffebcbe7000 	C:\Windows\SYSTEM32\ntdll.dll
0x00007ffeba710000 - 0x00007ffeba7d9000 	C:\Windows\System32\KERNEL32.DLL
0x00007ffeba250000 - 0x00007ffeba644000 	C:\Windows\System32\KERNELBASE.dll
0x00007ffeb6750000 - 0x00007ffeb67ef000 	C:\Windows\SYSTEM32\apphelp.dll
0x00007ffeb9250000 - 0x00007ffeb939b000 	C:\Windows\System32\ucrtbase.dll
0x00007ffea89e0000 - 0x00007ffea89fe000 	C:\Program Files\Java\jdk-26.0.1\bin\VCRUNTIME140.dll
0x00007ffe9c530000 - 0x00007ffe9c547000 	C:\Program Files\Java\jdk-26.0.1\bin\jli.dll
0x00007ffebb680000 - 0x00007ffebb845000 	C:\Windows\System32\USER32.dll
0x00007ffeb93a0000 - 0x00007ffeb93c7000 	C:\Windows\System32\win32u.dll
0x00007ffebbc90000 - 0x00007ffebbcbb000 	C:\Windows\System32\GDI32.dll
0x00007ffea9eb0000 - 0x00007ffeaa143000 	C:\Windows\WinSxS\amd64_microsoft.windows.common-controls_6595b64144ccf1df_6.0.26100.8115_none_3e075c82e3354f9c\COMCTL32.dll
0x00007ffeb98b0000 - 0x00007ffeb99db000 	C:\Windows\System32\gdi32full.dll
0x00007ffebc520000 - 0x00007ffebc5c9000 	C:\Windows\System32\msvcrt.dll
0x00007ffeb9540000 - 0x00007ffeb95e3000 	C:\Windows\System32\msvcp_win.dll
0x00007ffeba890000 - 0x00007ffeba8c2000 	C:\Windows\System32\IMM32.DLL
0x00007ffeacd60000 - 0x00007ffeacd6c000 	C:\Program Files\Java\jdk-26.0.1\bin\vcruntime140_1.dll
0x00007ffe8d9a0000 - 0x00007ffe8da2d000 	C:\Program Files\Java\jdk-26.0.1\bin\msvcp140.dll
0x00007ffe24e60000 - 0x00007ffe25d2e000 	C:\Program Files\Java\jdk-26.0.1\bin\server\jvm.dll
0x00007ffebc1f0000 - 0x00007ffebc2a6000 	C:\Windows\System32\ADVAPI32.dll
0x00007ffeba7e0000 - 0x00007ffeba887000 	C:\Windows\System32\sechost.dll
0x00007ffebacf0000 - 0x00007ffebae08000 	C:\Windows\System32\RPCRT4.dll
0x00007ffebc2b0000 - 0x00007ffebc330000 	C:\Windows\System32\WS2_32.dll
0x00007ffeb90b0000 - 0x00007ffeb910e000 	C:\Windows\SYSTEM32\POWRPROF.dll
0x00007ffeaa3d0000 - 0x00007ffeaa406000 	C:\Windows\SYSTEM32\WINMM.dll
0x00007ffeb2e10000 - 0x00007ffeb2e1b000 	C:\Windows\SYSTEM32\VERSION.dll
0x00007ffeb9090000 - 0x00007ffeb90a4000 	C:\Windows\SYSTEM32\UMPDC.dll
0x00007ffeb7fe0000 - 0x00007ffeb7ffb000 	C:\Windows\SYSTEM32\kernel.appcore.dll
0x00007ffe9c860000 - 0x00007ffe9c86a000 	C:\Program Files\Java\jdk-26.0.1\bin\jimage.dll
0x00007ffeb7130000 - 0x00007ffeb7372000 	C:\Windows\SYSTEM32\DBGHELP.DLL
0x00007ffeba960000 - 0x00007ffebace2000 	C:\Windows\System32\combase.dll
0x00007ffebbb20000 - 0x00007ffebbbf8000 	C:\Windows\System32\OLEAUT32.dll
0x00007ffeb4230000 - 0x00007ffeb426b000 	C:\Windows\SYSTEM32\dbgcore.DLL
0x00007ffeb9770000 - 0x00007ffeb9815000 	C:\Windows\System32\bcryptPrimitives.dll
0x00007ffe9ca80000 - 0x00007ffe9ca9f000 	C:\Program Files\Java\jdk-26.0.1\bin\java.dll
0x00007ffebc5d0000 - 0x00007ffebc767000 	C:\Windows\System32\ole32.dll
0x00007ffebae10000 - 0x00007ffebb577000 	C:\Windows\System32\SHELL32.dll
0x00007ffeb93d0000 - 0x00007ffeb953a000 	C:\Windows\System32\wintypes.dll
0x00007ffeb99e0000 - 0x00007ffeba248000 	C:\Windows\System32\windows.storage.dll
0x00007ffebc770000 - 0x00007ffebc868000 	C:\Windows\System32\SHCORE.dll
0x00007ffebc180000 - 0x00007ffebc1e6000 	C:\Windows\System32\shlwapi.dll
0x00007ffeb9170000 - 0x00007ffeb9199000 	C:\Windows\SYSTEM32\profapi.dll
0x00007ffe9c2d0000 - 0x00007ffe9c2e2000 	C:\Program Files\Java\jdk-26.0.1\bin\net.dll
0x00007ffeb8550000 - 0x00007ffeb85bc000 	C:\Windows\system32\mswsock.dll
0x00007ffe9adf0000 - 0x00007ffe9ae06000 	C:\Program Files\Java\jdk-26.0.1\bin\nio.dll
0x00007ffe9c4c0000 - 0x00007ffe9c4d7000 	C:\Program Files\Java\jdk-26.0.1\bin\zip.dll
0x00007ffea8a00000 - 0x00007ffea8a24000 	C:\Users\gondi\OneDrive\Documentos\Modelos Personalizados do Office\netbeans\java\maven\lib\jansi-native\Windows\x86_64\jansi.dll
0x00007ffe9c080000 - 0x00007ffe9c090000 	C:\Program Files\Java\jdk-26.0.1\bin\verify.dll

JVMTI agents: none

dbghelp: loaded successfully - version: 4.0.5 - missing functions: none
symbol engine: initialized successfully - sym options: 0x614 - pdb path: .;C:\Program Files\Java\jdk-26.0.1\bin;C:\Windows\SYSTEM32;C:\Windows\WinSxS\amd64_microsoft.windows.common-controls_6595b64144ccf1df_6.0.26100.8115_none_3e075c82e3354f9c;C:\Program Files\Java\jdk-26.0.1\bin\server;C:\Users\gondi\OneDrive\Documentos\Modelos Personalizados do Office\netbeans\java\maven\lib\jansi-native\Windows\x86_64

VM Arguments:
jvm_args: --enable-native-access=ALL-UNNAMED -Dclassworlds.conf=C:\Users\gondi\OneDrive\Documentos\Modelos Personalizados do Office\netbeans\java\maven\bin\m2.conf -Dmaven.home=C:\Users\gondi\OneDrive\Documentos\Modelos Personalizados do Office\netbeans\java\maven -Dlibrary.jansi.path=C:\Users\gondi\OneDrive\Documentos\Modelos Personalizados do Office\netbeans\java\maven\lib\jansi-native -Dmaven.multiModuleProjectDirectory=C:\Users\gondi\OneDrive\Documentos\NetBeansProjects\SistemaGestaoProjetos 
java_command: org.codehaus.plexus.classworlds.launcher.Launcher -Dexec.vmArgs= -Dexec.args=${exec.vmArgs} -classpath %classpath ${exec.mainClass} ${exec.appArgs} -Dexec.appArgs= -Dexec.mainClass=com.mycompany.sistemagestaoprojetos.SistemaGestaoProjetos -Dexec.executable=C:\Program Files\Java\jdk-26.0.1\bin\java.exe -Dmaven.ext.class.path=C:\Users\gondi\OneDrive\Documentos\Modelos Personalizados do Office\netbeans\java\maven-nblib\netbeans-eventspy.jar --no-transfer-progress process-classes org.codehaus.mojo:exec-maven-plugin:3.5.1:exec
java_class_path (initial): C:\Users\gondi\OneDrive\Documentos\Modelos Personalizados do Office\netbeans\java\maven\boot\plexus-classworlds-2.9.0.jar
Launcher Type: SUN_STANDARD

[Global flags]
     bool AOTAdapterCaching                        = false                                  {diagnostic} {ergonomic}
     bool AOTInvokeDynamicLinking                  = false                                  {diagnostic} {ergonomic}
     bool AOTRecordTraining                        = false                                  {diagnostic} {ergonomic}
     bool AOTReplayTraining                        = false                                  {diagnostic} {ergonomic}
     bool AOTStubCaching                           = false                                  {diagnostic} {ergonomic}
     intx CICompilerCount                          = 2                                         {product} {ergonomic}
     uint ConcGCThreads                            = 1                                         {product} {ergonomic}
     uint G1ConcRefinementThreads                  = 2                                         {product} {ergonomic}
     uint G1EagerReclaimRemSetThreshold            = 10                                   {experimental} {ergonomic}
   size_t G1HeapRegionSize                         = 1048576                                   {product} {ergonomic}
     uint G1RemSetArrayOfCardsEntries              = 10                                   {experimental} {ergonomic}
     uint G1RemSetHowlMaxNumBuckets                = 8                                    {experimental} {ergonomic}
     uint G1RemSetHowlNumBuckets                   = 4                                    {experimental} {ergonomic}
   size_t InitialHeapSize                          = 8388608                                   {product} {ergonomic}
     bool IntelJccErratumMitigation                = false                             {ARCH diagnostic} {ergonomic}
   size_t MarkStackSize                            = 4194304                                   {product} {ergonomic}
   size_t MarkStackSizeMax                         = 536870912                                 {product} {ergonomic}
   size_t MaxHeapSize                              = 1025507328                                {product} {ergonomic}
   size_t MaxNewSize                               = 614465536                                 {product} {ergonomic}
 uint64_t MaxRAM                                   = 4095401984                                {product} {ergonomic}
   size_t MinHeapDeltaBytes                        = 1048576                                   {product} {ergonomic}
   size_t MinHeapSize                              = 8388608                                   {product} {ergonomic}
   size_t NonNMethodCodeHeapSize                   = 5832704                                {pd product} {ergonomic}
   size_t NonProfiledCodeHeapSize                  = 122945536                              {pd product} {ergonomic}
   size_t ProfiledCodeHeapSize                     = 122945536                              {pd product} {ergonomic}
   size_t ReservedCodeCacheSize                    = 251723776                              {pd product} {ergonomic}
     bool SegmentedCodeCache                       = true                                      {product} {ergonomic}
   size_t SoftMaxHeapSize                          = 1025507328                             {manageable} {ergonomic}
     bool UseCompressedOops                        = true                           {product lp64_product} {ergonomic}
     bool UseCondCardMark                          = true                                      {product} {ergonomic}
     bool UseFastUnorderedTimeStamps               = true                                 {experimental} {ergonomic}
     bool UseG1GC                                  = true                                      {product} {ergonomic}
     bool UseLargePagesIndividualAllocation        = false                                  {pd product} {ergonomic}
      int X86ICacheSync                            = 3                                 {ARCH diagnostic} {ergonomic}

Logging:
Log output configuration:
 #0: stdout all=warning uptime,level,tags foldmultilines=false
 #1: stderr all=off uptime,level,tags foldmultilines=false

Release file:
IMPLEMENTOR="Oracle Corporation" 
JAVA_RUNTIME_VERSION="26.0.1+8-34" 
JAVA_VERSION="26.0.1" 
JAVA_VERSION_DATE="2026-04-21" 
LIBC="default" 
MODULES="java.base java.compiler java.datatransfer java.xml java.prefs java.desktop java.instrument java.logging java.management java.security.sasl java.naming java.rmi java.management.rmi java.net.http java.scripting java.security.jgss java.transaction.xa java.sql java.sql.rowset java.xml.crypto java.se java.smartcardio jdk.accessibility jdk.internal.jvmstat jdk.attach jdk.charsets jdk.internal.opt jdk.zipfs jdk.compiler jdk.crypto.cryptoki jdk.crypto.ec jdk.crypto.mscapi jdk.dynalink jdk.internal.ed jdk.editpad jdk.internal.vm.ci jdk.graal.compiler jdk.graal.compiler.management jdk.hotspot.agent jdk.httpserver jdk.incubator.vector jdk.internal.le jdk.internal.md jdk.jartool jdk.javadoc jdk.jcmd jdk.management jdk.management.agent jdk.jconsole jdk.jdeps jdk.jdwp.agent jdk.jdi jdk.jfr jdk.jlink jdk.jpackage jdk.jshell jdk.jstatd jdk.localedata jdk.management.jfr jdk.naming.dns jdk.naming.rmi jdk.net jdk.nio.mapmode jdk.sctp jdk.security.auth jdk.security.jgss jdk.unsupported jdk.unsupported.desktop jdk.xml.dom" 
OS_ARCH="x86_64" 
OS_NAME="Windows" 
SOURCE=".:git:8fcde8268d22 open:git:fcc00fc4aee7" 

Environment Variables:
JAVA_HOME=C:\Program Files\Java\jdk-26.0.1
PATH=C:\Program Files\Common Files\Oracle\Java\javapath;C:\Windows\system32;C:\Windows;C:\Windows\System32\Wbem;C:\Windows\System32\WindowsPowerShell\v1.0\;C:\Windows\System32\OpenSSH\;C:\Users\gondi\AppData\Local\Microsoft\WindowsApps;C:\Users\gondi\OneDrive\Documentos\Modelos Personalizados do Office\netbeans\bin\
USERNAME=gondi
OS=Windows_NT
PROCESSOR_IDENTIFIER=Intel64 Family 6 Model 156 Stepping 0, GenuineIntel
TMP=C:\Users\gondi\AppData\Local\Temp
TEMP=C:\Users\gondi\AppData\Local\Temp




Compilation memory statistics disabled.

Periodic native trim disabled

---------------  S Y S T E M  ---------------

OS:
 Windows 11 , 64 bit Build 26100 (10.0.26100.8246)
OS uptime: 16 days 11:18 hours

CPU: total 2 (initial active 2) (2 cores per cpu, 1 threads per core) family 6 model 156 stepping 0 microcode 0x24000026, cx8, cmov, fxsr, mmx, 3dnowpref, sse, sse2, sse3, ssse3, sse4.1, sse4.2, popcnt, tsc, tscinvbit, aes, erms, clmul, sha, clflush, clflushopt, clwb, rdtscp, rdpid
Processor Information for the first 2 processors :
  Max Mhz: 1114, Current Mhz: 1114, Mhz Limit: 1114

Memory: 4k page, system-wide physical 3905M (441M free)
TotalPageFile size 15681M (AvailPageFile size 1599M)
current process WorkingSet (physical memory assigned to process): 26M, peak: 94M
current process commit charge ("private bytes"): 150M, peak: 150M

vm_info: Java HotSpot(TM) 64-Bit Server VM (26.0.1+8-34) for windows-amd64 JRE (26.0.1+8-34), built on 2026-03-10T17:24:10Z with MS VC++ 17.13 (VS2022)

END.
