#
# There is insufficient memory for the Java Runtime Environment to continue.
# Native memory allocation (malloc) failed to allocate 1590680 bytes. Error detail: Chunk::new
# Possible reasons:
#   The system is out of physical RAM or swap space
#   This process is running with CompressedOops enabled, and the Java Heap may be blocking the growth of the native heap
# Possible solutions:
#   Reduce memory load on the system
#   Increase physical memory or swap space
#   Check if swap backing store is full
#   Decrease Java heap size (-Xmx/-Xms)
#   Decrease number of Java threads
#   Decrease Java thread stack sizes (-Xss)
#   Set larger code cache with -XX:ReservedCodeCacheSize=
#   JVM is running with Unscaled Compressed Oops mode in which the Java heap is
#     placed in the first 4GB address space. The Java Heap base address is the
#     maximum limit for the native heap growth. Please use -XX:HeapBaseMinAddress
#     to set the Java Heap base and to place the Java Heap above 4GB virtual address.
# This output file may be truncated or incomplete.
#
#  Out of Memory Error (arena.cpp:193), pid=21648, tid=17896
#
# JRE version: Java(TM) SE Runtime Environment (26.0.1+8) (build 26.0.1+8-34)
# Java VM: Java HotSpot(TM) 64-Bit Server VM (26.0.1+8-34, mixed mode, sharing, tiered, compressed oops, compressed class ptrs, g1 gc, windows-amd64)
# No core dump will be written. Minidumps are not enabled by default on client versions of Windows
#

---------------  S U M M A R Y ------------

Command Line: --enable-native-access=ALL-UNNAMED -Dclassworlds.conf=C:\Users\gondi\OneDrive\Documentos\Modelos Personalizados do Office\netbeans\java\maven\bin\m2.conf -Dmaven.home=C:\Users\gondi\OneDrive\Documentos\Modelos Personalizados do Office\netbeans\java\maven -Dlibrary.jansi.path=C:\Users\gondi\OneDrive\Documentos\Modelos Personalizados do Office\netbeans\java\maven\lib\jansi-native -Dmaven.multiModuleProjectDirectory=C:\Users\gondi\OneDrive\Documentos\NetBeansProjects\SistemaGestaoProjetos org.codehaus.plexus.classworlds.launcher.Launcher -Dexec.vmArgs= -Dexec.args=${exec.vmArgs} -classpath %classpath ${exec.mainClass} ${exec.appArgs} -Dexec.appArgs= -Dexec.mainClass=com.mycompany.sistemagestaoprojetos.SistemaGestaoProjetos -Dexec.executable=C:\Program Files\Java\jdk-26.0.1\bin\java.exe -Dmaven.ext.class.path=C:\Users\gondi\OneDrive\Documentos\Modelos Personalizados do Office\netbeans\java\maven-nblib\netbeans-eventspy.jar --no-transfer-progress process-classes org.codehaus.mojo:exec-maven-plugin:3.5.1:exec

Host: Intel(R) Celeron(R) N4500 @ 1.10GHz, 2 cores, 3G,  Windows 11 , 64 bit Build 26100 (10.0.26100.8246)
Time: Sun May 31 20:08:26 2026 Hora Padrão de Buenos Aires elapsed time: 3.784616 seconds (0d 0h 0m 3s)

---------------  T H R E A D  ---------------

Current thread (0x000001dae2e26590):  JavaThread "C2 CompilerThread0" daemon [_thread_in_native, id=17896, stack(0x000000b893000000,0x000000b893100000) (1024K)]


Current CompileTask:
C2:3784  966       4       java.lang.AbstractStringBuilder::append (100 bytes)

Stack: [0x000000b893000000,0x000000b893100000]
Native frames: (J=compiled Java code, j=interpreted, Vv=VM code, C=native code)
V  [jvm.dll+0x7d5879]  (no source info available)
V  [jvm.dll+0x7a37dd]  (no source info available)
V  [jvm.dll+0x9b0c10]  (no source info available)
V  [jvm.dll+0x9b3061]  (no source info available)
V  [jvm.dll+0x9b3773]  (no source info available)
V  [jvm.dll+0x30df76]  (no source info available)
V  [jvm.dll+0x11d8a6]  (no source info available)
V  [jvm.dll+0x11dbce]  (no source info available)
V  [jvm.dll+0x1afbe6]  (no source info available)
V  [jvm.dll+0x3ca822]  (no source info available)
V  [jvm.dll+0x7de462]  (no source info available)
V  [jvm.dll+0x2d1647]  (no source info available)
V  [jvm.dll+0x2d05bf]  (no source info available)
V  [jvm.dll+0x246820]  (no source info available)
V  [jvm.dll+0x2e06dc]  (no source info available)
V  [jvm.dll+0x2de8bd]  (no source info available)
V  [jvm.dll+0x4a3ff1]  (no source info available)
V  [jvm.dll+0x94f649]  (no source info available)
V  [jvm.dll+0x7d7358]  (no source info available)
C  [ucrtbase.dll+0x37b0]  (no source info available)
C  [KERNEL32.DLL+0x2e8d7]  (no source info available)
C  [ntdll.dll+0x8c3fc]  (no source info available)

Lock stack of current Java thread (top to bottom):


---------------  P R O C E S S  ---------------

Threads class SMR info:
_java_thread_list=0x000001dae75e26b0, length=12, elements={
0x000001dac5a93f20, 0x000001dae2e14d30, 0x000001dae2e173d0, 0x000001dae2e1d1f0,
0x000001dae2e1dda0, 0x000001dae2e1fad0, 0x000001dae2e21690, 0x000001dae2e26590,
0x000001dae2ea1110, 0x000001dae7037e70, 0x000001dae7039a80, 0x000001dae7370f30
}

Java Threads: ( => current thread )
  0x000001dac5a93f20 JavaThread "main"                              [_thread_in_native, id=22012, stack(0x000000b892000000,0x000000b892100000) (1024K)]
  0x000001dae2e14d30 JavaThread "Reference Handler"          daemon [_thread_blocked, id=12092, stack(0x000000b892a00000,0x000000b892b00000) (1024K)]
  0x000001dae2e173d0 JavaThread "Finalizer"                  daemon [_thread_blocked, id=8864, stack(0x000000b892b00000,0x000000b892c00000) (1024K)]
  0x000001dae2e1d1f0 JavaThread "Signal Dispatcher"          daemon [_thread_blocked, id=13176, stack(0x000000b892c00000,0x000000b892d00000) (1024K)]
  0x000001dae2e1dda0 JavaThread "Attach Listener"            daemon [_thread_blocked, id=9240, stack(0x000000b892d00000,0x000000b892e00000) (1024K)]
  0x000001dae2e1fad0 JavaThread "Service Thread"             daemon [_thread_blocked, id=17272, stack(0x000000b892e00000,0x000000b892f00000) (1024K)]
  0x000001dae2e21690 JavaThread "Monitor Deflation Thread"   daemon [_thread_blocked, id=24752, stack(0x000000b892f00000,0x000000b893000000) (1024K)]
=>0x000001dae2e26590 JavaThread "C2 CompilerThread0"         daemon [_thread_in_native, id=17896, stack(0x000000b893000000,0x000000b893100000) (1024K)]
  0x000001dae2ea1110 JavaThread "C1 CompilerThread0"         daemon [_thread_blocked, id=12740, stack(0x000000b893100000,0x000000b893200000) (1024K)]
  0x000001dae7037e70 JavaThread "Notification Thread"        daemon [_thread_blocked, id=26568, stack(0x000000b893200000,0x000000b893300000) (1024K)]
  0x000001dae7039a80 JavaThread "Common-Cleaner"             daemon [_thread_blocked, id=26016, stack(0x000000b893300000,0x000000b893400000) (1024K)]
  0x000001dae7370f30 JavaThread "cleanup"                    daemon [_thread_in_native, id=15452, stack(0x000000b893400000,0x000000b893500000) (1024K)]
Total: 12

Other Threads:
  0x000001dac7dd6f30 VMThread "VM Thread"                           [id=13232, stack(0x000000b892900000,0x000000b892a00000) (1024K)]
  0x000001dae2e0c500 WatcherThread "VM Periodic Task Thread"        [id=13348, stack(0x000000b892800000,0x000000b892900000) (1024K)]
  0x000001dac7d4e260 WorkerThread "GC Thread#0"                     [id=11940, stack(0x000000b892200000,0x000000b892300000) (1024K)]
  0x000001dae737bda0 WorkerThread "GC Thread#1"                     [id=24800, stack(0x000000b893500000,0x000000b893600000) (1024K)]
  0x000001dac7d5aa80 ConcurrentGCThread "G1 Main Marker"            [id=17516, stack(0x000000b892300000,0x000000b892400000) (1024K)]
  0x000001dac7d5cc90 WorkerThread "G1 Conc#0"                       [id=26332, stack(0x000000b892400000,0x000000b892500000) (1024K)]
  0x000001dac7d70190 WorkerThread "G1 Refinement Workers#0"         [id=23136, stack(0x000000b892600000,0x000000b892700000) (1024K)]
  0x000001dac7d6cfd0 ConcurrentGCThread "G1 Refine Control"         [id=892, stack(0x000000b892500000,0x000000b892600000) (1024K)]
  0x000001dac7d72c10 ConcurrentGCThread "G1 Service"                [id=10392, stack(0x000000b892700000,0x000000b892800000) (1024K)]
Total: 9

Threads with active compile tasks:
C2 CompilerThread0  3958  966       4       java.lang.AbstractStringBuilder::append (100 bytes)
Total: 1

VM state: not at safepoint (normal execution)

VM Mutex/Monitor currently owned by a thread: None

Heap address: 0x00000000c2e00000, size: 978 MB, Compressed Oops mode: 32-bit

CDS archive(s) mapped at: [0x000000001f000000-0x000000001fde0000-0x000000001fde0000), size 14548992, SharedBaseAddress: 0x000000001f000000, ArchiveRelocationMode: 1.
Compressed class space mapped at: 0x0000000020000000-0x0000000060000000, reserved size: 1073741824
UseCompressedClassPointers 1, UseCompactObjectHeaders 0
Narrow klass pointer bits 32, Max shift 3
Narrow klass base: 0x000000001f000000, Narrow klass shift: 0
Encoding Range: [0x000000001f000000 - 0x000000011f000000), (4294967296 bytes)
Klass Range:    [0x000000001f000000 - 0x0000000060000000), (1090519040 bytes)
Klass ID Range:  [8 - 1090519033) (1090519025)
Protection zone: [0x000000001f000000 - 0x000000001f010000), (65536 bytes)

GC Precious Log:
 CardTable entry size: 512
 Card Set container configuration: InlinePtr #cards 5 size 8 Array Of Cards #cards 10 size 36 Howl #buckets 4 coarsen threshold 1843 Howl Bitmap #cards 512 size 80 coarsen threshold 460 Card regions per heap region 1 cards per card region 2048
 CPUs: 2 total, 2 available
 Memory: 3905M
 Large Page Support: Disabled
 NUMA Support: Disabled
 Compressed Oops: Enabled (32-bit)
 Heap Region Size: 1M
 Heap Min Capacity: 8M
 Heap Initial Capacity: 8M
 Heap Max Capacity: 978M
 Pre-touch: Disabled
 Parallel Workers: 2
 Concurrent Workers: 1
 Concurrent Refinement Workers: 2
 Periodic GC: Disabled

Heap:
 garbage-first heap   total reserved 1001472K, committed 10240K, used 4166K [0x00000000c2e00000, 0x0000000100000000)
  region size 1M, 1 eden (1M), 1 survivor (1M), 5 old (5M), 0 humongous (0M), 3 free (3M)

Heap Regions: E=young(eden), S=young(survivor), O=old, HS=humongous(starts), HC=humongous(continues), CS=collection set, F=free, TAMS=top-at-mark-start, PB=parsable bottom
|    0|0x00000000c2e00000, 0x00000000c2f00000, 0x00000000c2f00000|100%| O|  |TAMS 0x00000000c2e00000| PB 0x00000000c2e00000| Untracked |  0
|    1|0x00000000c2f00000, 0x00000000c3000000, 0x00000000c3000000|100%| O|  |TAMS 0x00000000c2f00000| PB 0x00000000c2f00000| Untracked |  0
|    2|0x00000000c3000000, 0x00000000c305ccf0, 0x00000000c3100000| 36%| O|  |TAMS 0x00000000c3000000| PB 0x00000000c3000000| Untracked |  0
|    3|0x00000000c3100000, 0x00000000c3100000, 0x00000000c3200000|  0%| F|  |TAMS 0x00000000c3100000| PB 0x00000000c3100000| Untracked |  0
|    4|0x00000000c3200000, 0x00000000c3200000, 0x00000000c3300000|  0%| F|  |TAMS 0x00000000c3200000| PB 0x00000000c3200000| Untracked |  0
|    5|0x00000000c3300000, 0x00000000c338c058, 0x00000000c3400000| 54%| S|CS|TAMS 0x00000000c3300000| PB 0x00000000c3300000| Complete  |  0
|    6|0x00000000c3400000, 0x00000000c3400000, 0x00000000c3500000|  0%| F|  |TAMS 0x00000000c3400000| PB 0x00000000c3400000| Untracked |  0
|    7|0x00000000c3500000, 0x00000000c35dcda0, 0x00000000c3600000| 86%| E|CS|TAMS 0x00000000c3500000| PB 0x00000000c3500000| Complete  |  0
|  976|0x00000000ffe00000, 0x00000000fff00000, 0x00000000fff00000|100%| O|  |TAMS 0x00000000ffe00000| PB 0x00000000ffe00000| Untracked |  0
|  977|0x00000000fff00000, 0x00000000fff28d80, 0x0000000100000000| 15%| O|Cm|TAMS 0x00000000fff00000| PB 0x00000000fff00000| Complete  |  0

Card table byte_map: [0x000001dac7ae0000,0x000001dac7cd0000] _byte_map_base: 0x000001dac74c9000
Refinement table byte_map: [0x000001dadf9d0000,0x000001dadfbc0000] _byte_map_base: 0x000001dadf3b9000

Marking Bits: (CMBitMap*) 0x000001dac7d4e9e0
 Bits: [0x000001dadfbc0000, 0x000001dae0b08000)

Polling page: 0x000001dac5a50000

Metaspace:
Metaspace        used 3284K, committed 3456K, reserved 1114112K
 class space     used 335K, committed 384K, reserved 1048576K

Usage:
  Non-class:      2.88 MB used.
      Class:    335.50 KB used.
       Both:      3.21 MB used.

Virtual space:
  Non-class space:       64.00 MB reserved,       3.00 MB (  5%) committed,  1 nodes.
      Class space:        1.00 GB reserved,     384.00 KB ( <1%) committed,  1 nodes.
             Both:        1.06 GB reserved,       3.38 MB ( <1%) committed. 

Chunk freelists:
   Non-Class:  10.55 MB
       Class:  15.52 MB
        Both:  26.06 MB

MaxMetaspaceSize: unlimited
CompressedClassSpaceSize: 1.00 GB
Initial GC threshold: 21.00 MB
Current GC threshold: 21.00 MB
CDS: on
 - commit_granule_bytes: 65536.
 - commit_granule_words: 8192.
 - virtual_space_node_default_size: 8388608.
 - enlarge_chunks_in_place: 1.
UseCompressedClassPointers 1, UseCompactObjectHeaders 0
Narrow klass pointer bits 32, Max shift 3
Narrow klass base: 0x000000001f000000, Narrow klass shift: 0
Encoding Range: [0x000000001f000000 - 0x000000011f000000), (4294967296 bytes)
Klass Range:    [0x000000001f000000 - 0x0000000060000000), (1090519040 bytes)
Klass ID Range:  [8 - 1090519033) (1090519025)
Protection zone: [0x000000001f000000 - 0x000000001f010000), (65536 bytes)


Internal statistics:

num_allocs_failed_limit: 0.
num_arena_births: 40.
num_arena_deaths: 0.
num_vsnodes_births: 2.
num_vsnodes_deaths: 0.
num_space_committed: 54.
num_space_uncommitted: 0.
num_chunks_returned_to_freelist: 0.
num_chunks_taken_from_freelist: 130.
num_chunk_merges: 0.
num_chunk_splits: 81.
num_chunks_enlarged: 62.
num_inconsistent_stats: 0.

CodeHeap 'non-profiled nmethods': size=120064Kb used=246Kb max_used=246Kb free=119817Kb
 bounds [0x000001dad8490000, 0x000001dad8700000, 0x000001dadf9d0000]
CodeHeap 'profiled nmethods': size=120064Kb used=1400Kb max_used=1400Kb free=118663Kb
 bounds [0x000001dad09c0000, 0x000001dad0c30000, 0x000001dad7f00000]
CodeHeap 'non-nmethods': size=5696Kb used=1341Kb max_used=1358Kb free=4354Kb
 bounds [0x000001dad7f00000, 0x000001dad8170000, 0x000001dad8490000]
CodeCache: size=245824Kb, used=2987Kb, max_used=3004Kb, free=242834Kb
 total_blobs=1425, nmethods=969, adapters=361, full_count=0
Compilation: enabled, stopped_count=0, restarted_count=0

Compilation events (20 events):
Event: 3.658 Thread 0x000001dae2ea1110 nmethod 956 0x000001dad0b07a08 code [0x000001dad0b07b00, 0x000001dad0b085b0]
Event: 3.722 Thread 0x000001dae2ea1110  957       3       java.lang.String::getBytesOrThrow (94 bytes)
Event: 3.723 Thread 0x000001dae2ea1110 nmethod 957 0x000001dad0b08608 code [0x000001dad0b08700, 0x000001dad0b094c0]
Event: 3.726 Thread 0x000001dae2ea1110  958       3       java.util.Arrays::mismatch (69 bytes)
Event: 3.727 Thread 0x000001dae2ea1110 nmethod 958 0x000001dad0b09508 code [0x000001dad0b09600, 0x000001dad0b09908]
Event: 3.742 Thread 0x000001dae2ea1110  959       3       java.util.zip.ZipFile$ZipFileInputStream::<init> (119 bytes)
Event: 3.743 Thread 0x000001dae2ea1110 nmethod 959 0x000001dad0b09988 code [0x000001dad0b09a80, 0x000001dad0b0a148]
Event: 3.743 Thread 0x000001dae2ea1110  960       3       java.util.zip.ZipFile$ZipFileInflaterInputStream::<init> (14 bytes)
Event: 3.743 Thread 0x000001dae2ea1110 nmethod 960 0x000001dad0b0a188 code [0x000001dad0b0a280, 0x000001dad0b0a428]
Event: 3.745 Thread 0x000001dae2ea1110  961       3       java.util.zip.InflaterInputStream::<init> (70 bytes)
Event: 3.746 Thread 0x000001dae2ea1110 nmethod 961 0x000001dad0b0a488 code [0x000001dad0b0a580, 0x000001dad0b0ac30]
Event: 3.746 Thread 0x000001dae2ea1110  962       3       java.util.zip.ZipFile$ZipFileInputStream::initDataOffset (117 bytes)
Event: 3.746 Thread 0x000001dae2ea1110 nmethod 962 0x000001dad0b0ac88 code [0x000001dad0b0ad80, 0x000001dad0b0b328]
Event: 3.750 Thread 0x000001dae2ea1110  963   !   3       java.util.zip.ZipFile$Source::readAt (39 bytes)
Event: 3.751 Thread 0x000001dae2ea1110 nmethod 963 0x000001dad0b0b388 code [0x000001dad0b0b480, 0x000001dad0b0bb00]
Event: 3.751 Thread 0x000001dae2ea1110  964   !   3       java.util.zip.Inflater::setInput (56 bytes)
Event: 3.751 Thread 0x000001dae2ea1110 nmethod 964 0x000001dad0b0bb08 code [0x000001dad0b0bc00, 0x000001dad0b0c040]
Event: 3.752 Thread 0x000001dae2ea1110  965   !   3       java.util.zip.ZipFile$CleanableResource::releaseInflater (53 bytes)
Event: 3.752 Thread 0x000001dae2ea1110 nmethod 965 0x000001dad0b0c088 code [0x000001dad0b0c180, 0x000001dad0b0c658]
Event: 3.767 Thread 0x000001dae2e26590  966       4       java.lang.AbstractStringBuilder::append (100 bytes)

GC Heap Usage History (8 events):
Event: 2.264 {heap Before GC invocations=0 (full 0):
 garbage-first heap   total reserved 1001472K, committed 10240K, used 5283K [0x00000000c2e00000, 0x0000000100000000)
  region size 1M, 4 eden (4M), 0 survivor (0M), 2 old (2M), 0 humongous (0M), 4 free (4M)
}
Event: 2.267 {heap After GC invocations=1 (full 0):
 garbage-first heap   total reserved 1001472K, committed 10240K, used 2666K [0x00000000c2e00000, 0x0000000100000000)
  region size 1M, 0 eden (0M), 1 survivor (1M), 3 old (3M), 0 humongous (0M), 6 free (6M)
}
Event: 2.607 {heap Before GC invocations=1 (full 0):
 garbage-first heap   total reserved 1001472K, committed 10240K, used 4714K [0x00000000c2e00000, 0x0000000100000000)
  region size 1M, 2 eden (2M), 1 survivor (1M), 3 old (3M), 0 humongous (0M), 4 free (4M)
}
Event: 2.610 {heap After GC invocations=2 (full 0):
 garbage-first heap   total reserved 1001472K, committed 10240K, used 3188K [0x00000000c2e00000, 0x0000000100000000)
  region size 1M, 0 eden (0M), 1 survivor (1M), 4 old (4M), 0 humongous (0M), 5 free (5M)
}
Event: 3.071 {heap Before GC invocations=2 (full 0):
 garbage-first heap   total reserved 1001472K, committed 10240K, used 5236K [0x00000000c2e00000, 0x0000000100000000)
  region size 1M, 2 eden (2M), 1 survivor (1M), 4 old (4M), 0 humongous (0M), 3 free (3M)
}
Event: 3.074 {heap After GC invocations=3 (full 0):
 garbage-first heap   total reserved 1001472K, committed 10240K, used 3665K [0x00000000c2e00000, 0x0000000100000000)
  region size 1M, 0 eden (0M), 1 survivor (1M), 4 old (4M), 0 humongous (0M), 5 free (5M)
}
Event: 3.577 {heap Before GC invocations=4 (full 0):
 garbage-first heap   total reserved 1001472K, committed 10240K, used 5713K [0x00000000c2e00000, 0x0000000100000000)
  region size 1M, 2 eden (2M), 1 survivor (1M), 4 old (4M), 0 humongous (0M), 3 free (3M)
}
Event: 3.580 {heap After GC invocations=5 (full 0):
 garbage-first heap   total reserved 1001472K, committed 10240K, used 4166K [0x00000000c2e00000, 0x0000000100000000)
  region size 1M, 0 eden (0M), 1 survivor (1M), 5 old (5M), 0 humongous (0M), 4 free (4M)
}

Metaspace Usage History (8 events):
Event: 2.264 {metaspace Before GC invocations=0 (full 0):
 Metaspace       used 1030K, committed 1152K, reserved 1114112K
  class space    used 82K, committed 128K, reserved 1048576K
}
Event: 2.267 {metaspace After GC invocations=1 (full 0):
 Metaspace       used 1030K, committed 1152K, reserved 1114112K
  class space    used 82K, committed 128K, reserved 1048576K
}
Event: 2.607 {metaspace Before GC invocations=1 (full 0):
 Metaspace       used 2005K, committed 2112K, reserved 1114112K
  class space    used 184K, committed 256K, reserved 1048576K
}
Event: 2.610 {metaspace After GC invocations=2 (full 0):
 Metaspace       used 2005K, committed 2112K, reserved 1114112K
  class space    used 184K, committed 256K, reserved 1048576K
}
Event: 3.071 {metaspace Before GC invocations=2 (full 0):
 Metaspace       used 2558K, committed 2752K, reserved 1114112K
  class space    used 236K, committed 320K, reserved 1048576K
}
Event: 3.074 {metaspace After GC invocations=3 (full 0):
 Metaspace       used 2558K, committed 2752K, reserved 1114112K
  class space    used 236K, committed 320K, reserved 1048576K
}
Event: 3.577 {metaspace Before GC invocations=4 (full 0):
 Metaspace       used 2995K, committed 3136K, reserved 1114112K
  class space    used 299K, committed 384K, reserved 1048576K
}
Event: 3.580 {metaspace After GC invocations=5 (full 0):
 Metaspace       used 2995K, committed 3136K, reserved 1114112K
  class space    used 299K, committed 384K, reserved 1048576K
}

Dll operation events (14 events):
Event: 0.067 Attempting to load shared library C:\Program Files\Java\jdk-26.0.1\bin\java.dll
Event: 0.072 Loaded shared library C:\Program Files\Java\jdk-26.0.1\bin\java.dll
Event: 0.258 Attempting to load shared library C:\Program Files\Java\jdk-26.0.1\bin\net.dll
Event: 0.259 Loaded shared library C:\Program Files\Java\jdk-26.0.1\bin\net.dll
Event: 0.262 Attempting to load shared library C:\Program Files\Java\jdk-26.0.1\bin\nio.dll
Event: 0.263 Loaded shared library C:\Program Files\Java\jdk-26.0.1\bin\nio.dll
Event: 0.272 Attempting to load shared library C:\Program Files\Java\jdk-26.0.1\bin\zip.dll
Event: 0.273 Loaded shared library C:\Program Files\Java\jdk-26.0.1\bin\zip.dll
Event: 1.399 Attempting to load shared library C:\Users\gondi\OneDrive\Documentos\Modelos Personalizados do Office\netbeans\java\maven\lib\jansi-native\Windows\x86_64\jansi.dll
Event: 1.399 Loaded shared library C:\Users\gondi\OneDrive\Documentos\Modelos Personalizados do Office\netbeans\java\maven\lib\jansi-native\Windows\x86_64\jansi.dll
Event: 2.277 Attempting to load shared library C:\Program Files\Java\jdk-26.0.1\bin\verify.dll
Event: 2.278 Loaded shared library C:\Program Files\Java\jdk-26.0.1\bin\verify.dll
Event: 2.392 Attempting to load shared library C:\Program Files\Java\jdk-26.0.1\bin\jimage.dll
Event: 2.392 Loaded shared library C:\Program Files\Java\jdk-26.0.1\bin\jimage.dll

Deoptimization events (20 events):
Event: 2.877 Thread 0x000001dac5a93f20 DEOPT PACKING pc=0x000001dad849f174 sp=0x000000b8920fdb00
Event: 2.877 Thread 0x000001dac5a93f20 DEOPT UNPACKING pc=0x000001dad7f8b9fc sp=0x000000b8920fda30 mode 2
Event: 3.124 Thread 0x000001dac5a93f20 Uncommon trap: trap_request=0xffffff45 fr.pc=0x000001dad84c8754 relative=0x0000000000000354
Event: 3.124 Thread 0x000001dac5a93f20 Uncommon trap: reason=unstable_if action=reinterpret pc=0x000001dad84c8754 method=sun.util.locale.BaseLocale.hashCode()I @ 159 c2
Event: 3.124 Thread 0x000001dac5a93f20 DEOPT PACKING pc=0x000001dad84c8754 sp=0x000000b8920fd5b0
Event: 3.124 Thread 0x000001dac5a93f20 DEOPT UNPACKING pc=0x000001dad7f8b9fc sp=0x000000b8920fd540 mode 2
Event: 3.141 Thread 0x000001dac5a93f20 Uncommon trap: trap_request=0xffffff45 fr.pc=0x000001dad849c998 relative=0x0000000000000198
Event: 3.141 Thread 0x000001dac5a93f20 Uncommon trap: reason=unstable_if action=reinterpret pc=0x000001dad849c998 method=java.lang.AbstractStringBuilder.needsNewBuffer([BBIB)Z @ 8 c2
Event: 3.141 Thread 0x000001dac5a93f20 DEOPT PACKING pc=0x000001dad849c998 sp=0x000000b8920fe0c0
Event: 3.141 Thread 0x000001dac5a93f20 DEOPT UNPACKING pc=0x000001dad7f8b9fc sp=0x000000b8920fdf68 mode 2
Event: 3.141 Thread 0x000001dac5a93f20 Uncommon trap: trap_request=0xffffff45 fr.pc=0x000001dad849c5c4 relative=0x00000000000001c4
Event: 3.141 Thread 0x000001dac5a93f20 Uncommon trap: reason=unstable_if action=reinterpret pc=0x000001dad849c5c4 method=java.lang.AbstractStringBuilder.isLatin1(B)Z @ 7 c2
Event: 3.141 Thread 0x000001dac5a93f20 DEOPT PACKING pc=0x000001dad849c5c4 sp=0x000000b8920fe0d0
Event: 3.141 Thread 0x000001dac5a93f20 DEOPT UNPACKING pc=0x000001dad7f8b9fc sp=0x000000b8920fe010 mode 2
Event: 3.144 Thread 0x000001dac5a93f20 Uncommon trap: trap_request=0xffffff45 fr.pc=0x000001dad8499664 relative=0x0000000000000064
Event: 3.144 Thread 0x000001dac5a93f20 Uncommon trap: reason=unstable_if action=reinterpret pc=0x000001dad8499664 method=java.lang.AbstractStringBuilder.needsNewBuffer([BBIB)Z @ 8 c2
Event: 3.144 Thread 0x000001dac5a93f20 DEOPT PACKING pc=0x000001dad8499664 sp=0x000000b8920fdfe0
Event: 3.144 Thread 0x000001dac5a93f20 DEOPT UNPACKING pc=0x000001dad7f8b9fc sp=0x000000b8920fdf68 mode 2
Event: 3.288 Thread 0x000001dac5a93f20 DEOPT PACKING pc=0x000001dad09fa9f8 sp=0x000000b8920fd2d0
Event: 3.288 Thread 0x000001dac5a93f20 DEOPT UNPACKING pc=0x000001dad7f51363 sp=0x000000b8920fc740 mode 0

Classes loaded (20 events):
Event: 2.882 Loading class jdk/internal/module/ModulePatcher$PatchedModuleReader
Event: 2.883 Loading class jdk/internal/module/ModulePatcher$PatchedModuleReader done
Event: 2.883 Loading class jdk/internal/jimage/ImageReader$Resource
Event: 2.883 Loading class jdk/internal/jimage/ImageReader$Resource done
Event: 2.888 Loading class sun/net/www/protocol/jrt/Handler
Event: 2.889 Loading class sun/net/www/protocol/jrt/Handler done
Event: 3.138 Loading class sun/text/resources/cldr/FormatData_en
Event: 3.139 Loading class sun/text/resources/cldr/FormatData_en done
Event: 3.140 Loading class sun/text/resources/cldr/FormatData_en_US
Event: 3.140 Loading class sun/text/resources/cldr/FormatData_en_US done
Event: 3.333 Loading class java/io/FilterReader
Event: 3.333 Loading class java/io/FilterReader done
Event: 3.583 Loading class java/util/stream/Streams
Event: 3.584 Loading class java/util/stream/Streams done
Event: 3.708 Loading class java/io/InvalidObjectException
Event: 3.709 Loading class java/io/ObjectStreamException
Event: 3.710 Loading class java/io/ObjectStreamException done
Event: 3.710 Loading class java/io/InvalidObjectException done
Event: 3.763 Loading class java/util/NoSuchElementException
Event: 3.766 Loading class java/util/NoSuchElementException done

Classes unloaded (0 events):
No events

Classes redefined (0 events):
No events

Internal exceptions (20 events):
Event: 1.406 Thread 0x000001dac5a93f20 Exception <a 'java/lang/NullPointerException'{0x00000000c32d8b60}> (0x00000000c32d8b60) 
thrown [s\open\src\hotspot\share\interpreter\linkResolver.cpp, line 1428]
Event: 1.406 Thread 0x000001dac5a93f20 Exception <a 'java/lang/NullPointerException'{0x00000000c32d8e40}> (0x00000000c32d8e40) 
thrown [s\open\src\hotspot\share\interpreter\linkResolver.cpp, line 1428]
Event: 1.407 Thread 0x000001dac5a93f20 Exception <a 'java/lang/NullPointerException'{0x00000000c32de120}> (0x00000000c32de120) 
thrown [s\open\src\hotspot\share\interpreter\linkResolver.cpp, line 1428]
Event: 1.411 Thread 0x000001dac5a93f20 Exception <a 'java/lang/NullPointerException'{0x00000000c32ede90}> (0x00000000c32ede90) 
thrown [s\open\src\hotspot\share\interpreter\linkResolver.cpp, line 1428]
Event: 1.411 Thread 0x000001dac5a93f20 Exception <a 'java/lang/NullPointerException'{0x00000000c32ee170}> (0x00000000c32ee170) 
thrown [s\open\src\hotspot\share\interpreter\linkResolver.cpp, line 1428]
Event: 1.411 Thread 0x000001dac5a93f20 Exception <a 'java/lang/NullPointerException'{0x00000000c32ee450}> (0x00000000c32ee450) 
thrown [s\open\src\hotspot\share\interpreter\linkResolver.cpp, line 1428]
Event: 1.411 Thread 0x000001dac5a93f20 Exception <a 'java/lang/NullPointerException'{0x00000000c32ee730}> (0x00000000c32ee730) 
thrown [s\open\src\hotspot\share\interpreter\linkResolver.cpp, line 1428]
Event: 2.274 Thread 0x000001dac5a93f20 Exception <a 'sun/nio/fs/WindowsException'{0x00000000c3522288}> (0x00000000c3522288) 
thrown [s\open\src\hotspot\share\prims\jni.cpp, line 514]
Event: 2.275 Thread 0x000001dac5a93f20 Exception <a 'sun/nio/fs/WindowsException'{0x00000000c35228e0}> (0x00000000c35228e0) 
thrown [s\open\src\hotspot\share\prims\jni.cpp, line 514]
Event: 2.275 Thread 0x000001dac5a93f20 Exception <a 'sun/nio/fs/WindowsException'{0x00000000c3522ec8}> (0x00000000c3522ec8) 
thrown [s\open\src\hotspot\share\prims\jni.cpp, line 514]
Event: 2.275 Thread 0x000001dac5a93f20 Exception <a 'sun/nio/fs/WindowsException'{0x00000000c3523428}> (0x00000000c3523428) 
thrown [s\open\src\hotspot\share\prims\jni.cpp, line 514]
Event: 2.275 Thread 0x000001dac5a93f20 Exception <a 'sun/nio/fs/WindowsException'{0x00000000c3523968}> (0x00000000c3523968) 
thrown [s\open\src\hotspot\share\prims\jni.cpp, line 514]
Event: 2.275 Thread 0x000001dac5a93f20 Exception <a 'sun/nio/fs/WindowsException'{0x00000000c3523e58}> (0x00000000c3523e58) 
thrown [s\open\src\hotspot\share\prims\jni.cpp, line 514]
Event: 2.275 Thread 0x000001dac5a93f20 Exception <a 'sun/nio/fs/WindowsException'{0x00000000c3524300}> (0x00000000c3524300) 
thrown [s\open\src\hotspot\share\prims\jni.cpp, line 514]
Event: 2.301 Thread 0x000001dac5a93f20 Exception <a 'java/lang/NoSuchMethodError'{0x00000000c355e9b0}: 'void java.lang.invoke.DirectMethodHandle$Holder.invokeVirtual(java.lang.Object, java.lang.Object)'> (0x00000000c355e9b0) 
thrown [s\open\src\hotspot\share\interpreter\linkResolver.cpp, line 804]
Event: 2.307 Thread 0x000001dac5a93f20 Exception <a 'java/lang/NoSuchMethodError'{0x00000000c3580550}: 'void java.lang.invoke.DirectMethodHandle$Holder.invokeStatic(java.lang.Object, java.lang.Object)'> (0x00000000c3580550) 
thrown [s\open\src\hotspot\share\interpreter\linkResolver.cpp, line 804]
Event: 2.311 Thread 0x000001dac5a93f20 Exception <a 'java/lang/NoSuchMethodError'{0x00000000c35882f8}: 'void java.lang.invoke.DirectMethodHandle$Holder.invokeStaticInit(java.lang.Object, java.lang.Object)'> (0x00000000c35882f8) 
thrown [s\open\src\hotspot\share\interpreter\linkResolver.cpp, line 804]
Event: 2.351 Thread 0x000001dac5a93f20 Exception <a 'java/lang/NoSuchMethodError'{0x00000000c35c4248}: 'void java.lang.invoke.DirectMethodHandle$Holder.invokeSpecial(java.lang.Object, java.lang.Object, java.lang.Object, java.lang.Object, java.lang.Object)'> (0x00000000c35c4248) 
thrown [s\open\src\hotspot\share\interpreter\linkResolver.cpp, line 804]
Event: 2.385 Thread 0x000001dac5a93f20 Exception <a 'java/lang/NoSuchMethodError'{0x00000000c3402828}: 'void java.lang.invoke.DirectMethodHandle$Holder.invokeStatic(java.lang.Object, java.lang.Object, java.lang.Object)'> (0x00000000c3402828) 
thrown [s\open\src\hotspot\share\interpreter\linkResolver.cpp, line 804]
Event: 2.658 Thread 0x000001dac5a93f20 Exception <a 'java/lang/NoSuchMethodError'{0x00000000c35993b8}: 'java.lang.Object java.lang.invoke.DirectMethodHandle$Holder.invokeSpecialIFC(java.lang.Object, java.lang.Object, java.lang.Object, java.lang.Object)'> (0x00000000c35993b8) 
thrown [s\open\src\hotspot\share\interpreter\linkResolver.cpp, line 804]

VM Operations (18 events):
Event: 0.291 Executing non-safepoint VM operation: HandshakeAllThreads (Deoptimize)
Event: 0.291 Executing non-safepoint VM operation: HandshakeAllThreads (Deoptimize) done
Event: 1.379 Executing non-safepoint VM operation: HandshakeAllThreads (Deoptimize)
Event: 1.379 Executing non-safepoint VM operation: HandshakeAllThreads (Deoptimize) done
Event: 1.413 Executing safepoint VM operation: G1CollectForAllocation (G1 Evacuation Pause)
Event: 2.267 Executing safepoint VM operation: G1CollectForAllocation (G1 Evacuation Pause) done
Event: 2.411 Executing non-safepoint VM operation: HandshakeAllThreads (Deoptimize)
Event: 2.424 Executing non-safepoint VM operation: HandshakeAllThreads (Deoptimize) done
Event: 2.600 Executing safepoint VM operation: G1CollectForAllocation (G1 Evacuation Pause)
Event: 2.610 Executing safepoint VM operation: G1CollectForAllocation (G1 Evacuation Pause) done
Event: 2.994 Executing safepoint VM operation: G1CollectForAllocation (G1 Evacuation Pause)
Event: 3.074 Executing safepoint VM operation: G1CollectForAllocation (G1 Evacuation Pause) done
Event: 3.078 Executing safepoint VM operation: G1PauseRemark
Event: 3.081 Executing safepoint VM operation: G1PauseRemark done
Event: 3.083 Executing safepoint VM operation: G1PauseCleanup
Event: 3.096 Executing safepoint VM operation: G1PauseCleanup done
Event: 3.577 Executing safepoint VM operation: G1CollectForAllocation (G1 Evacuation Pause)
Event: 3.580 Executing safepoint VM operation: G1CollectForAllocation (G1 Evacuation Pause) done

Memory protections (0 events):
No events

Nmethod flushes (0 events):
No events

Events (12 events):
Event: 0.131 Thread 0x000001dac5a93f20 Thread added: 0x000001dac5a93f20
Event: 0.163 Thread 0x000001dac5a93f20 Thread added: 0x000001dae2e14d30
Event: 0.163 Thread 0x000001dac5a93f20 Thread added: 0x000001dae2e173d0
Event: 0.163 Thread 0x000001dac5a93f20 Thread added: 0x000001dae2e1d1f0
Event: 0.164 Thread 0x000001dac5a93f20 Thread added: 0x000001dae2e1dda0
Event: 0.164 Thread 0x000001dac5a93f20 Thread added: 0x000001dae2e1fad0
Event: 0.165 Thread 0x000001dac5a93f20 Thread added: 0x000001dae2e21690
Event: 0.165 Thread 0x000001dac5a93f20 Thread added: 0x000001dae2e26590
Event: 0.176 Thread 0x000001dac5a93f20 Thread added: 0x000001dae2ea1110
Event: 0.242 Thread 0x000001dac5a93f20 Thread added: 0x000001dae7037e70
Event: 0.249 Thread 0x000001dac5a93f20 Thread added: 0x000001dae7039a80
Event: 1.393 Thread 0x000001dac5a93f20 Thread added: 0x000001dae7370f30


Dynamic libraries:
0x00007ff7fed50000 - 0x00007ff7fed60000 	C:\Program Files\Java\jdk-26.0.1\bin\java.exe
0x00007ffebc980000 - 0x00007ffebcbe7000 	C:\Windows\SYSTEM32\ntdll.dll
0x00007ffeba710000 - 0x00007ffeba7d9000 	C:\Windows\System32\KERNEL32.DLL
0x00007ffeba250000 - 0x00007ffeba644000 	C:\Windows\System32\KERNELBASE.dll
0x00007ffeb9250000 - 0x00007ffeb939b000 	C:\Windows\System32\ucrtbase.dll
0x00007ffe9c530000 - 0x00007ffe9c547000 	C:\Program Files\Java\jdk-26.0.1\bin\jli.dll
0x00007ffebb680000 - 0x00007ffebb845000 	C:\Windows\System32\USER32.dll
0x00007ffeb93a0000 - 0x00007ffeb93c7000 	C:\Windows\System32\win32u.dll
0x00007ffebbc90000 - 0x00007ffebbcbb000 	C:\Windows\System32\GDI32.dll
0x00007ffeb98b0000 - 0x00007ffeb99db000 	C:\Windows\System32\gdi32full.dll
0x00007ffeb9540000 - 0x00007ffeb95e3000 	C:\Windows\System32\msvcp_win.dll
0x00007ffea89e0000 - 0x00007ffea89fe000 	C:\Program Files\Java\jdk-26.0.1\bin\VCRUNTIME140.dll
0x00007ffea9eb0000 - 0x00007ffeaa143000 	C:\Windows\WinSxS\amd64_microsoft.windows.common-controls_6595b64144ccf1df_6.0.26100.8115_none_3e075c82e3354f9c\COMCTL32.dll
0x00007ffebc520000 - 0x00007ffebc5c9000 	C:\Windows\System32\msvcrt.dll
0x00007ffeba890000 - 0x00007ffeba8c2000 	C:\Windows\System32\IMM32.DLL
0x00007ffeacd60000 - 0x00007ffeacd6c000 	C:\Program Files\Java\jdk-26.0.1\bin\vcruntime140_1.dll
0x00007ffe8d9a0000 - 0x00007ffe8da2d000 	C:\Program Files\Java\jdk-26.0.1\bin\msvcp140.dll
0x00007ffe24e60000 - 0x00007ffe25d2e000 	C:\Program Files\Java\jdk-26.0.1\bin\server\jvm.dll
0x00007ffebc1f0000 - 0x00007ffebc2a6000 	C:\Windows\System32\ADVAPI32.dll
0x00007ffeba7e0000 - 0x00007ffeba887000 	C:\Windows\System32\sechost.dll
0x00007ffebacf0000 - 0x00007ffebae08000 	C:\Windows\System32\RPCRT4.dll
0x00007ffebc2b0000 - 0x00007ffebc330000 	C:\Windows\System32\WS2_32.dll
0x00007ffeb90b0000 - 0x00007ffeb910e000 	C:\Windows\SYSTEM32\POWRPROF.dll
0x00007ffeaa3d0000 - 0x00007ffeaa406000 	C:\Windows\SYSTEM32\WINMM.dll
0x00007ffeb2e10000 - 0x00007ffeb2e1b000 	C:\Windows\SYSTEM32\VERSION.dll
0x00007ffeb9090000 - 0x00007ffeb90a4000 	C:\Windows\SYSTEM32\UMPDC.dll
0x00007ffeb7fe0000 - 0x00007ffeb7ffb000 	C:\Windows\SYSTEM32\kernel.appcore.dll
0x00007ffe9c860000 - 0x00007ffe9c86a000 	C:\Program Files\Java\jdk-26.0.1\bin\jimage.dll
0x00007ffeb7130000 - 0x00007ffeb7372000 	C:\Windows\SYSTEM32\DBGHELP.DLL
0x00007ffeba960000 - 0x00007ffebace2000 	C:\Windows\System32\combase.dll
0x00007ffebbb20000 - 0x00007ffebbbf8000 	C:\Windows\System32\OLEAUT32.dll
0x00007ffeb4230000 - 0x00007ffeb426b000 	C:\Windows\SYSTEM32\dbgcore.DLL
0x00007ffeb9770000 - 0x00007ffeb9815000 	C:\Windows\System32\bcryptPrimitives.dll
0x00007ffe9ca80000 - 0x00007ffe9ca9f000 	C:\Program Files\Java\jdk-26.0.1\bin\java.dll
0x00007ffebc5d0000 - 0x00007ffebc767000 	C:\Windows\System32\ole32.dll
0x00007ffebae10000 - 0x00007ffebb577000 	C:\Windows\System32\SHELL32.dll
0x00007ffeb93d0000 - 0x00007ffeb953a000 	C:\Windows\System32\wintypes.dll
0x00007ffeb99e0000 - 0x00007ffeba248000 	C:\Windows\System32\windows.storage.dll
0x00007ffebc770000 - 0x00007ffebc868000 	C:\Windows\System32\SHCORE.dll
0x00007ffebc180000 - 0x00007ffebc1e6000 	C:\Windows\System32\shlwapi.dll
0x00007ffeb9170000 - 0x00007ffeb9199000 	C:\Windows\SYSTEM32\profapi.dll
0x00007ffe9c2d0000 - 0x00007ffe9c2e2000 	C:\Program Files\Java\jdk-26.0.1\bin\net.dll
0x00007ffeb8550000 - 0x00007ffeb85bc000 	C:\Windows\system32\mswsock.dll
0x00007ffe9adf0000 - 0x00007ffe9ae06000 	C:\Program Files\Java\jdk-26.0.1\bin\nio.dll
0x00007ffe9c4c0000 - 0x00007ffe9c4d7000 	C:\Program Files\Java\jdk-26.0.1\bin\zip.dll
0x00007ffea8a00000 - 0x00007ffea8a24000 	C:\Users\gondi\OneDrive\Documentos\Modelos Personalizados do Office\netbeans\java\maven\lib\jansi-native\Windows\x86_64\jansi.dll
0x00007ffe9c080000 - 0x00007ffe9c090000 	C:\Program Files\Java\jdk-26.0.1\bin\verify.dll

JVMTI agents: none

dbghelp: loaded successfully - version: 4.0.5 - missing functions: none
symbol engine: initialized successfully - sym options: 0x614 - pdb path: .;C:\Program Files\Java\jdk-26.0.1\bin;C:\Windows\SYSTEM32;C:\Windows\WinSxS\amd64_microsoft.windows.common-controls_6595b64144ccf1df_6.0.26100.8115_none_3e075c82e3354f9c;C:\Program Files\Java\jdk-26.0.1\bin\server;C:\Users\gondi\OneDrive\Documentos\Modelos Personalizados do Office\netbeans\java\maven\lib\jansi-native\Windows\x86_64

VM Arguments:
jvm_args: --enable-native-access=ALL-UNNAMED -Dclassworlds.conf=C:\Users\gondi\OneDrive\Documentos\Modelos Personalizados do Office\netbeans\java\maven\bin\m2.conf -Dmaven.home=C:\Users\gondi\OneDrive\Documentos\Modelos Personalizados do Office\netbeans\java\maven -Dlibrary.jansi.path=C:\Users\gondi\OneDrive\Documentos\Modelos Personalizados do Office\netbeans\java\maven\lib\jansi-native -Dmaven.multiModuleProjectDirectory=C:\Users\gondi\OneDrive\Documentos\NetBeansProjects\SistemaGestaoProjetos 
java_command: org.codehaus.plexus.classworlds.launcher.Launcher -Dexec.vmArgs= -Dexec.args=${exec.vmArgs} -classpath %classpath ${exec.mainClass} ${exec.appArgs} -Dexec.appArgs= -Dexec.mainClass=com.mycompany.sistemagestaoprojetos.SistemaGestaoProjetos -Dexec.executable=C:\Program Files\Java\jdk-26.0.1\bin\java.exe -Dmaven.ext.class.path=C:\Users\gondi\OneDrive\Documentos\Modelos Personalizados do Office\netbeans\java\maven-nblib\netbeans-eventspy.jar --no-transfer-progress process-classes org.codehaus.mojo:exec-maven-plugin:3.5.1:exec
java_class_path (initial): C:\Users\gondi\OneDrive\Documentos\Modelos Personalizados do Office\netbeans\java\maven\boot\plexus-classworlds-2.9.0.jar
Launcher Type: SUN_STANDARD

[Global flags]
     bool AOTAdapterCaching                        = false                                  {diagnostic} {ergonomic}
     bool AOTInvokeDynamicLinking                  = false                                  {diagnostic} {ergonomic}
     bool AOTRecordTraining                        = false                                  {diagnostic} {ergonomic}
     bool AOTReplayTraining                        = false                                  {diagnostic} {ergonomic}
     bool AOTStubCaching                           = false                                  {diagnostic} {ergonomic}
     intx CICompilerCount                          = 2                                         {product} {ergonomic}
     uint ConcGCThreads                            = 1                                         {product} {ergonomic}
     uint G1ConcRefinementThreads                  = 2                                         {product} {ergonomic}
     uint G1EagerReclaimRemSetThreshold            = 10                                   {experimental} {ergonomic}
   size_t G1HeapRegionSize                         = 1048576                                   {product} {ergonomic}
     uint G1RemSetArrayOfCardsEntries              = 10                                   {experimental} {ergonomic}
     uint G1RemSetHowlMaxNumBuckets                = 8                                    {experimental} {ergonomic}
     uint G1RemSetHowlNumBuckets                   = 4                                    {experimental} {ergonomic}
   size_t InitialHeapSize                          = 8388608                                   {product} {ergonomic}
     bool IntelJccErratumMitigation                = false                             {ARCH diagnostic} {ergonomic}
   size_t MarkStackSize                            = 4194304                                   {product} {ergonomic}
   size_t MarkStackSizeMax                         = 536870912                                 {product} {ergonomic}
   size_t MaxHeapSize                              = 1025507328                                {product} {ergonomic}
   size_t MaxNewSize                               = 614465536                                 {product} {ergonomic}
 uint64_t MaxRAM                                   = 4095401984                                {product} {ergonomic}
   size_t MinHeapDeltaBytes                        = 1048576                                   {product} {ergonomic}
   size_t MinHeapSize                              = 8388608                                   {product} {ergonomic}
   size_t NonNMethodCodeHeapSize                   = 5832704                                {pd product} {ergonomic}
   size_t NonProfiledCodeHeapSize                  = 122945536                              {pd product} {ergonomic}
   size_t ProfiledCodeHeapSize                     = 122945536                              {pd product} {ergonomic}
   size_t ReservedCodeCacheSize                    = 251723776                              {pd product} {ergonomic}
     bool SegmentedCodeCache                       = true                                      {product} {ergonomic}
   size_t SoftMaxHeapSize                          = 1025507328                             {manageable} {ergonomic}
     bool UseCompressedOops                        = true                           {product lp64_product} {ergonomic}
     bool UseCondCardMark                          = true                                      {product} {ergonomic}
     bool UseFastUnorderedTimeStamps               = true                                 {experimental} {ergonomic}
     bool UseG1GC                                  = true                                      {product} {ergonomic}
     bool UseLargePagesIndividualAllocation        = false                                  {pd product} {ergonomic}
      int X86ICacheSync                            = 3                                 {ARCH diagnostic} {ergonomic}

Logging:
Log output configuration:
 #0: stdout all=warning uptime,level,tags foldmultilines=false
 #1: stderr all=off uptime,level,tags foldmultilines=false

Release file:
IMPLEMENTOR="Oracle Corporation" 
JAVA_RUNTIME_VERSION="26.0.1+8-34" 
JAVA_VERSION="26.0.1" 
JAVA_VERSION_DATE="2026-04-21" 
LIBC="default" 
MODULES="java.base java.compiler java.datatransfer java.xml java.prefs java.desktop java.instrument java.logging java.management java.security.sasl java.naming java.rmi java.management.rmi java.net.http java.scripting java.security.jgss java.transaction.xa java.sql java.sql.rowset java.xml.crypto java.se java.smartcardio jdk.accessibility jdk.internal.jvmstat jdk.attach jdk.charsets jdk.internal.opt jdk.zipfs jdk.compiler jdk.crypto.cryptoki jdk.crypto.ec jdk.crypto.mscapi jdk.dynalink jdk.internal.ed jdk.editpad jdk.internal.vm.ci jdk.graal.compiler jdk.graal.compiler.management jdk.hotspot.agent jdk.httpserver jdk.incubator.vector jdk.internal.le jdk.internal.md jdk.jartool jdk.javadoc jdk.jcmd jdk.management jdk.management.agent jdk.jconsole jdk.jdeps jdk.jdwp.agent jdk.jdi jdk.jfr jdk.jlink jdk.jpackage jdk.jshell jdk.jstatd jdk.localedata jdk.management.jfr jdk.naming.dns jdk.naming.rmi jdk.net jdk.nio.mapmode jdk.sctp jdk.security.auth jdk.security.jgss jdk.unsupported jdk.unsupported.desktop jdk.xml.dom" 
OS_ARCH="x86_64" 
OS_NAME="Windows" 
SOURCE=".:git:8fcde8268d22 open:git:fcc00fc4aee7" 

Environment Variables:
JAVA_HOME=C:\Program Files\Java\jdk-26.0.1
PATH=C:\Program Files\Common Files\Oracle\Java\javapath;C:\Windows\system32;C:\Windows;C:\Windows\System32\Wbem;C:\Windows\System32\WindowsPowerShell\v1.0\;C:\Windows\System32\OpenSSH\;C:\Users\gondi\AppData\Local\Microsoft\WindowsApps;C:\Users\gondi\OneDrive\Documentos\Modelos Personalizados do Office\netbeans\bin\
USERNAME=gondi
OS=Windows_NT
PROCESSOR_IDENTIFIER=Intel64 Family 6 Model 156 Stepping 0, GenuineIntel
TMP=C:\Users\gondi\AppData\Local\Temp
TEMP=C:\Users\gondi\AppData\Local\Temp




Compilation memory statistics disabled.

Periodic native trim disabled

---------------  S Y S T E M  ---------------

OS:
 Windows 11 , 64 bit Build 26100 (10.0.26100.8246)
OS uptime: 17 days 0:10 hours

CPU: total 2 (initial active 2) (2 cores per cpu, 1 threads per core) family 6 model 156 stepping 0 microcode 0x24000026, cx8, cmov, fxsr, mmx, 3dnowpref, sse, sse2, sse3, ssse3, sse4.1, sse4.2, popcnt, tsc, tscinvbit, aes, erms, clmul, sha, clflush, clflushopt, clwb, rdtscp, rdpid
Processor Information for the first 2 processors :
  Max Mhz: 1114, Current Mhz: 1114, Mhz Limit: 1114

Memory: 4k page, system-wide physical 3905M (289M free)
TotalPageFile size 15681M (AvailPageFile size 15M)
current process WorkingSet (physical memory assigned to process): 62M, peak: 62M
current process commit charge ("private bytes"): 90M, peak: 91M

vm_info: Java HotSpot(TM) 64-Bit Server VM (26.0.1+8-34) for windows-amd64 JRE (26.0.1+8-34), built on 2026-03-10T17:24:10Z with MS VC++ 17.13 (VS2022)

END.
