#
# There is insufficient memory for the Java Runtime Environment to continue.
# Native memory allocation (malloc) failed to allocate 298344 bytes. Error detail: Chunk::new
# Possible reasons:
#   The system is out of physical RAM or swap space
#   This process is running with CompressedOops enabled, and the Java Heap may be blocking the growth of the native heap
# Possible solutions:
#   Reduce memory load on the system
#   Increase physical memory or swap space
#   Check if swap backing store is full
#   Decrease Java heap size (-Xmx/-Xms)
#   Decrease number of Java threads
#   Decrease Java thread stack sizes (-Xss)
#   Set larger code cache with -XX:ReservedCodeCacheSize=
#   JVM is running with Unscaled Compressed Oops mode in which the Java heap is
#     placed in the first 4GB address space. The Java Heap base address is the
#     maximum limit for the native heap growth. Please use -XX:HeapBaseMinAddress
#     to set the Java Heap base and to place the Java Heap above 4GB virtual address.
# This output file may be truncated or incomplete.
#
#  Out of Memory Error (arena.cpp:193), pid=26824, tid=22180
#
# JRE version: Java(TM) SE Runtime Environment (26.0.1+8) (build 26.0.1+8-34)
# Java VM: Java HotSpot(TM) 64-Bit Server VM (26.0.1+8-34, mixed mode, sharing, tiered, compressed oops, compressed class ptrs, g1 gc, windows-amd64)
# No core dump will be written. Minidumps are not enabled by default on client versions of Windows
#

---------------  S U M M A R Y ------------

Command Line: --enable-native-access=ALL-UNNAMED -Dclassworlds.conf=C:\Users\gondi\OneDrive\Documentos\Modelos Personalizados do Office\netbeans\java\maven\bin\m2.conf -Dmaven.home=C:\Users\gondi\OneDrive\Documentos\Modelos Personalizados do Office\netbeans\java\maven -Dlibrary.jansi.path=C:\Users\gondi\OneDrive\Documentos\Modelos Personalizados do Office\netbeans\java\maven\lib\jansi-native -Dmaven.multiModuleProjectDirectory=C:\Users\gondi\OneDrive\Documentos\NetBeansProjects\SistemaGestaoProjetos org.codehaus.plexus.classworlds.launcher.Launcher -Dexec.vmArgs= -Dexec.args=${exec.vmArgs} -classpath %classpath ${exec.mainClass} ${exec.appArgs} -Dexec.appArgs= -Dexec.mainClass=com.mycompany.sistemagestaoprojetos.SistemaGestaoProjetos -Dexec.executable=C:\Program Files\Java\jdk-26.0.1\bin\java.exe -Dmaven.ext.class.path=C:\Users\gondi\OneDrive\Documentos\Modelos Personalizados do Office\netbeans\java\maven-nblib\netbeans-eventspy.jar --no-transfer-progress process-classes org.codehaus.mojo:exec-maven-plugin:3.5.1:exec

Host: Intel(R) Celeron(R) N4500 @ 1.10GHz, 2 cores, 3G,  Windows 11 , 64 bit Build 26100 (10.0.26100.8246)
Time: Sun May 31 07:16:49 2026 Hora Padrão de Buenos Aires elapsed time: 24886.414526 seconds (0d 6h 54m 46s)

---------------  T H R E A D  ---------------

Current thread (0x0000015c77f5ef20):  JavaThread "C2 CompilerThread0" daemon [_thread_in_native, id=22180, stack(0x00000021a7a00000,0x00000021a7b00000) (1024K)]


Current CompileTask:
C2:24886477 3445   !   4       org.apache.maven.model.interpolation.StringVisitorModelInterpolator$1::interpolate (97 bytes)

Stack: [0x00000021a7a00000,0x00000021a7b00000]
Native frames: (J=compiled Java code, j=interpreted, Vv=VM code, C=native code)
V  [jvm.dll+0x7d5879]  (no source info available)
V  [jvm.dll+0x7a37dd]  (no source info available)
V  [jvm.dll+0x9b0c10]  (no source info available)
V  [jvm.dll+0x9b3061]  (no source info available)
V  [jvm.dll+0x9b3773]  (no source info available)
V  [jvm.dll+0x30df76]  (no source info available)
V  [jvm.dll+0x11d8a6]  (no source info available)
V  [jvm.dll+0x11dbce]  (no source info available)
V  [jvm.dll+0x396721]  (no source info available)
V  [jvm.dll+0x6ed929]  (no source info available)
V  [jvm.dll+0x2da90a]  (no source info available)
V  [jvm.dll+0x2dacff]  (no source info available)
V  [jvm.dll+0x2d2f4d]  (no source info available)
V  [jvm.dll+0x2d04cd]  (no source info available)
V  [jvm.dll+0x246820]  (no source info available)
V  [jvm.dll+0x2e06dc]  (no source info available)
V  [jvm.dll+0x2de8bd]  (no source info available)
V  [jvm.dll+0x4a3ff1]  (no source info available)
V  [jvm.dll+0x94f649]  (no source info available)
V  [jvm.dll+0x7d7358]  (no source info available)
C  [ucrtbase.dll+0x37b0]  (no source info available)
C  [KERNEL32.DLL+0x2e8d7]  (no source info available)
C  [ntdll.dll+0x8c3fc]  (no source info available)

Lock stack of current Java thread (top to bottom):


---------------  P R O C E S S  ---------------

Threads class SMR info:
_java_thread_list=0x0000015c78713490, length=11, elements={
0x0000015c69acd120, 0x0000015c77f368e0, 0x0000015c77f3b840, 0x0000015c77f46360,
0x0000015c77f47590, 0x0000015c77f483c0, 0x0000015c77f49c60, 0x0000015c77f5ef20,
0x0000015c77f63740, 0x0000015c78089b90, 0x0000015c78090d60
}

Java Threads: ( => current thread )
  0x0000015c69acd120 JavaThread "main"                              [_thread_in_vm, id=23548, stack(0x00000021a6b00000,0x00000021a6c00000) (1024K)]
  0x0000015c77f368e0 JavaThread "Reference Handler"          daemon [_thread_blocked, id=14856, stack(0x00000021a7400000,0x00000021a7500000) (1024K)]
  0x0000015c77f3b840 JavaThread "Finalizer"                  daemon [_thread_blocked, id=25708, stack(0x00000021a7500000,0x00000021a7600000) (1024K)]
  0x0000015c77f46360 JavaThread "Signal Dispatcher"          daemon [_thread_blocked, id=9600, stack(0x00000021a7600000,0x00000021a7700000) (1024K)]
  0x0000015c77f47590 JavaThread "Attach Listener"            daemon [_thread_blocked, id=24216, stack(0x00000021a7700000,0x00000021a7800000) (1024K)]
  0x0000015c77f483c0 JavaThread "Service Thread"             daemon [_thread_blocked, id=13540, stack(0x00000021a7800000,0x00000021a7900000) (1024K)]
  0x0000015c77f49c60 JavaThread "Monitor Deflation Thread"   daemon [_thread_blocked, id=17860, stack(0x00000021a7900000,0x00000021a7a00000) (1024K)]
=>0x0000015c77f5ef20 JavaThread "C2 CompilerThread0"         daemon [_thread_in_native, id=22180, stack(0x00000021a7a00000,0x00000021a7b00000) (1024K)]
  0x0000015c77f63740 JavaThread "C1 CompilerThread0"         daemon [_thread_in_vm, id=19220, stack(0x00000021a7b00000,0x00000021a7c00000) (1024K)]
  0x0000015c78089b90 JavaThread "Notification Thread"        daemon [_thread_blocked, id=12676, stack(0x00000021a7c00000,0x00000021a7d00000) (1024K)]
  0x0000015c78090d60 JavaThread "Common-Cleaner"             daemon [_thread_blocked, id=23468, stack(0x00000021a7d00000,0x00000021a7e00000) (1024K)]
Total: 11

Other Threads:
  0x0000015c77f27720 VMThread "VM Thread"                           [id=11740, stack(0x00000021a7300000,0x00000021a7400000) (1024K)]
  0x0000015c77f1ca30 WatcherThread "VM Periodic Task Thread"        [id=16588, stack(0x00000021a7200000,0x00000021a7300000) (1024K)]
  0x0000015c69cfa540 WorkerThread "GC Thread#0"                     [id=26804, stack(0x00000021a6c00000,0x00000021a6d00000) (1024K)]
  0x0000015c78618960 WorkerThread "GC Thread#1"                     [id=12496, stack(0x00000021a7f00000,0x00000021a8000000) (1024K)]
  0x0000015c69d08260 ConcurrentGCThread "G1 Main Marker"            [id=16948, stack(0x00000021a6d00000,0x00000021a6e00000) (1024K)]
  0x0000015c69d0b490 WorkerThread "G1 Conc#0"                       [id=21800, stack(0x00000021a6e00000,0x00000021a6f00000) (1024K)]
  0x0000015c69d25c70 WorkerThread "G1 Refinement Workers#0"         [id=26388, stack(0x00000021a7000000,0x00000021a7100000) (1024K)]
  0x0000015c69d252b0 ConcurrentGCThread "G1 Refine Control"         [id=25800, stack(0x00000021a6f00000,0x00000021a7000000) (1024K)]
  0x0000015c69d27430 ConcurrentGCThread "G1 Service"                [id=25860, stack(0x00000021a7100000,0x00000021a7200000) (1024K)]
Total: 9

Threads with active compile tasks:
C2 CompilerThread0  24892339 3445   !   4       org.apache.maven.model.interpolation.StringVisitorModelInterpolator$1::interpolate (97 bytes)
C1 CompilerThread0  24892339 3451       3       java.util.HashSet::iterator (13 bytes)
Total: 2

VM state: not at safepoint (normal execution)

VM Mutex/Monitor currently owned by a thread: None

Heap address: 0x00000000c2e00000, size: 978 MB, Compressed Oops mode: 32-bit

CDS archive(s) mapped at: [0x000000002e000000-0x000000002ede0000-0x000000002ede0000), size 14548992, SharedBaseAddress: 0x000000002e000000, ArchiveRelocationMode: 1.
Compressed class space mapped at: 0x000000002f000000-0x000000006f000000, reserved size: 1073741824
UseCompressedClassPointers 1, UseCompactObjectHeaders 0
Narrow klass pointer bits 32, Max shift 3
Narrow klass base: 0x000000002e000000, Narrow klass shift: 0
Encoding Range: [0x000000002e000000 - 0x000000012e000000), (4294967296 bytes)
Klass Range:    [0x000000002e000000 - 0x000000006f000000), (1090519040 bytes)
Klass ID Range:  [8 - 1090519033) (1090519025)
Protection zone: [0x000000002e000000 - 0x000000002e010000), (65536 bytes)

GC Precious Log:
 CardTable entry size: 512
 Card Set container configuration: InlinePtr #cards 5 size 8 Array Of Cards #cards 10 size 36 Howl #buckets 4 coarsen threshold 1843 Howl Bitmap #cards 512 size 80 coarsen threshold 460 Card regions per heap region 1 cards per card region 2048
 CPUs: 2 total, 2 available
 Memory: 3905M
 Large Page Support: Disabled
 NUMA Support: Disabled
 Compressed Oops: Enabled (32-bit)
 Heap Region Size: 1M
 Heap Min Capacity: 8M
 Heap Initial Capacity: 8M
 Heap Max Capacity: 978M
 Pre-touch: Disabled
 Parallel Workers: 2
 Concurrent Workers: 1
 Concurrent Refinement Workers: 2
 Periodic GC: Disabled

Heap:
 garbage-first heap   total reserved 1001472K, committed 21504K, used 9695K [0x00000000c2e00000, 0x0000000100000000)
  region size 1M, 1 eden (1M), 1 survivor (1M), 10 old (10M), 0 humongous (0M), 9 free (9M)

Heap Regions: E=young(eden), S=young(survivor), O=old, HS=humongous(starts), HC=humongous(continues), CS=collection set, F=free, TAMS=top-at-mark-start, PB=parsable bottom
|    0|0x00000000c2e00000, 0x00000000c2f00000, 0x00000000c2f00000|100%| O|  |TAMS 0x00000000c2e00000| PB 0x00000000c2e00000| Untracked |  0
|    1|0x00000000c2f00000, 0x00000000c3000000, 0x00000000c3000000|100%| O|  |TAMS 0x00000000c2f00000| PB 0x00000000c2f00000| Untracked |  0
|    2|0x00000000c3000000, 0x00000000c3100000, 0x00000000c3100000|100%| O|  |TAMS 0x00000000c3000000| PB 0x00000000c3000000| Untracked |  0
|    3|0x00000000c3100000, 0x00000000c3200000, 0x00000000c3200000|100%| O|  |TAMS 0x00000000c3100000| PB 0x00000000c3100000| Untracked |  0
|    4|0x00000000c3200000, 0x00000000c3300000, 0x00000000c3300000|100%| O|  |TAMS 0x00000000c3200000| PB 0x00000000c3200000| Untracked |  0
|    5|0x00000000c3300000, 0x00000000c3400000, 0x00000000c3400000|100%| O|  |TAMS 0x00000000c3300000| PB 0x00000000c3300000| Untracked |  0
|    6|0x00000000c3400000, 0x00000000c3500000, 0x00000000c3500000|100%| O|  |TAMS 0x00000000c3400000| PB 0x00000000c3400000| Untracked |  0
|    7|0x00000000c3500000, 0x00000000c35904f0, 0x00000000c3600000| 56%| O|  |TAMS 0x00000000c3500000| PB 0x00000000c3500000| Untracked |  0
|    8|0x00000000c3600000, 0x00000000c3678b00, 0x00000000c3700000| 47%| O|  |TAMS 0x00000000c3600000| PB 0x00000000c3600000| Untracked |  0
|    9|0x00000000c3700000, 0x00000000c3700000, 0x00000000c3800000|  0%| F|  |TAMS 0x00000000c3700000| PB 0x00000000c3700000| Untracked |  0
|   10|0x00000000c3800000, 0x00000000c3800000, 0x00000000c3900000|  0%| F|  |TAMS 0x00000000c3800000| PB 0x00000000c3800000| Untracked |  0
|   11|0x00000000c3900000, 0x00000000c3900000, 0x00000000c3a00000|  0%| F|  |TAMS 0x00000000c3900000| PB 0x00000000c3900000| Untracked |  0
|   12|0x00000000c3a00000, 0x00000000c3a00000, 0x00000000c3b00000|  0%| F|  |TAMS 0x00000000c3a00000| PB 0x00000000c3a00000| Untracked |  0
|   13|0x00000000c3b00000, 0x00000000c3b00000, 0x00000000c3c00000|  0%| F|  |TAMS 0x00000000c3b00000| PB 0x00000000c3b00000| Untracked |  0
|   14|0x00000000c3c00000, 0x00000000c3c00000, 0x00000000c3d00000|  0%| F|  |TAMS 0x00000000c3c00000| PB 0x00000000c3c00000| Untracked |  0
|   15|0x00000000c3d00000, 0x00000000c3d00000, 0x00000000c3e00000|  0%| F|  |TAMS 0x00000000c3d00000| PB 0x00000000c3d00000| Untracked |  0
|   16|0x00000000c3e00000, 0x00000000c3e00000, 0x00000000c3f00000|  0%| F|  |TAMS 0x00000000c3e00000| PB 0x00000000c3e00000| Untracked |  0
|   17|0x00000000c3f00000, 0x00000000c3f6ed30, 0x00000000c4000000| 43%| S|CS|TAMS 0x00000000c3f00000| PB 0x00000000c3f00000| Complete  |  0
|   18|0x00000000c4000000, 0x00000000c4000000, 0x00000000c4100000|  0%| F|  |TAMS 0x00000000c4000000| PB 0x00000000c4000000| Untracked |  0
|   27|0x00000000c4900000, 0x00000000c49cd060, 0x00000000c4a00000| 80%| E|CS|TAMS 0x00000000c4900000| PB 0x00000000c4900000| Complete  |  0
|  976|0x00000000ffe00000, 0x00000000fff00000, 0x00000000fff00000|100%| O|  |TAMS 0x00000000ffe00000| PB 0x00000000ffe00000| Untracked |  0

Card table byte_map: [0x0000015c748b0000,0x0000015c74aa0000] _byte_map_base: 0x0000015c74299000
Refinement table byte_map: [0x0000015c74aa0000,0x0000015c74c90000] _byte_map_base: 0x0000015c74489000

Marking Bits: (CMBitMap*) 0x0000015c69cfacc0
 Bits: [0x0000015c74c90000, 0x0000015c75bd8000)

Polling page: 0x0000015c6a130000

Metaspace:
Metaspace        used 15189K, committed 15424K, reserved 1114112K
 class space     used 1905K, committed 1984K, reserved 1048576K

Usage:
  Non-class:     12.97 MB used.
      Class:      1.86 MB used.
       Both:     14.83 MB used.

Virtual space:
  Non-class space:       64.00 MB reserved,      13.12 MB ( 21%) committed,  1 nodes.
      Class space:        1.00 GB reserved,       1.94 MB ( <1%) committed,  1 nodes.
             Both:        1.06 GB reserved,      15.06 MB (  1%) committed. 

Chunk freelists:
   Non-Class:  2.27 MB
       Class:  13.88 MB
        Both:  16.15 MB

MaxMetaspaceSize: unlimited
CompressedClassSpaceSize: 1.00 GB
Initial GC threshold: 21.00 MB
Current GC threshold: 21.00 MB
CDS: on
 - commit_granule_bytes: 65536.
 - commit_granule_words: 8192.
 - virtual_space_node_default_size: 8388608.
 - enlarge_chunks_in_place: 1.
UseCompressedClassPointers 1, UseCompactObjectHeaders 0
Narrow klass pointer bits 32, Max shift 3
Narrow klass base: 0x000000002e000000, Narrow klass shift: 0
Encoding Range: [0x000000002e000000 - 0x000000012e000000), (4294967296 bytes)
Klass Range:    [0x000000002e000000 - 0x000000006f000000), (1090519040 bytes)
Klass ID Range:  [8 - 1090519033) (1090519025)
Protection zone: [0x000000002e000000 - 0x000000002e010000), (65536 bytes)


Internal statistics:

num_allocs_failed_limit: 0.
num_arena_births: 124.
num_arena_deaths: 0.
num_vsnodes_births: 2.
num_vsnodes_deaths: 0.
num_space_committed: 241.
num_space_uncommitted: 0.
num_chunks_returned_to_freelist: 0.
num_chunks_taken_from_freelist: 666.
num_chunk_merges: 0.
num_chunk_splits: 446.
num_chunks_enlarged: 356.
num_inconsistent_stats: 0.

CodeHeap 'non-profiled nmethods': size=120064Kb used=973Kb max_used=973Kb free=119090Kb
 bounds [0x0000015c07ad0000, 0x0000015c07d40000, 0x0000015c0f010000]
CodeHeap 'profiled nmethods': size=120064Kb used=5138Kb max_used=5138Kb free=114925Kb
 bounds [0x0000015c00000000, 0x0000015c00510000, 0x0000015c07540000]
CodeHeap 'non-nmethods': size=5696Kb used=1385Kb max_used=1447Kb free=4310Kb
 bounds [0x0000015c07540000, 0x0000015c077b0000, 0x0000015c07ad0000]
CodeCache: size=245824Kb, used=7496Kb, max_used=7558Kb, free=238325Kb
 total_blobs=3801, nmethods=3295, adapters=410, full_count=0
Compilation: enabled, stopped_count=0, restarted_count=0

Compilation events (20 events):
Event: 24790.423 Thread 0x0000015c77f63740 nmethod 3432 0x0000015c004ff408 code [0x0000015c004ff500, 0x0000015c004ff7c8]
Event: 24807.877 Thread 0x0000015c77f63740 3433       3       java.util.ArrayList::contains (14 bytes)
Event: 24808.287 Thread 0x0000015c77f63740 nmethod 3433 0x0000015c004ff808 code [0x0000015c004ff900, 0x0000015c004ffbe0]
Event: 24840.549 Thread 0x0000015c77f63740 3436       1       org.apache.maven.model.Plugin::setExecutions (6 bytes)
Event: 24840.710 Thread 0x0000015c77f63740 nmethod 3436 0x0000015c07bc2308 code [0x0000015c07bc2400, 0x0000015c07bc2500]
Event: 24840.735 Thread 0x0000015c77f5ef20 3437       4       org.codehaus.plexus.util.xml.Xpp3Dom::addChild (17 bytes)
Event: 24840.744 Thread 0x0000015c77f63740 3438       3       org.apache.maven.model.io.xpp3.MavenXpp3Reader::parsePlugin (519 bytes)
Event: 24841.529 Thread 0x0000015c77f63740 nmethod 3438 0x0000015c004ffc08 code [0x0000015c004ffd00, 0x0000015c00503460]
Event: 24842.212 Thread 0x0000015c77f5ef20 nmethod 3437 0x0000015c07bc2608 code [0x0000015c07bc2700, 0x0000015c07bc2ed8]
Event: 24859.465 Thread 0x0000015c77f63740 3440       3       sun.nio.fs.WindowsPath::toWindowsPath (32 bytes)
Event: 24860.414 Thread 0x0000015c77f63740 nmethod 3440 0x0000015c00503508 code [0x0000015c00503600, 0x0000015c00503a18]
Event: 24869.746 Thread 0x0000015c77f5ef20 3441       4       java.lang.String::endsWith (15 bytes)
Event: 24870.720 Thread 0x0000015c77f5ef20 nmethod 3441 0x0000015c07bc2f08 code [0x0000015c07bc3000, 0x0000015c07bc32e8]
Event: 24884.663 Thread 0x0000015c77f63740 3443       3       java.util.Hashtable::rehash (142 bytes)
Event: 24884.717 Thread 0x0000015c77f5ef20 3445   !   4       org.apache.maven.model.interpolation.StringVisitorModelInterpolator$1::interpolate (97 bytes)
Event: 24885.093 Thread 0x0000015c77f63740 nmethod 3443 0x0000015c00503a88 code [0x0000015c00503ba0, 0x0000015c00504200]
Event: 24885.143 Thread 0x0000015c77f63740 3448   !   3       org.codehaus.plexus.interpolation.reflection.ClassMap::findMethod (107 bytes)
Event: 24885.314 Thread 0x0000015c77f63740 nmethod 3448 0x0000015c00504208 code [0x0000015c00504300, 0x0000015c005049f8]
Event: 24885.451 Thread 0x0000015c77f63740 3450       1       org.eclipse.aether.repository.RemoteRepository::getId (5 bytes)
Event: 24885.476 Thread 0x0000015c77f63740 nmethod 3450 0x0000015c07bc3308 code [0x0000015c07bc3400, 0x0000015c07bc34b8]

GC Heap Usage History (20 events):
Event: 24690.934 {heap Before GC invocations=16 (full 0):
 garbage-first heap   total reserved 1001472K, committed 30720K, used 9828K [0x00000000c2e00000, 0x0000000100000000)
  region size 1M, 1 eden (1M), 2 survivor (2M), 7 old (7M), 0 humongous (0M), 20 free (20M)
}
Event: 24691.373 {heap After GC invocations=17 (full 0):
 garbage-first heap   total reserved 1001472K, committed 30720K, used 9120K [0x00000000c2e00000, 0x0000000100000000)
  region size 1M, 0 eden (0M), 1 survivor (1M), 9 old (9M), 0 humongous (0M), 20 free (20M)
}
Event: 24697.759 {heap Before GC invocations=17 (full 0):
 garbage-first heap   total reserved 1001472K, committed 30720K, used 10144K [0x00000000c2e00000, 0x0000000100000000)
  region size 1M, 1 eden (1M), 1 survivor (1M), 9 old (9M), 0 humongous (0M), 19 free (19M)
}
Event: 24697.828 {heap After GC invocations=18 (full 0):
 garbage-first heap   total reserved 1001472K, committed 30720K, used 8949K [0x00000000c2e00000, 0x0000000100000000)
  region size 1M, 0 eden (0M), 1 survivor (1M), 9 old (9M), 0 humongous (0M), 20 free (20M)
}
Event: 24705.194 {heap Before GC invocations=18 (full 0):
 garbage-first heap   total reserved 1001472K, committed 30720K, used 9973K [0x00000000c2e00000, 0x0000000100000000)
  region size 1M, 1 eden (1M), 1 survivor (1M), 9 old (9M), 0 humongous (0M), 19 free (19M)
}
Event: 24705.299 {heap After GC invocations=19 (full 0):
 garbage-first heap   total reserved 1001472K, committed 30720K, used 9014K [0x00000000c2e00000, 0x0000000100000000)
  region size 1M, 0 eden (0M), 1 survivor (1M), 9 old (9M), 0 humongous (0M), 20 free (20M)
}
Event: 24709.299 {heap Before GC invocations=19 (full 0):
 garbage-first heap   total reserved 1001472K, committed 30720K, used 9014K [0x00000000c2e00000, 0x0000000100000000)
  region size 1M, 1 eden (1M), 1 survivor (1M), 9 old (9M), 0 humongous (0M), 19 free (19M)
}
Event: 24709.371 {heap After GC invocations=20 (full 0):
 garbage-first heap   total reserved 1001472K, committed 30720K, used 9129K [0x00000000c2e00000, 0x0000000100000000)
  region size 1M, 0 eden (0M), 1 survivor (1M), 9 old (9M), 0 humongous (0M), 20 free (20M)
}
Event: 24712.748 {heap Before GC invocations=20 (full 0):
 garbage-first heap   total reserved 1001472K, committed 30720K, used 10153K [0x00000000c2e00000, 0x0000000100000000)
  region size 1M, 1 eden (1M), 1 survivor (1M), 9 old (9M), 0 humongous (0M), 19 free (19M)
}
Event: 24712.773 {heap After GC invocations=21 (full 0):
 garbage-first heap   total reserved 1001472K, committed 30720K, used 9243K [0x00000000c2e00000, 0x0000000100000000)
  region size 1M, 0 eden (0M), 1 survivor (1M), 9 old (9M), 0 humongous (0M), 20 free (20M)
}
Event: 24716.311 {heap Before GC invocations=21 (full 0):
 garbage-first heap   total reserved 1001472K, committed 30720K, used 9243K [0x00000000c2e00000, 0x0000000100000000)
  region size 1M, 1 eden (1M), 1 survivor (1M), 9 old (9M), 0 humongous (0M), 19 free (19M)
}
Event: 24716.382 {heap After GC invocations=22 (full 0):
 garbage-first heap   total reserved 1001472K, committed 30720K, used 9311K [0x00000000c2e00000, 0x0000000100000000)
  region size 1M, 0 eden (0M), 1 survivor (1M), 9 old (9M), 0 humongous (0M), 20 free (20M)
}
Event: 24718.082 {heap Before GC invocations=22 (full 0):
 garbage-first heap   total reserved 1001472K, committed 30720K, used 10335K [0x00000000c2e00000, 0x0000000100000000)
  region size 1M, 1 eden (1M), 1 survivor (1M), 9 old (9M), 0 humongous (0M), 19 free (19M)
}
Event: 24718.116 {heap After GC invocations=23 (full 0):
 garbage-first heap   total reserved 1001472K, committed 21504K, used 9426K [0x00000000c2e00000, 0x0000000100000000)
  region size 1M, 0 eden (0M), 1 survivor (1M), 9 old (9M), 0 humongous (0M), 11 free (11M)
}
Event: 24725.803 {heap Before GC invocations=23 (full 0):
 garbage-first heap   total reserved 1001472K, committed 21504K, used 10450K [0x00000000c2e00000, 0x0000000100000000)
  region size 1M, 1 eden (1M), 1 survivor (1M), 9 old (9M), 0 humongous (0M), 10 free (10M)
}
Event: 24725.837 {heap After GC invocations=24 (full 0):
 garbage-first heap   total reserved 1001472K, committed 21504K, used 9620K [0x00000000c2e00000, 0x0000000100000000)
  region size 1M, 0 eden (0M), 1 survivor (1M), 10 old (10M), 0 humongous (0M), 10 free (10M)
}
Event: 24754.899 {heap Before GC invocations=24 (full 0):
 garbage-first heap   total reserved 1001472K, committed 21504K, used 10644K [0x00000000c2e00000, 0x0000000100000000)
  region size 1M, 1 eden (1M), 1 survivor (1M), 10 old (10M), 0 humongous (0M), 9 free (9M)
}
Event: 24756.254 {heap After GC invocations=25 (full 0):
 garbage-first heap   total reserved 1001472K, committed 21504K, used 9806K [0x00000000c2e00000, 0x0000000100000000)
  region size 1M, 0 eden (0M), 1 survivor (1M), 10 old (10M), 0 humongous (0M), 10 free (10M)
}
Event: 24794.581 {heap Before GC invocations=25 (full 0):
 garbage-first heap   total reserved 1001472K, committed 21504K, used 9806K [0x00000000c2e00000, 0x0000000100000000)
  region size 1M, 1 eden (1M), 1 survivor (1M), 10 old (10M), 0 humongous (0M), 9 free (9M)
}
Event: 24794.887 {heap After GC invocations=26 (full 0):
 garbage-first heap   total reserved 1001472K, committed 21504K, used 9695K [0x00000000c2e00000, 0x0000000100000000)
  region size 1M, 0 eden (0M), 1 survivor (1M), 10 old (10M), 0 humongous (0M), 10 free (10M)
}

Metaspace Usage History (20 events):
Event: 24690.934 {metaspace Before GC invocations=16 (full 0):
 Metaspace       used 14683K, committed 14976K, reserved 1114112K
  class space    used 1849K, committed 1984K, reserved 1048576K
}
Event: 24691.373 {metaspace After GC invocations=17 (full 0):
 Metaspace       used 14683K, committed 14976K, reserved 1114112K
  class space    used 1849K, committed 1984K, reserved 1048576K
}
Event: 24697.763 {metaspace Before GC invocations=17 (full 0):
 Metaspace       used 14758K, committed 15040K, reserved 1114112K
  class space    used 1858K, committed 1984K, reserved 1048576K
}
Event: 24697.828 {metaspace After GC invocations=18 (full 0):
 Metaspace       used 14758K, committed 15040K, reserved 1114112K
  class space    used 1858K, committed 1984K, reserved 1048576K
}
Event: 24705.194 {metaspace Before GC invocations=18 (full 0):
 Metaspace       used 14840K, committed 15104K, reserved 1114112K
  class space    used 1870K, committed 1984K, reserved 1048576K
}
Event: 24705.299 {metaspace After GC invocations=19 (full 0):
 Metaspace       used 14840K, committed 15104K, reserved 1114112K
  class space    used 1870K, committed 1984K, reserved 1048576K
}
Event: 24709.309 {metaspace Before GC invocations=19 (full 0):
 Metaspace       used 14879K, committed 15104K, reserved 1114112K
  class space    used 1874K, committed 1984K, reserved 1048576K
}
Event: 24709.371 {metaspace After GC invocations=20 (full 0):
 Metaspace       used 14879K, committed 15104K, reserved 1114112K
  class space    used 1874K, committed 1984K, reserved 1048576K
}
Event: 24712.748 {metaspace Before GC invocations=20 (full 0):
 Metaspace       used 14920K, committed 15168K, reserved 1114112K
  class space    used 1875K, committed 1984K, reserved 1048576K
}
Event: 24712.773 {metaspace After GC invocations=21 (full 0):
 Metaspace       used 14920K, committed 15168K, reserved 1114112K
  class space    used 1875K, committed 1984K, reserved 1048576K
}
Event: 24716.337 {metaspace Before GC invocations=21 (full 0):
 Metaspace       used 14930K, committed 15168K, reserved 1114112K
  class space    used 1876K, committed 1984K, reserved 1048576K
}
Event: 24716.382 {metaspace After GC invocations=22 (full 0):
 Metaspace       used 14930K, committed 15168K, reserved 1114112K
  class space    used 1876K, committed 1984K, reserved 1048576K
}
Event: 24718.082 {metaspace Before GC invocations=22 (full 0):
 Metaspace       used 14953K, committed 15168K, reserved 1114112K
  class space    used 1876K, committed 1984K, reserved 1048576K
}
Event: 24718.116 {metaspace After GC invocations=23 (full 0):
 Metaspace       used 14953K, committed 15168K, reserved 1114112K
  class space    used 1876K, committed 1984K, reserved 1048576K
}
Event: 24725.811 {metaspace Before GC invocations=23 (full 0):
 Metaspace       used 14981K, committed 15232K, reserved 1114112K
  class space    used 1877K, committed 1984K, reserved 1048576K
}
Event: 24725.837 {metaspace After GC invocations=24 (full 0):
 Metaspace       used 14981K, committed 15232K, reserved 1114112K
  class space    used 1877K, committed 1984K, reserved 1048576K
}
Event: 24754.899 {metaspace Before GC invocations=24 (full 0):
 Metaspace       used 15114K, committed 15360K, reserved 1114112K
  class space    used 1895K, committed 1984K, reserved 1048576K
}
Event: 24756.254 {metaspace After GC invocations=25 (full 0):
 Metaspace       used 15114K, committed 15360K, reserved 1114112K
  class space    used 1895K, committed 1984K, reserved 1048576K
}
Event: 24794.581 {metaspace Before GC invocations=25 (full 0):
 Metaspace       used 15158K, committed 15424K, reserved 1114112K
  class space    used 1902K, committed 1984K, reserved 1048576K
}
Event: 24794.887 {metaspace After GC invocations=26 (full 0):
 Metaspace       used 15158K, committed 15424K, reserved 1114112K
  class space    used 1902K, committed 1984K, reserved 1048576K
}

Dll operation events (14 events):
Event: 0.017 Attempting to load shared library C:\Program Files\Java\jdk-26.0.1\bin\java.dll
Event: 0.020 Loaded shared library C:\Program Files\Java\jdk-26.0.1\bin\java.dll
Event: 0.092 Attempting to load shared library C:\Program Files\Java\jdk-26.0.1\bin\net.dll
Event: 0.093 Loaded shared library C:\Program Files\Java\jdk-26.0.1\bin\net.dll
Event: 0.096 Attempting to load shared library C:\Program Files\Java\jdk-26.0.1\bin\nio.dll
Event: 0.097 Loaded shared library C:\Program Files\Java\jdk-26.0.1\bin\nio.dll
Event: 0.102 Attempting to load shared library C:\Program Files\Java\jdk-26.0.1\bin\zip.dll
Event: 0.103 Loaded shared library C:\Program Files\Java\jdk-26.0.1\bin\zip.dll
Event: 0.648 Attempting to load shared library C:\Program Files\Java\jdk-26.0.1\bin\jimage.dll
Event: 0.648 Loaded shared library C:\Program Files\Java\jdk-26.0.1\bin\jimage.dll
Event: 1.577 Attempting to load shared library C:\Users\gondi\OneDrive\Documentos\Modelos Personalizados do Office\netbeans\java\maven\lib\jansi-native\Windows\x86_64\jansi.dll
Event: 1.590 Loaded shared library C:\Users\gondi\OneDrive\Documentos\Modelos Personalizados do Office\netbeans\java\maven\lib\jansi-native\Windows\x86_64\jansi.dll
Event: 1.646 Attempting to load shared library C:\Program Files\Java\jdk-26.0.1\bin\verify.dll
Event: 1.650 Loaded shared library C:\Program Files\Java\jdk-26.0.1\bin\verify.dll

Deoptimization events (20 events):
Event: 24720.121 Thread 0x0000015c69acd120 Uncommon trap: trap_request=0xffffff45 fr.pc=0x0000015c07b9eb30 relative=0x0000000000000eb0
Event: 24720.121 Thread 0x0000015c69acd120 Uncommon trap: reason=unstable_if action=reinterpret pc=0x0000015c07b9eb30 method=java.util.HashMap.hash(Ljava/lang/Object;)I @ 1 c2
Event: 24720.121 Thread 0x0000015c69acd120 DEOPT PACKING pc=0x0000015c07b9eb30 sp=0x00000021a6bfe750
Event: 24720.121 Thread 0x0000015c69acd120 DEOPT UNPACKING pc=0x0000015c075cc17c sp=0x00000021a6bfe640 mode 2
Event: 24720.193 Thread 0x0000015c69acd120 Uncommon trap: trap_request=0xffffff45 fr.pc=0x0000015c07b6c338 relative=0x0000000000000238
Event: 24720.193 Thread 0x0000015c69acd120 Uncommon trap: reason=unstable_if action=reinterpret pc=0x0000015c07b6c338 method=java.util.HashMap.hash(Ljava/lang/Object;)I @ 1 c2
Event: 24720.193 Thread 0x0000015c69acd120 DEOPT PACKING pc=0x0000015c07b6c338 sp=0x00000021a6bfe780
Event: 24720.193 Thread 0x0000015c69acd120 DEOPT UNPACKING pc=0x0000015c075cc17c sp=0x00000021a6bfe618 mode 2
Event: 24720.193 Thread 0x0000015c69acd120 Uncommon trap: trap_request=0xffffff45 fr.pc=0x0000015c07baa9e8 relative=0x0000000000000668
Event: 24720.193 Thread 0x0000015c69acd120 Uncommon trap: reason=unstable_if action=reinterpret pc=0x0000015c07baa9e8 method=java.util.HashMap.hash(Ljava/lang/Object;)I @ 1 c2
Event: 24720.193 Thread 0x0000015c69acd120 DEOPT PACKING pc=0x0000015c07baa9e8 sp=0x00000021a6bfe7c0
Event: 24720.193 Thread 0x0000015c69acd120 DEOPT UNPACKING pc=0x0000015c075cc17c sp=0x00000021a6bfe720 mode 2
Event: 24731.250 Thread 0x0000015c69acd120 Uncommon trap: trap_request=0xffffff45 fr.pc=0x0000015c07ba0618 relative=0x0000000000000098
Event: 24731.258 Thread 0x0000015c69acd120 Uncommon trap: reason=unstable_if action=reinterpret pc=0x0000015c07ba0618 method=org.fusesource.jansi.io.FastBufferedOutputStream.write(I)V @ 9 c2
Event: 24731.258 Thread 0x0000015c69acd120 DEOPT PACKING pc=0x0000015c07ba0618 sp=0x00000021a6bfdb60
Event: 24731.259 Thread 0x0000015c69acd120 DEOPT UNPACKING pc=0x0000015c075cc17c sp=0x00000021a6bfdae8 mode 2
Event: 24756.283 Thread 0x0000015c69acd120 Uncommon trap: trap_request=0xffffff66 fr.pc=0x0000015c07bc0430 relative=0x0000000000000630
Event: 24756.283 Thread 0x0000015c69acd120 Uncommon trap: reason=loop_limit_check action=maybe_recompile pc=0x0000015c07bc0430 method=java.util.regex.Pattern$Start.match(Ljava/util/regex/Matcher;ILjava/lang/CharSequence;)Z @ 34 c2
Event: 24756.283 Thread 0x0000015c69acd120 DEOPT PACKING pc=0x0000015c07bc0430 sp=0x00000021a6bfd390
Event: 24756.284 Thread 0x0000015c69acd120 DEOPT UNPACKING pc=0x0000015c075cc17c sp=0x00000021a6bfd350 mode 2

Classes loaded (20 events):
Event: 24659.143 Loading class java/nio/file/AccessMode
Event: 24659.371 Loading class java/nio/file/AccessMode done
Event: 24659.436 Loading class sun/nio/fs/WindowsFileSystemProvider$1
Event: 24659.484 Loading class sun/nio/fs/WindowsFileSystemProvider$1 done
Event: 24660.656 Loading class sun/nio/fs/WindowsChannelFactory$2
Event: 24660.656 Loading class sun/nio/fs/WindowsChannelFactory$2 done
Event: 24660.730 Loading class sun/nio/ch/FileLockImpl
Event: 24660.844 Loading class sun/nio/ch/FileLockImpl done
Event: 24660.914 Loading class sun/nio/ch/FileLockTable
Event: 24661.100 Loading class sun/nio/ch/FileLockTable done
Event: 24661.126 Loading class sun/nio/ch/FileKey
Event: 24661.158 Loading class sun/nio/ch/FileKey done
Event: 24661.530 Loading class sun/nio/ch/FileLockTable$FileLockReference
Event: 24661.657 Loading class sun/nio/ch/FileLockTable$FileLockReference done
Event: 24662.808 Loading class java/util/AbstractMap$2
Event: 24662.906 Loading class java/util/AbstractMap$2 done
Event: 24662.906 Loading class java/util/AbstractMap$ValueIterator
Event: 24662.955 Loading class java/util/AbstractMap$ValueIterator done
Event: 24694.071 Loading class java/util/stream/Streams$RangeIntSpliterator
Event: 24694.190 Loading class java/util/stream/Streams$RangeIntSpliterator done

Classes unloaded (0 events):
No events

Classes redefined (0 events):
No events

Internal exceptions (20 events):
Event: 24707.386 Thread 0x0000015c69acd120 Exception <a 'java/io/IOException'{0x00000000fff8b808}> (0x00000000fff8b808) 
thrown [s\open\src\hotspot\share\prims\jni.cpp, line 514]
Event: 24707.386 Thread 0x0000015c69acd120 Exception <a 'java/io/IOException'{0x00000000fff8bdd8}> (0x00000000fff8bdd8) 
thrown [s\open\src\hotspot\share\prims\jni.cpp, line 514]
Event: 24707.386 Thread 0x0000015c69acd120 Exception <a 'java/io/IOException'{0x00000000fff8c0f8}> (0x00000000fff8c0f8) 
thrown [s\open\src\hotspot\share\prims\jni.cpp, line 514]
Event: 24720.119 Thread 0x0000015c69acd120 Implicit null exception at 0x0000015c07b5d848 to 0x0000015c07b5da20
Event: 24720.121 Thread 0x0000015c69acd120 Implicit null exception at 0x0000015c07b9df28 to 0x0000015c07b9eb18
Event: 24720.193 Thread 0x0000015c69acd120 Implicit null exception at 0x0000015c07b6c148 to 0x0000015c07b6c31c
Event: 24720.193 Thread 0x0000015c69acd120 Implicit null exception at 0x0000015c07baa3b9 to 0x0000015c07baa9d0
Event: 24731.414 Thread 0x0000015c69acd120 Exception <a 'java/io/IOException'{0x00000000c4974118}> (0x00000000c4974118) 
thrown [s\open\src\hotspot\share\prims\jni.cpp, line 514]
Event: 24731.468 Thread 0x0000015c69acd120 Exception <a 'java/io/IOException'{0x00000000c4974720}> (0x00000000c4974720) 
thrown [s\open\src\hotspot\share\prims\jni.cpp, line 514]
Event: 24731.468 Thread 0x0000015c69acd120 Exception <a 'java/io/IOException'{0x00000000c4974cf0}> (0x00000000c4974cf0) 
thrown [s\open\src\hotspot\share\prims\jni.cpp, line 514]
Event: 24731.468 Thread 0x0000015c69acd120 Exception <a 'java/io/IOException'{0x00000000c49752c0}> (0x00000000c49752c0) 
thrown [s\open\src\hotspot\share\prims\jni.cpp, line 514]
Event: 24731.468 Thread 0x0000015c69acd120 Exception <a 'java/io/IOException'{0x00000000c4975aa8}> (0x00000000c4975aa8) 
thrown [s\open\src\hotspot\share\prims\jni.cpp, line 514]
Event: 24731.468 Thread 0x0000015c69acd120 Exception <a 'java/io/IOException'{0x00000000c49760b0}> (0x00000000c49760b0) 
thrown [s\open\src\hotspot\share\prims\jni.cpp, line 514]
Event: 24731.469 Thread 0x0000015c69acd120 Exception <a 'java/io/IOException'{0x00000000c4976680}> (0x00000000c4976680) 
thrown [s\open\src\hotspot\share\prims\jni.cpp, line 514]
Event: 24731.469 Thread 0x0000015c69acd120 Exception <a 'java/io/IOException'{0x00000000c4976c50}> (0x00000000c4976c50) 
thrown [s\open\src\hotspot\share\prims\jni.cpp, line 514]
Event: 24731.666 Thread 0x0000015c69acd120 Exception <a 'java/io/IOException'{0x00000000c4977e00}> (0x00000000c4977e00) 
thrown [s\open\src\hotspot\share\prims\jni.cpp, line 514]
Event: 24731.666 Thread 0x0000015c69acd120 Exception <a 'java/io/IOException'{0x00000000c4978408}> (0x00000000c4978408) 
thrown [s\open\src\hotspot\share\prims\jni.cpp, line 514]
Event: 24731.666 Thread 0x0000015c69acd120 Exception <a 'java/io/IOException'{0x00000000c49789d8}> (0x00000000c49789d8) 
thrown [s\open\src\hotspot\share\prims\jni.cpp, line 514]
Event: 24731.666 Thread 0x0000015c69acd120 Exception <a 'java/io/IOException'{0x00000000c4978fa8}> (0x00000000c4978fa8) 
thrown [s\open\src\hotspot\share\prims\jni.cpp, line 514]
Event: 24734.086 Thread 0x0000015c69acd120 Exception <a 'java/lang/NoSuchMethodError'{0x00000000c498c8a0}: 'java.lang.Object java.lang.invoke.DirectMethodHandle$Holder.newInvokeSpecial(java.lang.Object, java.lang.Object, java.lang.Object, java.lang.Object, java.lang.Object, java.lang.Object, java.lang.Object)'> (0x00000000c498c8a0) 
thrown [s\open\src\hotspot\share\interpreter\linkResolver.cpp, line 804]

VM Operations (20 events):
Event: 24705.194 Executing safepoint VM operation: G1CollectForAllocation (G1 Evacuation Pause)
Event: 24705.299 Executing safepoint VM operation: G1CollectForAllocation (G1 Evacuation Pause) done
Event: 24709.288 Executing safepoint VM operation: G1CollectForAllocation (G1 Evacuation Pause)
Event: 24709.371 Executing safepoint VM operation: G1CollectForAllocation (G1 Evacuation Pause) done
Event: 24712.748 Executing safepoint VM operation: G1CollectForAllocation (G1 Evacuation Pause)
Event: 24712.773 Executing safepoint VM operation: G1CollectForAllocation (G1 Evacuation Pause) done
Event: 24716.311 Executing safepoint VM operation: G1CollectForAllocation (G1 Evacuation Pause)
Event: 24716.382 Executing safepoint VM operation: G1CollectForAllocation (G1 Evacuation Pause) done
Event: 24718.082 Executing safepoint VM operation: G1CollectForAllocation (G1 Evacuation Pause)
Event: 24718.116 Executing safepoint VM operation: G1CollectForAllocation (G1 Evacuation Pause) done
Event: 24725.803 Executing safepoint VM operation: G1CollectForAllocation (G1 Evacuation Pause)
Event: 24725.837 Executing safepoint VM operation: G1CollectForAllocation (G1 Evacuation Pause) done
Event: 24735.094 Executing non-safepoint VM operation: HandshakeAllThreads (DeflationHandshakeClosure)
Event: 24735.198 Executing non-safepoint VM operation: HandshakeAllThreads (DeflationHandshakeClosure) done
Event: 24735.230 Executing non-safepoint VM operation: RendezvousGCThreads
Event: 24735.230 Executing non-safepoint VM operation: RendezvousGCThreads done
Event: 24754.860 Executing safepoint VM operation: G1CollectForAllocation (G1 Evacuation Pause)
Event: 24756.254 Executing safepoint VM operation: G1CollectForAllocation (G1 Evacuation Pause) done
Event: 24794.547 Executing safepoint VM operation: G1CollectForAllocation (G1 Evacuation Pause)
Event: 24794.887 Executing safepoint VM operation: G1CollectForAllocation (G1 Evacuation Pause) done

Memory protections (0 events):
No events

Nmethod flushes (20 events):
Event: 6.223 Thread 0x0000015c77f27720 flushing  nmethod 0x0000015c00028608
Event: 6.223 Thread 0x0000015c77f27720 flushing  nmethod 0x0000015c00030388
Event: 6.223 Thread 0x0000015c77f27720 flushing  nmethod 0x0000015c00033188
Event: 6.223 Thread 0x0000015c77f27720 flushing  nmethod 0x0000015c0004b208
Event: 6.223 Thread 0x0000015c77f27720 flushing  nmethod 0x0000015c0004b508
Event: 6.223 Thread 0x0000015c77f27720 flushing  nmethod 0x0000015c0004c808
Event: 6.223 Thread 0x0000015c77f27720 flushing  nmethod 0x0000015c0005a908
Event: 6.223 Thread 0x0000015c77f27720 flushing  nmethod 0x0000015c000b6008
Event: 6.223 Thread 0x0000015c77f27720 flushing  nmethod 0x0000015c000bb488
Event: 6.223 Thread 0x0000015c77f27720 flushing  nmethod 0x0000015c0017d308
Event: 6.223 Thread 0x0000015c77f27720 flushing  nmethod 0x0000015c001b5f08
Event: 6.223 Thread 0x0000015c77f27720 flushing  nmethod 0x0000015c07b03408
Event: 6.223 Thread 0x0000015c77f27720 flushing  nmethod 0x0000015c07b1e408
Event: 6.223 Thread 0x0000015c77f27720 flushing  nmethod 0x0000015c00021608
Event: 6.223 Thread 0x0000015c77f27720 flushing  nmethod 0x0000015c0002ea88
Event: 6.223 Thread 0x0000015c77f27720 flushing  nmethod 0x0000015c00045488
Event: 6.223 Thread 0x0000015c77f27720 flushing  nmethod 0x0000015c00046108
Event: 6.223 Thread 0x0000015c77f27720 flushing  nmethod 0x0000015c00046e08
Event: 6.223 Thread 0x0000015c77f27720 flushing  nmethod 0x0000015c00066e88
Event: 6.223 Thread 0x0000015c77f27720 flushing  nmethod 0x0000015c000ac508

Events (13 events):
Event: 0.040 Thread 0x0000015c69acd120 Thread added: 0x0000015c69acd120
Event: 0.060 Thread 0x0000015c69acd120 Thread added: 0x0000015c77f368e0
Event: 0.061 Thread 0x0000015c69acd120 Thread added: 0x0000015c77f3b840
Event: 0.061 Thread 0x0000015c69acd120 Thread added: 0x0000015c77f46360
Event: 0.061 Thread 0x0000015c69acd120 Thread added: 0x0000015c77f47590
Event: 0.061 Thread 0x0000015c69acd120 Thread added: 0x0000015c77f483c0
Event: 0.061 Thread 0x0000015c69acd120 Thread added: 0x0000015c77f49c60
Event: 0.061 Thread 0x0000015c69acd120 Thread added: 0x0000015c77f5ef20
Event: 0.061 Thread 0x0000015c69acd120 Thread added: 0x0000015c77f63740
Event: 0.082 Thread 0x0000015c69acd120 Thread added: 0x0000015c78089b90
Event: 0.087 Thread 0x0000015c69acd120 Thread added: 0x0000015c78090d60
Event: 0.634 Thread 0x0000015c69acd120 Thread added: 0x0000015c78366630
Event: 2.109 Thread 0x0000015c78366630 Thread exited: 0x0000015c78366630


Dynamic libraries:
0x00007ff7fed50000 - 0x00007ff7fed60000 	C:\Program Files\Java\jdk-26.0.1\bin\java.exe
0x00007ffebc980000 - 0x00007ffebcbe7000 	C:\Windows\SYSTEM32\ntdll.dll
0x00007ffeba710000 - 0x00007ffeba7d9000 	C:\Windows\System32\KERNEL32.DLL
0x00007ffeba250000 - 0x00007ffeba644000 	C:\Windows\System32\KERNELBASE.dll
0x00007ffeb6750000 - 0x00007ffeb67ef000 	C:\Windows\SYSTEM32\apphelp.dll
0x00007ffeb9250000 - 0x00007ffeb939b000 	C:\Windows\System32\ucrtbase.dll
0x00007ffe9c530000 - 0x00007ffe9c547000 	C:\Program Files\Java\jdk-26.0.1\bin\jli.dll
0x00007ffea89e0000 - 0x00007ffea89fe000 	C:\Program Files\Java\jdk-26.0.1\bin\VCRUNTIME140.dll
0x00007ffebb680000 - 0x00007ffebb845000 	C:\Windows\System32\USER32.dll
0x00007ffeb93a0000 - 0x00007ffeb93c7000 	C:\Windows\System32\win32u.dll
0x00007ffebbc90000 - 0x00007ffebbcbb000 	C:\Windows\System32\GDI32.dll
0x00007ffea9eb0000 - 0x00007ffeaa143000 	C:\Windows\WinSxS\amd64_microsoft.windows.common-controls_6595b64144ccf1df_6.0.26100.8115_none_3e075c82e3354f9c\COMCTL32.dll
0x00007ffeb98b0000 - 0x00007ffeb99db000 	C:\Windows\System32\gdi32full.dll
0x00007ffebc520000 - 0x00007ffebc5c9000 	C:\Windows\System32\msvcrt.dll
0x00007ffeb9540000 - 0x00007ffeb95e3000 	C:\Windows\System32\msvcp_win.dll
0x00007ffeba890000 - 0x00007ffeba8c2000 	C:\Windows\System32\IMM32.DLL
0x00007ffeacd60000 - 0x00007ffeacd6c000 	C:\Program Files\Java\jdk-26.0.1\bin\vcruntime140_1.dll
0x00007ffe8d9a0000 - 0x00007ffe8da2d000 	C:\Program Files\Java\jdk-26.0.1\bin\msvcp140.dll
0x00007ffe24e60000 - 0x00007ffe25d2e000 	C:\Program Files\Java\jdk-26.0.1\bin\server\jvm.dll
0x00007ffebc1f0000 - 0x00007ffebc2a6000 	C:\Windows\System32\ADVAPI32.dll
0x00007ffeba7e0000 - 0x00007ffeba887000 	C:\Windows\System32\sechost.dll
0x00007ffebacf0000 - 0x00007ffebae08000 	C:\Windows\System32\RPCRT4.dll
0x00007ffebc2b0000 - 0x00007ffebc330000 	C:\Windows\System32\WS2_32.dll
0x00007ffeb90b0000 - 0x00007ffeb910e000 	C:\Windows\SYSTEM32\POWRPROF.dll
0x00007ffeaa3d0000 - 0x00007ffeaa406000 	C:\Windows\SYSTEM32\WINMM.dll
0x00007ffeb2e10000 - 0x00007ffeb2e1b000 	C:\Windows\SYSTEM32\VERSION.dll
0x00007ffeb9090000 - 0x00007ffeb90a4000 	C:\Windows\SYSTEM32\UMPDC.dll
0x00007ffeb7fe0000 - 0x00007ffeb7ffb000 	C:\Windows\SYSTEM32\kernel.appcore.dll
0x00007ffe9c860000 - 0x00007ffe9c86a000 	C:\Program Files\Java\jdk-26.0.1\bin\jimage.dll
0x00007ffeb7130000 - 0x00007ffeb7372000 	C:\Windows\SYSTEM32\DBGHELP.DLL
0x00007ffeba960000 - 0x00007ffebace2000 	C:\Windows\System32\combase.dll
0x00007ffebbb20000 - 0x00007ffebbbf8000 	C:\Windows\System32\OLEAUT32.dll
0x00007ffeb4230000 - 0x00007ffeb426b000 	C:\Windows\SYSTEM32\dbgcore.DLL
0x00007ffeb9770000 - 0x00007ffeb9815000 	C:\Windows\System32\bcryptPrimitives.dll
0x00007ffe9ca80000 - 0x00007ffe9ca9f000 	C:\Program Files\Java\jdk-26.0.1\bin\java.dll
0x00007ffebc5d0000 - 0x00007ffebc767000 	C:\Windows\System32\ole32.dll
0x00007ffebae10000 - 0x00007ffebb577000 	C:\Windows\System32\SHELL32.dll
0x00007ffeb93d0000 - 0x00007ffeb953a000 	C:\Windows\System32\wintypes.dll
0x00007ffeb99e0000 - 0x00007ffeba248000 	C:\Windows\System32\windows.storage.dll
0x00007ffebc770000 - 0x00007ffebc868000 	C:\Windows\System32\SHCORE.dll
0x00007ffebc180000 - 0x00007ffebc1e6000 	C:\Windows\System32\shlwapi.dll
0x00007ffeb9170000 - 0x00007ffeb9199000 	C:\Windows\SYSTEM32\profapi.dll
0x00007ffe9c2d0000 - 0x00007ffe9c2e2000 	C:\Program Files\Java\jdk-26.0.1\bin\net.dll
0x00007ffeb8550000 - 0x00007ffeb85bc000 	C:\Windows\system32\mswsock.dll
0x00007ffe9adf0000 - 0x00007ffe9ae06000 	C:\Program Files\Java\jdk-26.0.1\bin\nio.dll
0x00007ffe9c4c0000 - 0x00007ffe9c4d7000 	C:\Program Files\Java\jdk-26.0.1\bin\zip.dll
0x00007ffea8a00000 - 0x00007ffea8a24000 	C:\Users\gondi\OneDrive\Documentos\Modelos Personalizados do Office\netbeans\java\maven\lib\jansi-native\Windows\x86_64\jansi.dll
0x00007ffe9c080000 - 0x00007ffe9c090000 	C:\Program Files\Java\jdk-26.0.1\bin\verify.dll

JVMTI agents: none

dbghelp: loaded successfully - version: 4.0.5 - missing functions: none
symbol engine: initialized successfully - sym options: 0x614 - pdb path: .;C:\Program Files\Java\jdk-26.0.1\bin;C:\Windows\SYSTEM32;C:\Windows\WinSxS\amd64_microsoft.windows.common-controls_6595b64144ccf1df_6.0.26100.8115_none_3e075c82e3354f9c;C:\Program Files\Java\jdk-26.0.1\bin\server;C:\Users\gondi\OneDrive\Documentos\Modelos Personalizados do Office\netbeans\java\maven\lib\jansi-native\Windows\x86_64

VM Arguments:
jvm_args: --enable-native-access=ALL-UNNAMED -Dclassworlds.conf=C:\Users\gondi\OneDrive\Documentos\Modelos Personalizados do Office\netbeans\java\maven\bin\m2.conf -Dmaven.home=C:\Users\gondi\OneDrive\Documentos\Modelos Personalizados do Office\netbeans\java\maven -Dlibrary.jansi.path=C:\Users\gondi\OneDrive\Documentos\Modelos Personalizados do Office\netbeans\java\maven\lib\jansi-native -Dmaven.multiModuleProjectDirectory=C:\Users\gondi\OneDrive\Documentos\NetBeansProjects\SistemaGestaoProjetos 
java_command: org.codehaus.plexus.classworlds.launcher.Launcher -Dexec.vmArgs= -Dexec.args=${exec.vmArgs} -classpath %classpath ${exec.mainClass} ${exec.appArgs} -Dexec.appArgs= -Dexec.mainClass=com.mycompany.sistemagestaoprojetos.SistemaGestaoProjetos -Dexec.executable=C:\Program Files\Java\jdk-26.0.1\bin\java.exe -Dmaven.ext.class.path=C:\Users\gondi\OneDrive\Documentos\Modelos Personalizados do Office\netbeans\java\maven-nblib\netbeans-eventspy.jar --no-transfer-progress process-classes org.codehaus.mojo:exec-maven-plugin:3.5.1:exec
java_class_path (initial): C:\Users\gondi\OneDrive\Documentos\Modelos Personalizados do Office\netbeans\java\maven\boot\plexus-classworlds-2.9.0.jar
Launcher Type: SUN_STANDARD

[Global flags]
     bool AOTAdapterCaching                        = false                                  {diagnostic} {ergonomic}
     bool AOTInvokeDynamicLinking                  = false                                  {diagnostic} {ergonomic}
     bool AOTRecordTraining                        = false                                  {diagnostic} {ergonomic}
     bool AOTReplayTraining                        = false                                  {diagnostic} {ergonomic}
     bool AOTStubCaching                           = false                                  {diagnostic} {ergonomic}
     intx CICompilerCount                          = 2                                         {product} {ergonomic}
     uint ConcGCThreads                            = 1                                         {product} {ergonomic}
     uint G1ConcRefinementThreads                  = 2                                         {product} {ergonomic}
     uint G1EagerReclaimRemSetThreshold            = 10                                   {experimental} {ergonomic}
   size_t G1HeapRegionSize                         = 1048576                                   {product} {ergonomic}
     uint G1RemSetArrayOfCardsEntries              = 10                                   {experimental} {ergonomic}
     uint G1RemSetHowlMaxNumBuckets                = 8                                    {experimental} {ergonomic}
     uint G1RemSetHowlNumBuckets                   = 4                                    {experimental} {ergonomic}
   size_t InitialHeapSize                          = 8388608                                   {product} {ergonomic}
     bool IntelJccErratumMitigation                = false                             {ARCH diagnostic} {ergonomic}
   size_t MarkStackSize                            = 4194304                                   {product} {ergonomic}
   size_t MarkStackSizeMax                         = 536870912                                 {product} {ergonomic}
   size_t MaxHeapSize                              = 1025507328                                {product} {ergonomic}
   size_t MaxNewSize                               = 614465536                                 {product} {ergonomic}
 uint64_t MaxRAM                                   = 4095401984                                {product} {ergonomic}
   size_t MinHeapDeltaBytes                        = 1048576                                   {product} {ergonomic}
   size_t MinHeapSize                              = 8388608                                   {product} {ergonomic}
   size_t NonNMethodCodeHeapSize                   = 5832704                                {pd product} {ergonomic}
   size_t NonProfiledCodeHeapSize                  = 122945536                              {pd product} {ergonomic}
   size_t ProfiledCodeHeapSize                     = 122945536                              {pd product} {ergonomic}
   size_t ReservedCodeCacheSize                    = 251723776                              {pd product} {ergonomic}
     bool SegmentedCodeCache                       = true                                      {product} {ergonomic}
   size_t SoftMaxHeapSize                          = 1025507328                             {manageable} {ergonomic}
     bool UseCompressedOops                        = true                           {product lp64_product} {ergonomic}
     bool UseCondCardMark                          = true                                      {product} {ergonomic}
     bool UseFastUnorderedTimeStamps               = true                                 {experimental} {ergonomic}
     bool UseG1GC                                  = true                                      {product} {ergonomic}
     bool UseLargePagesIndividualAllocation        = false                                  {pd product} {ergonomic}
      int X86ICacheSync                            = 3                                 {ARCH diagnostic} {ergonomic}

Logging:
Log output configuration:
 #0: stdout all=warning uptime,level,tags foldmultilines=false
 #1: stderr all=off uptime,level,tags foldmultilines=false

Release file:
IMPLEMENTOR="Oracle Corporation" 
JAVA_RUNTIME_VERSION="26.0.1+8-34" 
JAVA_VERSION="26.0.1" 
JAVA_VERSION_DATE="2026-04-21" 
LIBC="default" 
MODULES="java.base java.compiler java.datatransfer java.xml java.prefs java.desktop java.instrument java.logging java.management java.security.sasl java.naming java.rmi java.management.rmi java.net.http java.scripting java.security.jgss java.transaction.xa java.sql java.sql.rowset java.xml.crypto java.se java.smartcardio jdk.accessibility jdk.internal.jvmstat jdk.attach jdk.charsets jdk.internal.opt jdk.zipfs jdk.compiler jdk.crypto.cryptoki jdk.crypto.ec jdk.crypto.mscapi jdk.dynalink jdk.internal.ed jdk.editpad jdk.internal.vm.ci jdk.graal.compiler jdk.graal.compiler.management jdk.hotspot.agent jdk.httpserver jdk.incubator.vector jdk.internal.le jdk.internal.md jdk.jartool jdk.javadoc jdk.jcmd jdk.management jdk.management.agent jdk.jconsole jdk.jdeps jdk.jdwp.agent jdk.jdi jdk.jfr jdk.jlink jdk.jpackage jdk.jshell jdk.jstatd jdk.localedata jdk.management.jfr jdk.naming.dns jdk.naming.rmi jdk.net jdk.nio.mapmode jdk.sctp jdk.security.auth jdk.security.jgss jdk.unsupported jdk.unsupported.desktop jdk.xml.dom" 
OS_ARCH="x86_64" 
OS_NAME="Windows" 
SOURCE=".:git:8fcde8268d22 open:git:fcc00fc4aee7" 

Environment Variables:
JAVA_HOME=C:\Program Files\Java\jdk-26.0.1
PATH=C:\Program Files\Common Files\Oracle\Java\javapath;C:\Windows\system32;C:\Windows;C:\Windows\System32\Wbem;C:\Windows\System32\WindowsPowerShell\v1.0\;C:\Windows\System32\OpenSSH\;C:\Users\gondi\AppData\Local\Microsoft\WindowsApps;C:\Users\gondi\OneDrive\Documentos\Modelos Personalizados do Office\netbeans\bin\
USERNAME=gondi
OS=Windows_NT
PROCESSOR_IDENTIFIER=Intel64 Family 6 Model 156 Stepping 0, GenuineIntel
TMP=C:\Users\gondi\AppData\Local\Temp
TEMP=C:\Users\gondi\AppData\Local\Temp




Compilation memory statistics disabled.

Periodic native trim disabled

---------------  S Y S T E M  ---------------

OS:
 Windows 11 , 64 bit Build 26100 (10.0.26100.8246)
OS uptime: 16 days 11:18 hours

CPU: total 2 (initial active 2) (2 cores per cpu, 1 threads per core) family 6 model 156 stepping 0 microcode 0x24000026, cx8, cmov, fxsr, mmx, 3dnowpref, sse, sse2, sse3, ssse3, sse4.1, sse4.2, popcnt, tsc, tscinvbit, aes, erms, clmul, sha, clflush, clflushopt, clwb, rdtscp, rdpid
Processor Information for the first 2 processors :
  Max Mhz: 1114, Current Mhz: 1114, Mhz Limit: 1114

Memory: 4k page, system-wide physical 3905M (528M free)
TotalPageFile size 15681M (AvailPageFile size 1512M)
current process WorkingSet (physical memory assigned to process): 15M, peak: 108M
current process commit charge ("private bytes"): 118M, peak: 144M

vm_info: Java HotSpot(TM) 64-Bit Server VM (26.0.1+8-34) for windows-amd64 JRE (26.0.1+8-34), built on 2026-03-10T17:24:10Z with MS VC++ 17.13 (VS2022)

END.
