#
# There is insufficient memory for the Java Runtime Environment to continue.
# Native memory allocation (malloc) failed to allocate 2374648 bytes. Error detail: Chunk::new
# Possible reasons:
#   The system is out of physical RAM or swap space
#   This process is running with CompressedOops enabled, and the Java Heap may be blocking the growth of the native heap
# Possible solutions:
#   Reduce memory load on the system
#   Increase physical memory or swap space
#   Check if swap backing store is full
#   Decrease Java heap size (-Xmx/-Xms)
#   Decrease number of Java threads
#   Decrease Java thread stack sizes (-Xss)
#   Set larger code cache with -XX:ReservedCodeCacheSize=
#   JVM is running with Unscaled Compressed Oops mode in which the Java heap is
#     placed in the first 4GB address space. The Java Heap base address is the
#     maximum limit for the native heap growth. Please use -XX:HeapBaseMinAddress
#     to set the Java Heap base and to place the Java Heap above 4GB virtual address.
# This output file may be truncated or incomplete.
#
#  Out of Memory Error (arena.cpp:193), pid=26384, tid=22580
#
# JRE version: Java(TM) SE Runtime Environment (26.0.1+8) (build 26.0.1+8-34)
# Java VM: Java HotSpot(TM) 64-Bit Server VM (26.0.1+8-34, mixed mode, sharing, tiered, compressed oops, compressed class ptrs, g1 gc, windows-amd64)
# No core dump will be written. Minidumps are not enabled by default on client versions of Windows
#

---------------  S U M M A R Y ------------

Command Line: --enable-native-access=ALL-UNNAMED -Dclassworlds.conf=C:\Users\gondi\OneDrive\Documentos\Modelos Personalizados do Office\netbeans\java\maven\bin\m2.conf -Dmaven.home=C:\Users\gondi\OneDrive\Documentos\Modelos Personalizados do Office\netbeans\java\maven -Dlibrary.jansi.path=C:\Users\gondi\OneDrive\Documentos\Modelos Personalizados do Office\netbeans\java\maven\lib\jansi-native -Dmaven.multiModuleProjectDirectory=C:\Users\gondi\OneDrive\Documentos\NetBeansProjects\SistemaGestaoProjetos org.codehaus.plexus.classworlds.launcher.Launcher -Dexec.vmArgs= -Dexec.args=${exec.vmArgs} -classpath %classpath ${exec.mainClass} ${exec.appArgs} -Dexec.appArgs= -Dexec.mainClass=com.mycompany.sistemagestaoprojetos.SistemaGestaoProjetos -Dexec.executable=C:\Program Files\Java\jdk-26.0.1\bin\java.exe -Dmaven.ext.class.path=C:\Users\gondi\OneDrive\Documentos\Modelos Personalizados do Office\netbeans\java\maven-nblib\netbeans-eventspy.jar --no-transfer-progress process-classes org.codehaus.mojo:exec-maven-plugin:3.5.1:exec

Host: Intel(R) Celeron(R) N4500 @ 1.10GHz, 2 cores, 3G,  Windows 11 , 64 bit Build 26100 (10.0.26100.8246)
Time: Sun May 31 20:09:06 2026 Hora Padrão de Buenos Aires elapsed time: 6.018321 seconds (0d 0h 0m 6s)

---------------  T H R E A D  ---------------

Current thread (0x000001ae56ab26d0):  JavaThread "C2 CompilerThread0" daemon [_thread_in_native, id=22580, stack(0x0000004ebea00000,0x0000004ebeb00000) (1024K)]


Current CompileTask:
C2:6018 4105       4       java.lang.invoke.MethodType::makeImpl (109 bytes)

Stack: [0x0000004ebea00000,0x0000004ebeb00000]
Native frames: (J=compiled Java code, j=interpreted, Vv=VM code, C=native code)
V  [jvm.dll+0x7d5879]  (no source info available)
V  [jvm.dll+0x7a37dd]  (no source info available)
V  [jvm.dll+0x9b0c10]  (no source info available)
V  [jvm.dll+0x9b3061]  (no source info available)
V  [jvm.dll+0x9b3773]  (no source info available)
V  [jvm.dll+0x30df76]  (no source info available)
V  [jvm.dll+0x11d8a6]  (no source info available)
V  [jvm.dll+0x11dbce]  (no source info available)
V  [jvm.dll+0x466c0b]  (no source info available)
V  [jvm.dll+0x435782]  (no source info available)
V  [jvm.dll+0x434b9a]  (no source info available)
V  [jvm.dll+0x2d1429]  (no source info available)
V  [jvm.dll+0x2d05bf]  (no source info available)
V  [jvm.dll+0x246820]  (no source info available)
V  [jvm.dll+0x2e06dc]  (no source info available)
V  [jvm.dll+0x2de8bd]  (no source info available)
V  [jvm.dll+0x4a3ff1]  (no source info available)
V  [jvm.dll+0x94f649]  (no source info available)
V  [jvm.dll+0x7d7358]  (no source info available)
C  [ucrtbase.dll+0x37b0]  (no source info available)
C  [KERNEL32.DLL+0x2e8d7]  (no source info available)
C  [ntdll.dll+0x8c3fc]  (no source info available)

Lock stack of current Java thread (top to bottom):


---------------  P R O C E S S  ---------------

Threads class SMR info:
_java_thread_list=0x000001ae5b5e09d0, length=11, elements={
0x000001ae39606010, 0x000001ae56a9caa0, 0x000001ae56a9d8f0, 0x000001ae56aa1870,
0x000001ae56aac5b0, 0x000001ae56aaaed0, 0x000001ae56aaba80, 0x000001ae56ab26d0,
0x000001ae56ae8740, 0x000001ae56c0bf10, 0x000001ae56c0cb10
}

Java Threads: ( => current thread )
  0x000001ae39606010 JavaThread "main"                              [_thread_blocked, id=26972, stack(0x0000004ebdb00000,0x0000004ebdc00000) (1024K)]
  0x000001ae56a9caa0 JavaThread "Reference Handler"          daemon [_thread_blocked, id=26588, stack(0x0000004ebe400000,0x0000004ebe500000) (1024K)]
  0x000001ae56a9d8f0 JavaThread "Finalizer"                  daemon [_thread_blocked, id=4704, stack(0x0000004ebe500000,0x0000004ebe600000) (1024K)]
  0x000001ae56aa1870 JavaThread "Signal Dispatcher"          daemon [_thread_blocked, id=23800, stack(0x0000004ebe600000,0x0000004ebe700000) (1024K)]
  0x000001ae56aac5b0 JavaThread "Attach Listener"            daemon [_thread_blocked, id=25684, stack(0x0000004ebe700000,0x0000004ebe800000) (1024K)]
  0x000001ae56aaaed0 JavaThread "Service Thread"             daemon [_thread_blocked, id=14888, stack(0x0000004ebe800000,0x0000004ebe900000) (1024K)]
  0x000001ae56aaba80 JavaThread "Monitor Deflation Thread"   daemon [_thread_blocked, id=16912, stack(0x0000004ebe900000,0x0000004ebea00000) (1024K)]
=>0x000001ae56ab26d0 JavaThread "C2 CompilerThread0"         daemon [_thread_in_native, id=22580, stack(0x0000004ebea00000,0x0000004ebeb00000) (1024K)]
  0x000001ae56ae8740 JavaThread "C1 CompilerThread0"         daemon [_thread_blocked, id=16052, stack(0x0000004ebeb00000,0x0000004ebec00000) (1024K)]
  0x000001ae56c0bf10 JavaThread "Notification Thread"        daemon [_thread_blocked, id=14404, stack(0x0000004ebec00000,0x0000004ebed00000) (1024K)]
  0x000001ae56c0cb10 JavaThread "Common-Cleaner"             daemon [_thread_blocked, id=28016, stack(0x0000004ebed00000,0x0000004ebee00000) (1024K)]
Total: 11

Other Threads:
  0x000001ae3ba5e5c0 VMThread "VM Thread"                           [id=15324, stack(0x0000004ebe300000,0x0000004ebe400000) (1024K)]
  0x000001ae56a8c190 WatcherThread "VM Periodic Task Thread"        [id=27844, stack(0x0000004ebe200000,0x0000004ebe300000) (1024K)]
  0x000001ae3b9ce060 WorkerThread "GC Thread#0"                     [id=6508, stack(0x0000004ebdc00000,0x0000004ebdd00000) (1024K)]
  0x000001ae56f18360 WorkerThread "GC Thread#1"                     [id=25588, stack(0x0000004ebef00000,0x0000004ebf000000) (1024K)]
  0x000001ae3b9db770 ConcurrentGCThread "G1 Main Marker"            [id=7516, stack(0x0000004ebdd00000,0x0000004ebde00000) (1024K)]
  0x000001ae3b9dc2f0 WorkerThread "G1 Conc#0"                       [id=20132, stack(0x0000004ebde00000,0x0000004ebdf00000) (1024K)]
  0x000001ae3b9feac0 WorkerThread "G1 Refinement Workers#0"         [id=23988, stack(0x0000004ebe000000,0x0000004ebe100000) (1024K)]
  0x000001ae3b9fd8f0 ConcurrentGCThread "G1 Refine Control"         [id=22236, stack(0x0000004ebdf00000,0x0000004ebe000000) (1024K)]
  0x000001ae3ba015a0 ConcurrentGCThread "G1 Service"                [id=15248, stack(0x0000004ebe100000,0x0000004ebe200000) (1024K)]
Total: 9

Threads with active compile tasks:
C2 CompilerThread0  6147 4105       4       java.lang.invoke.MethodType::makeImpl (109 bytes)
Total: 1

VM state: at safepoint (normal execution)

VM Mutex/Monitor currently owned by a thread:  ([mutex/lock_event])
[0x00007ffe25c3c608] G1FreeList_lock - owner thread: 0x000001ae56f18360
[0x00007ffe25c3ed08] Threads_lock - owner thread: 0x000001ae3ba5e5c0
[0x00007ffe25c3ef88] Heap_lock - owner thread: 0x000001ae39606010

Heap address: 0x00000000c2e00000, size: 978 MB, Compressed Oops mode: 32-bit

CDS archive(s) mapped at: [0x000000000d000000-0x000000000dde0000-0x000000000dde0000), size 14548992, SharedBaseAddress: 0x000000000d000000, ArchiveRelocationMode: 1.
Compressed class space mapped at: 0x000000000e000000-0x000000004e000000, reserved size: 1073741824
UseCompressedClassPointers 1, UseCompactObjectHeaders 0
Narrow klass pointer bits 32, Max shift 3
Narrow klass base: 0x000000000d000000, Narrow klass shift: 0
Encoding Range: [0x000000000d000000 - 0x000000010d000000), (4294967296 bytes)
Klass Range:    [0x000000000d000000 - 0x000000004e000000), (1090519040 bytes)
Klass ID Range:  [8 - 1090519033) (1090519025)
Protection zone: [0x000000000d000000 - 0x000000000d010000), (65536 bytes)

GC Precious Log:
 CardTable entry size: 512
 Card Set container configuration: InlinePtr #cards 5 size 8 Array Of Cards #cards 10 size 36 Howl #buckets 4 coarsen threshold 1843 Howl Bitmap #cards 512 size 80 coarsen threshold 460 Card regions per heap region 1 cards per card region 2048
 CPUs: 2 total, 2 available
 Memory: 3905M
 Large Page Support: Disabled
 NUMA Support: Disabled
 Compressed Oops: Enabled (32-bit)
 Heap Region Size: 1M
 Heap Min Capacity: 8M
 Heap Initial Capacity: 8M
 Heap Max Capacity: 978M
 Pre-touch: Disabled
 Parallel Workers: 2
 Concurrent Workers: 1
 Concurrent Refinement Workers: 2
 Periodic GC: Disabled

Heap:
 garbage-first heap   total reserved 1001472K, committed 39936K, used 38512K [0x00000000c2e00000, 0x0000000100000000)
  region size 1M, 21 eden (21M), 1 survivor (1M), 9 old (9M), 6 humongous (6M), 0 free (0M)

Heap Regions: E=young(eden), S=young(survivor), O=old, HS=humongous(starts), HC=humongous(continues), CS=collection set, F=free, TAMS=top-at-mark-start, PB=parsable bottom
|    0|0x00000000c2e00000, 0x00000000c2f00000, 0x00000000c2f00000|100%| O|  |TAMS 0x00000000c2e00000| PB 0x00000000c2e00000| Untracked |  0
|    1|0x00000000c2f00000, 0x00000000c3000000, 0x00000000c3000000|100%| O|  |TAMS 0x00000000c2f00000| PB 0x00000000c2f00000| Untracked |  0
|    2|0x00000000c3000000, 0x00000000c30932a8, 0x00000000c3100000| 57%| S|  |TAMS 0x00000000c3000000| PB 0x00000000c3000000| Untracked |  0
|    3|0x00000000c3100000, 0x00000000c3200000, 0x00000000c3200000|100%| O|  |TAMS 0x00000000c3100000| PB 0x00000000c3100000| Untracked |  0
|    4|0x00000000c3200000, 0x00000000c3300000, 0x00000000c3300000|100%| O|  |TAMS 0x00000000c3200000| PB 0x00000000c3200000| Untracked |  0
|    5|0x00000000c3300000, 0x00000000c3400000, 0x00000000c3400000|100%| O|  |TAMS 0x00000000c3300000| PB 0x00000000c3300000| Untracked |  0
|    6|0x00000000c3400000, 0x00000000c3500000, 0x00000000c3500000|100%| O|  |TAMS 0x00000000c3400000| PB 0x00000000c3400000| Untracked |  0
|    7|0x00000000c3500000, 0x00000000c3600000, 0x00000000c3600000|100%| O|  |TAMS 0x00000000c3500000| PB 0x00000000c3500000| Untracked |  0
|    8|0x00000000c3600000, 0x00000000c3700000, 0x00000000c3700000|100%| O|  |TAMS 0x00000000c3600000| PB 0x00000000c3600000| Untracked |  0
|    9|0x00000000c3700000, 0x00000000c3800000, 0x00000000c3800000|100%|HS|  |TAMS 0x00000000c3700000| PB 0x00000000c3700000| Complete  |  0
|   10|0x00000000c3800000, 0x00000000c3900000, 0x00000000c3900000|100%|HC|  |TAMS 0x00000000c3800000| PB 0x00000000c3800000| Complete  |  0
|   11|0x00000000c3900000, 0x00000000c3a00000, 0x00000000c3a00000|100%|HC|  |TAMS 0x00000000c3900000| PB 0x00000000c3900000| Complete  |  0
|   12|0x00000000c3a00000, 0x00000000c3b00000, 0x00000000c3b00000|100%|HS|  |TAMS 0x00000000c3a00000| PB 0x00000000c3a00000| Complete  |  0
|   13|0x00000000c3b00000, 0x00000000c3c00000, 0x00000000c3c00000|100%|HC|  |TAMS 0x00000000c3b00000| PB 0x00000000c3b00000| Complete  |  0
|   14|0x00000000c3c00000, 0x00000000c3d00000, 0x00000000c3d00000|100%|HC|  |TAMS 0x00000000c3c00000| PB 0x00000000c3c00000| Complete  |  0
|   15|0x00000000c3d00000, 0x00000000c3e00000, 0x00000000c3e00000|100%| E|CS|TAMS 0x00000000c3d00000| PB 0x00000000c3d00000| Complete  |  0
|   16|0x00000000c3e00000, 0x00000000c3eb7450, 0x00000000c3f00000| 71%| E|CS|TAMS 0x00000000c3e00000| PB 0x00000000c3e00000| Complete  |  0
|   17|0x00000000c3f00000, 0x00000000c4000000, 0x00000000c4000000|100%| E|CS|TAMS 0x00000000c3f00000| PB 0x00000000c3f00000| Complete  |  0
|   18|0x00000000c4000000, 0x00000000c4100000, 0x00000000c4100000|100%| E|CS|TAMS 0x00000000c4000000| PB 0x00000000c4000000| Complete  |  0
|   19|0x00000000c4100000, 0x00000000c4200000, 0x00000000c4200000|100%| E|CS|TAMS 0x00000000c4100000| PB 0x00000000c4100000| Complete  |  0
|   20|0x00000000c4200000, 0x00000000c4300000, 0x00000000c4300000|100%| E|CS|TAMS 0x00000000c4200000| PB 0x00000000c4200000| Complete  |  0
|   21|0x00000000c4300000, 0x00000000c4400000, 0x00000000c4400000|100%| E|CS|TAMS 0x00000000c4300000| PB 0x00000000c4300000| Complete  |  0
|   22|0x00000000c4400000, 0x00000000c4500000, 0x00000000c4500000|100%| E|CS|TAMS 0x00000000c4400000| PB 0x00000000c4400000| Complete  |  0
|   23|0x00000000c4500000, 0x00000000c4600000, 0x00000000c4600000|100%| E|CS|TAMS 0x00000000c4500000| PB 0x00000000c4500000| Complete  |  0
|   24|0x00000000c4600000, 0x00000000c4700000, 0x00000000c4700000|100%| E|CS|TAMS 0x00000000c4600000| PB 0x00000000c4600000| Complete  |  0
|   25|0x00000000c4700000, 0x00000000c4800000, 0x00000000c4800000|100%| E|CS|TAMS 0x00000000c4700000| PB 0x00000000c4700000| Complete  |  0
|   26|0x00000000c4800000, 0x00000000c4900000, 0x00000000c4900000|100%| E|CS|TAMS 0x00000000c4800000| PB 0x00000000c4800000| Complete  |  0
|   27|0x00000000c4900000, 0x00000000c4a00000, 0x00000000c4a00000|100%| E|CS|TAMS 0x00000000c4900000| PB 0x00000000c4900000| Complete  |  0
|   28|0x00000000c4a00000, 0x00000000c4b00000, 0x00000000c4b00000|100%| E|CS|TAMS 0x00000000c4a00000| PB 0x00000000c4a00000| Complete  |  0
|   29|0x00000000c4b00000, 0x00000000c4c00000, 0x00000000c4c00000|100%| E|CS|TAMS 0x00000000c4b00000| PB 0x00000000c4b00000| Complete  |  0
|   30|0x00000000c4c00000, 0x00000000c4d00000, 0x00000000c4d00000|100%| E|CS|TAMS 0x00000000c4c00000| PB 0x00000000c4c00000| Complete  |  0
|   31|0x00000000c4d00000, 0x00000000c4e00000, 0x00000000c4e00000|100%| E|CS|TAMS 0x00000000c4d00000| PB 0x00000000c4d00000| Complete  |  0
|   32|0x00000000c4e00000, 0x00000000c4f00000, 0x00000000c4f00000|100%| E|CS|TAMS 0x00000000c4e00000| PB 0x00000000c4e00000| Complete  |  0
|   33|0x00000000c4f00000, 0x00000000c5000000, 0x00000000c5000000|100%| E|CS|TAMS 0x00000000c4f00000| PB 0x00000000c4f00000| Complete  |  0
|   34|0x00000000c5000000, 0x00000000c5100000, 0x00000000c5100000|100%| E|CS|TAMS 0x00000000c5000000| PB 0x00000000c5000000| Complete  |  0
|   35|0x00000000c5100000, 0x00000000c5200000, 0x00000000c5200000|100%| E|CS|TAMS 0x00000000c5100000| PB 0x00000000c5100000| Complete  |  0
|   36|0x00000000c5200000, 0x00000000c5300000, 0x00000000c5300000|100%| E|CS|TAMS 0x00000000c5200000| PB 0x00000000c5200000| Complete  |  0
|  976|0x00000000ffe00000, 0x00000000fff00000, 0x00000000fff00000|100%| O|  |TAMS 0x00000000ffe00000| PB 0x00000000ffe00000| Untracked |  0
|  977|0x00000000fff00000, 0x0000000100000000, 0x0000000100000000|100%| E|CS|TAMS 0x00000000fff00000| PB 0x00000000fff00000| Complete  |  0

Card table byte_map: [0x000001ae53650000,0x000001ae53840000] _byte_map_base: 0x000001ae53039000
Refinement table byte_map: [0x000001ae3b760000,0x000001ae3b950000] _byte_map_base: 0x000001ae3b149000

Marking Bits: (CMBitMap*) 0x000001ae3b9ce7e0
 Bits: [0x000001ae53840000, 0x000001ae54788000)

Polling page: 0x000001ae397b0000

Metaspace:
Metaspace        used 19976K, committed 20288K, reserved 1114112K
 class space     used 2500K, committed 2624K, reserved 1048576K

Usage:
  Non-class:     17.07 MB used.
      Class:      2.44 MB used.
       Both:     19.51 MB used.

Virtual space:
  Non-class space:       64.00 MB reserved,      17.25 MB ( 27%) committed,  1 nodes.
      Class space:        1.00 GB reserved,       2.56 MB ( <1%) committed,  1 nodes.
             Both:        1.06 GB reserved,      19.81 MB (  2%) committed. 

Chunk freelists:
   Non-Class:  14.33 MB
       Class:  13.34 MB
        Both:  27.67 MB

MaxMetaspaceSize: unlimited
CompressedClassSpaceSize: 1.00 GB
Initial GC threshold: 21.00 MB
Current GC threshold: 21.00 MB
CDS: on
 - commit_granule_bytes: 65536.
 - commit_granule_words: 8192.
 - virtual_space_node_default_size: 8388608.
 - enlarge_chunks_in_place: 1.
UseCompressedClassPointers 1, UseCompactObjectHeaders 0
Narrow klass pointer bits 32, Max shift 3
Narrow klass base: 0x000000000d000000, Narrow klass shift: 0
Encoding Range: [0x000000000d000000 - 0x000000010d000000), (4294967296 bytes)
Klass Range:    [0x000000000d000000 - 0x000000004e000000), (1090519040 bytes)
Klass ID Range:  [8 - 1090519033) (1090519025)
Protection zone: [0x000000000d000000 - 0x000000000d010000), (65536 bytes)


Internal statistics:

num_allocs_failed_limit: 0.
num_arena_births: 162.
num_arena_deaths: 0.
num_vsnodes_births: 2.
num_vsnodes_deaths: 0.
num_space_committed: 317.
num_space_uncommitted: 0.
num_chunks_returned_to_freelist: 0.
num_chunks_taken_from_freelist: 895.
num_chunk_merges: 0.
num_chunk_splits: 599.
num_chunks_enlarged: 475.
num_inconsistent_stats: 0.

CodeHeap 'non-profiled nmethods': size=120064Kb used=1281Kb max_used=1281Kb free=118782Kb
 bounds [0x000001ae4c110000, 0x000001ae4c380000, 0x000001ae53650000]
CodeHeap 'profiled nmethods': size=120064Kb used=6527Kb max_used=6527Kb free=113536Kb
 bounds [0x000001ae44640000, 0x000001ae44ca0000, 0x000001ae4bb80000]
CodeHeap 'non-nmethods': size=5696Kb used=1416Kb max_used=1455Kb free=4279Kb
 bounds [0x000001ae4bb80000, 0x000001ae4bdf0000, 0x000001ae4c110000]
CodeCache: size=245824Kb, used=9224Kb, max_used=9263Kb, free=236597Kb
 total_blobs=4697, nmethods=4162, adapters=439, full_count=0
Compilation: enabled, stopped_count=0, restarted_count=0

Compilation events (20 events):
Event: 5.937 Thread 0x000001ae56ae8740 4179   !   3       com.sun.tools.javac.platform.JDKPlatformProvider::lambda$static$0 (42 bytes)
Event: 5.937 Thread 0x000001ae56ae8740 nmethod 4179 0x000001ae44c81908 code [0x000001ae44c81a00, 0x000001ae44c81db0]
Event: 5.937 Thread 0x000001ae56ae8740 4180       2       java.lang.String::iso88591 (38 bytes)
Event: 5.937 Thread 0x000001ae56ae8740 nmethod 4180 0x000001ae44c81e08 code [0x000001ae44c81f00, 0x000001ae44c820b8]
Event: 5.937 Thread 0x000001ae56ae8740 4181       2       jdk.nio.zipfs.ZipPath::getFileName (5 bytes)
Event: 5.937 Thread 0x000001ae56ae8740 nmethod 4181 0x000001ae44c82108 code [0x000001ae44c82200, 0x000001ae44c82310]
Event: 5.938 Thread 0x000001ae56ae8740 4182       2       jdk.nio.zipfs.ZipPath::toString (12 bytes)
Event: 5.938 Thread 0x000001ae56ae8740 nmethod 4182 0x000001ae44c82408 code [0x000001ae44c82500, 0x000001ae44c82640]
Event: 5.938 Thread 0x000001ae56ae8740 4183       2       jdk.nio.zipfs.ZipFileSystem::getString (9 bytes)
Event: 5.938 Thread 0x000001ae56ae8740 nmethod 4183 0x000001ae44c82708 code [0x000001ae44c82800, 0x000001ae44c82928]
Event: 5.938 Thread 0x000001ae56ae8740 4184       2       jdk.nio.zipfs.ZipCoder$UTF8::toString (49 bytes)
Event: 5.938 Thread 0x000001ae56ae8740 nmethod 4184 0x000001ae44c82a08 code [0x000001ae44c82b00, 0x000001ae44c82d50]
Event: 5.943 Thread 0x000001ae56ae8740 4185       1       java.util.stream.MatchOps$BooleanTerminalSink::cancellationRequested (5 bytes)
Event: 5.943 Thread 0x000001ae56ae8740 nmethod 4185 0x000001ae4c24ef88 code [0x000001ae4c24f080, 0x000001ae4c24f138]
Event: 5.944 Thread 0x000001ae56ae8740 4186   !   2       jdk.internal.loader.BuiltinClassLoader::defineClass (162 bytes)
Event: 5.945 Thread 0x000001ae56ae8740 nmethod 4186 0x000001ae44c82d88 code [0x000001ae44c82e80, 0x000001ae44c838e0]
Event: 5.946 Thread 0x000001ae56ae8740 4187       2       java.nio.DirectByteBufferR::slice (5 bytes)
Event: 5.946 Thread 0x000001ae56ae8740 nmethod 4187 0x000001ae44c83908 code [0x000001ae44c83a00, 0x000001ae44c83b10]
Event: 5.946 Thread 0x000001ae56ae8740 4188       2       jdk.internal.jimage.ImageReader$Node::<init> (27 bytes)
Event: 5.947 Thread 0x000001ae56ae8740 nmethod 4188 0x000001ae44c83c08 code [0x000001ae44c83d00, 0x000001ae44c84068]

GC Heap Usage History (20 events):
Event: 1.559 {heap Before GC invocations=8 (full 0):
 garbage-first heap   total reserved 1001472K, committed 13312K, used 9693K [0x00000000c2e00000, 0x0000000100000000)
  region size 1M, 5 eden (5M), 1 survivor (1M), 4 old (4M), 0 humongous (0M), 3 free (3M)
}
Event: 1.561 {heap After GC invocations=9 (full 0):
 garbage-first heap   total reserved 1001472K, committed 13312K, used 4646K [0x00000000c2e00000, 0x0000000100000000)
  region size 1M, 0 eden (0M), 1 survivor (1M), 5 old (5M), 0 humongous (0M), 7 free (7M)
}
Event: 1.838 {heap Before GC invocations=9 (full 0):
 garbage-first heap   total reserved 1001472K, committed 13312K, used 9766K [0x00000000c2e00000, 0x0000000100000000)
  region size 1M, 5 eden (5M), 1 survivor (1M), 5 old (5M), 0 humongous (0M), 2 free (2M)
}
Event: 1.840 {heap After GC invocations=10 (full 0):
 garbage-first heap   total reserved 1001472K, committed 13312K, used 4884K [0x00000000c2e00000, 0x0000000100000000)
  region size 1M, 0 eden (0M), 1 survivor (1M), 5 old (5M), 0 humongous (0M), 7 free (7M)
}
Event: 2.069 {heap Before GC invocations=10 (full 0):
 garbage-first heap   total reserved 1001472K, committed 13312K, used 10004K [0x00000000c2e00000, 0x0000000100000000)
  region size 1M, 5 eden (5M), 1 survivor (1M), 5 old (5M), 0 humongous (0M), 2 free (2M)
}
Event: 2.071 {heap After GC invocations=11 (full 0):
 garbage-first heap   total reserved 1001472K, committed 13312K, used 5199K [0x00000000c2e00000, 0x0000000100000000)
  region size 1M, 0 eden (0M), 1 survivor (1M), 5 old (5M), 0 humongous (0M), 7 free (7M)
}
Event: 2.292 {heap Before GC invocations=11 (full 0):
 garbage-first heap   total reserved 1001472K, committed 13312K, used 10319K [0x00000000c2e00000, 0x0000000100000000)
  region size 1M, 5 eden (5M), 1 survivor (1M), 5 old (5M), 0 humongous (0M), 2 free (2M)
}
Event: 2.294 {heap After GC invocations=12 (full 0):
 garbage-first heap   total reserved 1001472K, committed 13312K, used 5396K [0x00000000c2e00000, 0x0000000100000000)
  region size 1M, 0 eden (0M), 1 survivor (1M), 5 old (5M), 0 humongous (0M), 7 free (7M)
}
Event: 2.476 {heap Before GC invocations=12 (full 0):
 garbage-first heap   total reserved 1001472K, committed 13312K, used 10516K [0x00000000c2e00000, 0x0000000100000000)
  region size 1M, 5 eden (5M), 1 survivor (1M), 5 old (5M), 0 humongous (0M), 2 free (2M)
}
Event: 2.478 {heap After GC invocations=13 (full 0):
 garbage-first heap   total reserved 1001472K, committed 13312K, used 5794K [0x00000000c2e00000, 0x0000000100000000)
  region size 1M, 0 eden (0M), 1 survivor (1M), 5 old (5M), 0 humongous (0M), 7 free (7M)
}
Event: 2.683 {heap Before GC invocations=13 (full 0):
 garbage-first heap   total reserved 1001472K, committed 13312K, used 10914K [0x00000000c2e00000, 0x0000000100000000)
  region size 1M, 5 eden (5M), 1 survivor (1M), 5 old (5M), 0 humongous (0M), 2 free (2M)
}
Event: 2.691 {heap After GC invocations=14 (full 0):
 garbage-first heap   total reserved 1001472K, committed 13312K, used 6379K [0x00000000c2e00000, 0x0000000100000000)
  region size 1M, 0 eden (0M), 1 survivor (1M), 6 old (6M), 0 humongous (0M), 6 free (6M)
}
Event: 2.877 {heap Before GC invocations=14 (full 0):
 garbage-first heap   total reserved 1001472K, committed 13312K, used 10475K [0x00000000c2e00000, 0x0000000100000000)
  region size 1M, 4 eden (4M), 1 survivor (1M), 6 old (6M), 0 humongous (0M), 2 free (2M)
}
Event: 2.880 {heap After GC invocations=15 (full 0):
 garbage-first heap   total reserved 1001472K, committed 13312K, used 6840K [0x00000000c2e00000, 0x0000000100000000)
  region size 1M, 0 eden (0M), 1 survivor (1M), 7 old (7M), 0 humongous (0M), 5 free (5M)
}
Event: 3.051 {heap Before GC invocations=15 (full 0):
 garbage-first heap   total reserved 1001472K, committed 13312K, used 9912K [0x00000000c2e00000, 0x0000000100000000)
  region size 1M, 3 eden (3M), 1 survivor (1M), 7 old (7M), 0 humongous (0M), 2 free (2M)
}
Event: 3.055 {heap After GC invocations=16 (full 0):
 garbage-first heap   total reserved 1001472K, committed 39936K, used 7331K [0x00000000c2e00000, 0x0000000100000000)
  region size 1M, 0 eden (0M), 1 survivor (1M), 7 old (7M), 0 humongous (0M), 31 free (31M)
}
Event: 4.549 {heap Before GC invocations=17 (full 0):
 garbage-first heap   total reserved 1001472K, committed 39936K, used 28835K [0x00000000c2e00000, 0x0000000100000000)
  region size 1M, 22 eden (22M), 1 survivor (1M), 7 old (7M), 0 humongous (0M), 9 free (9M)
}
Event: 4.559 {heap After GC invocations=18 (full 0):
 garbage-first heap   total reserved 1001472K, committed 39936K, used 9388K [0x00000000c2e00000, 0x0000000100000000)
  region size 1M, 0 eden (0M), 3 survivor (3M), 7 old (7M), 0 humongous (0M), 29 free (29M)
}
Event: 5.354 {heap Before GC invocations=18 (full 0):
 garbage-first heap   total reserved 1001472K, committed 39936K, used 29868K [0x00000000c2e00000, 0x0000000100000000)
  region size 1M, 20 eden (20M), 3 survivor (3M), 7 old (7M), 0 humongous (0M), 9 free (9M)
}
Event: 5.364 {heap After GC invocations=19 (full 0):
 garbage-first heap   total reserved 1001472K, committed 39936K, used 10864K [0x00000000c2e00000, 0x0000000100000000)
  region size 1M, 0 eden (0M), 2 survivor (2M), 9 old (9M), 0 humongous (0M), 28 free (28M)
}

Metaspace Usage History (20 events):
Event: 1.559 {metaspace Before GC invocations=8 (full 0):
 Metaspace       used 5711K, committed 5888K, reserved 1114112K
  class space    used 700K, committed 832K, reserved 1048576K
}
Event: 1.561 {metaspace After GC invocations=9 (full 0):
 Metaspace       used 5711K, committed 5888K, reserved 1114112K
  class space    used 700K, committed 832K, reserved 1048576K
}
Event: 1.838 {metaspace Before GC invocations=9 (full 0):
 Metaspace       used 6482K, committed 6720K, reserved 1114112K
  class space    used 778K, committed 896K, reserved 1048576K
}
Event: 1.840 {metaspace After GC invocations=10 (full 0):
 Metaspace       used 6482K, committed 6720K, reserved 1114112K
  class space    used 778K, committed 896K, reserved 1048576K
}
Event: 2.069 {metaspace Before GC invocations=10 (full 0):
 Metaspace       used 6903K, committed 7104K, reserved 1114112K
  class space    used 838K, committed 960K, reserved 1048576K
}
Event: 2.071 {metaspace After GC invocations=11 (full 0):
 Metaspace       used 6903K, committed 7104K, reserved 1114112K
  class space    used 838K, committed 960K, reserved 1048576K
}
Event: 2.292 {metaspace Before GC invocations=11 (full 0):
 Metaspace       used 7466K, committed 7680K, reserved 1114112K
  class space    used 910K, committed 1024K, reserved 1048576K
}
Event: 2.294 {metaspace After GC invocations=12 (full 0):
 Metaspace       used 7466K, committed 7680K, reserved 1114112K
  class space    used 910K, committed 1024K, reserved 1048576K
}
Event: 2.476 {metaspace Before GC invocations=12 (full 0):
 Metaspace       used 8759K, committed 8896K, reserved 1114112K
  class space    used 1076K, committed 1152K, reserved 1048576K
}
Event: 2.478 {metaspace After GC invocations=13 (full 0):
 Metaspace       used 8759K, committed 8896K, reserved 1114112K
  class space    used 1076K, committed 1152K, reserved 1048576K
}
Event: 2.683 {metaspace Before GC invocations=13 (full 0):
 Metaspace       used 9846K, committed 10048K, reserved 1114112K
  class space    used 1230K, committed 1344K, reserved 1048576K
}
Event: 2.691 {metaspace After GC invocations=14 (full 0):
 Metaspace       used 9846K, committed 10048K, reserved 1114112K
  class space    used 1230K, committed 1344K, reserved 1048576K
}
Event: 2.877 {metaspace Before GC invocations=14 (full 0):
 Metaspace       used 10742K, committed 10880K, reserved 1114112K
  class space    used 1347K, committed 1408K, reserved 1048576K
}
Event: 2.880 {metaspace After GC invocations=15 (full 0):
 Metaspace       used 10742K, committed 10880K, reserved 1114112K
  class space    used 1347K, committed 1408K, reserved 1048576K
}
Event: 3.051 {metaspace Before GC invocations=15 (full 0):
 Metaspace       used 11279K, committed 11520K, reserved 1114112K
  class space    used 1428K, committed 1536K, reserved 1048576K
}
Event: 3.055 {metaspace After GC invocations=16 (full 0):
 Metaspace       used 11279K, committed 11520K, reserved 1114112K
  class space    used 1428K, committed 1536K, reserved 1048576K
}
Event: 4.549 {metaspace Before GC invocations=17 (full 0):
 Metaspace       used 14924K, committed 15168K, reserved 1114112K
  class space    used 1873K, committed 1984K, reserved 1048576K
}
Event: 4.559 {metaspace After GC invocations=18 (full 0):
 Metaspace       used 14924K, committed 15168K, reserved 1114112K
  class space    used 1873K, committed 1984K, reserved 1048576K
}
Event: 5.354 {metaspace Before GC invocations=18 (full 0):
 Metaspace       used 16274K, committed 16576K, reserved 1114112K
  class space    used 2019K, committed 2176K, reserved 1048576K
}
Event: 5.364 {metaspace After GC invocations=19 (full 0):
 Metaspace       used 16274K, committed 16576K, reserved 1114112K
  class space    used 2019K, committed 2176K, reserved 1048576K
}

Dll operation events (14 events):
Event: 0.014 Attempting to load shared library C:\Program Files\Java\jdk-26.0.1\bin\java.dll
Event: 0.017 Loaded shared library C:\Program Files\Java\jdk-26.0.1\bin\java.dll
Event: 0.081 Attempting to load shared library C:\Program Files\Java\jdk-26.0.1\bin\net.dll
Event: 0.082 Loaded shared library C:\Program Files\Java\jdk-26.0.1\bin\net.dll
Event: 0.085 Attempting to load shared library C:\Program Files\Java\jdk-26.0.1\bin\nio.dll
Event: 0.086 Loaded shared library C:\Program Files\Java\jdk-26.0.1\bin\nio.dll
Event: 0.093 Attempting to load shared library C:\Program Files\Java\jdk-26.0.1\bin\zip.dll
Event: 0.093 Loaded shared library C:\Program Files\Java\jdk-26.0.1\bin\zip.dll
Event: 0.448 Attempting to load shared library C:\Users\gondi\OneDrive\Documentos\Modelos Personalizados do Office\netbeans\java\maven\lib\jansi-native\Windows\x86_64\jansi.dll
Event: 0.449 Loaded shared library C:\Users\gondi\OneDrive\Documentos\Modelos Personalizados do Office\netbeans\java\maven\lib\jansi-native\Windows\x86_64\jansi.dll
Event: 0.456 Attempting to load shared library C:\Program Files\Java\jdk-26.0.1\bin\jimage.dll
Event: 0.456 Loaded shared library C:\Program Files\Java\jdk-26.0.1\bin\jimage.dll
Event: 0.471 Attempting to load shared library C:\Program Files\Java\jdk-26.0.1\bin\verify.dll
Event: 0.472 Loaded shared library C:\Program Files\Java\jdk-26.0.1\bin\verify.dll

Deoptimization events (20 events):
Event: 5.834 Thread 0x000001ae39606010 Uncommon trap: trap_request=0xffffff45 fr.pc=0x000001ae4c121108 relative=0x0000000000000188
Event: 5.834 Thread 0x000001ae39606010 Uncommon trap: reason=unstable_if action=reinterpret pc=0x000001ae4c121108 method=jdk.internal.util.ArraysSupport.vectorizedHashCode(Ljava/lang/Object;IIII)I @ 2 c2
Event: 5.834 Thread 0x000001ae39606010 DEOPT PACKING pc=0x000001ae4c121108 sp=0x0000004ebdbfc6f0
Event: 5.834 Thread 0x000001ae39606010 DEOPT UNPACKING pc=0x000001ae4bc0b9fc sp=0x0000004ebdbfc6a0 mode 2
Event: 5.907 Thread 0x000001ae39606010 DEOPT PACKING pc=0x000001ae44c79b75 sp=0x0000004ebdbfc760
Event: 5.907 Thread 0x000001ae39606010 DEOPT UNPACKING pc=0x000001ae4bbd1363 sp=0x0000004ebdbfbbe0 mode 0
Event: 5.907 Thread 0x000001ae39606010 DEOPT PACKING pc=0x000001ae44c79826 sp=0x0000004ebdbfc770
Event: 5.907 Thread 0x000001ae39606010 DEOPT UNPACKING pc=0x000001ae4bbd1363 sp=0x0000004ebdbfbbf8 mode 0
Event: 5.918 Thread 0x000001ae39606010 Uncommon trap: trap_request=0xffffff45 fr.pc=0x000001ae4c242f54 relative=0x0000000000000154
Event: 5.918 Thread 0x000001ae39606010 Uncommon trap: reason=unstable_if action=reinterpret pc=0x000001ae4c242f54 method=java.util.HashMap.getNode(Ljava/lang/Object;)Ljava/util/HashMap$Node; @ 131 c2
Event: 5.918 Thread 0x000001ae39606010 DEOPT PACKING pc=0x000001ae4c242f54 sp=0x0000004ebdbfc760
Event: 5.918 Thread 0x000001ae39606010 DEOPT UNPACKING pc=0x000001ae4bc0b9fc sp=0x0000004ebdbfc6d0 mode 2
Event: 5.918 Thread 0x000001ae39606010 Uncommon trap: trap_request=0xffffffc6 fr.pc=0x000001ae4c2280dc relative=0x000000000000065c
Event: 5.918 Thread 0x000001ae39606010 Uncommon trap: reason=bimorphic_or_optimized_type_check action=maybe_recompile pc=0x000001ae4c2280dc method=java.util.HashMap.putVal(ILjava/lang/Object;Ljava/lang/Object;ZZ)Ljava/lang/Object; @ 203 c2
Event: 5.918 Thread 0x000001ae39606010 DEOPT PACKING pc=0x000001ae4c2280dc sp=0x0000004ebdbfc740
Event: 5.918 Thread 0x000001ae39606010 DEOPT UNPACKING pc=0x000001ae4bc0b9fc sp=0x0000004ebdbfc630 mode 2
Event: 5.927 Thread 0x000001ae39606010 Uncommon trap: trap_request=0xffffffc6 fr.pc=0x000001ae4c1c56d4 relative=0x00000000000001d4
Event: 5.927 Thread 0x000001ae39606010 Uncommon trap: reason=bimorphic_or_optimized_type_check action=maybe_recompile pc=0x000001ae4c1c56d4 method=jdk.internal.classfile.impl.AbstractPoolEntry.maybeClone(Ljava/lang/classfile/constantpool/ConstantPoolBuilder;Ljava/lang/classfile/constantpool/Po
Event: 5.927 Thread 0x000001ae39606010 DEOPT PACKING pc=0x000001ae4c1c56d4 sp=0x0000004ebdbfb380
Event: 5.927 Thread 0x000001ae39606010 DEOPT UNPACKING pc=0x000001ae4bc0b9fc sp=0x0000004ebdbfb2b8 mode 2

Classes loaded (20 events):
Event: 5.810 Loading class java/util/zip/DeflaterOutputStream
Event: 5.810 Loading class java/util/zip/DeflaterOutputStream done
Event: 5.810 Loading class java/nio/file/DirectoryNotEmptyException
Event: 5.811 Loading class java/nio/file/DirectoryNotEmptyException done
Event: 5.811 Loading class java/nio/file/ReadOnlyFileSystemException
Event: 5.811 Loading class java/nio/file/ReadOnlyFileSystemException done
Event: 5.811 Loading class java/nio/file/NotDirectoryException
Event: 5.811 Loading class java/nio/file/NotDirectoryException done
Event: 5.925 Loading class java/nio/file/attribute/PosixFileAttributeView
Event: 5.925 Loading class java/nio/file/attribute/FileOwnerAttributeView
Event: 5.926 Loading class java/nio/file/attribute/FileOwnerAttributeView done
Event: 5.926 Loading class java/nio/file/attribute/PosixFileAttributeView done
Event: 5.929 Loading class java/nio/file/ClosedDirectoryStreamException
Event: 5.929 Loading class java/nio/file/ClosedDirectoryStreamException done
Event: 5.929 Loading class java/nio/file/DirectoryIteratorException
Event: 5.929 Loading class java/nio/file/DirectoryIteratorException done
Event: 5.941 Loading class java/util/TreeMap$KeySpliterator
Event: 5.942 Loading class java/util/TreeMap$TreeMapSpliterator
Event: 5.942 Loading class java/util/TreeMap$TreeMapSpliterator done
Event: 5.942 Loading class java/util/TreeMap$KeySpliterator done

Classes unloaded (0 events):
No events

Classes redefined (0 events):
No events

Internal exceptions (20 events):
Event: 3.316 Thread 0x000001ae39606010 Exception <a 'java/lang/NoClassDefFoundError'{0x00000000c4e03690}: com/google/inject/servlet/ServletModuleTargetVisitor> (0x00000000c4e03690) 
thrown [s\open\src\hotspot\share\classfile\systemDictionary.cpp, line 318]
Event: 3.514 Thread 0x000001ae39606010 Exception <a 'java/lang/NoSuchMethodError'{0x00000000c4b39748}: 'java.lang.Object java.lang.invoke.DirectMethodHandle$Holder.invokeStaticInit(java.lang.Object, int, int, int, int)'> (0x00000000c4b39748) 
thrown [s\open\src\hotspot\share\interpreter\linkResolver.cpp, line 804]
Event: 3.516 Thread 0x000001ae39606010 Exception <a 'java/lang/NoSuchMethodError'{0x00000000c4b4b740}: 'void java.lang.invoke.DirectMethodHandle$Holder.invokeStatic(java.lang.Object, java.lang.Object, java.lang.Object, java.lang.Object)'> (0x00000000c4b4b740) 
thrown [s\open\src\hotspot\share\interpreter\linkResolver.cpp, line 804]
Event: 3.708 Thread 0x000001ae39606010 Exception <a 'java/lang/NoSuchMethodError'{0x00000000c48e9b30}: 'java.lang.Object java.lang.invoke.DirectMethodHandle$Holder.invokeVirtual(java.lang.Object, java.lang.Object, java.lang.Object)'> (0x00000000c48e9b30) 
thrown [s\open\src\hotspot\share\interpreter\linkResolver.cpp, line 804]
Event: 3.712 Thread 0x000001ae39606010 Exception <a 'java/lang/NoSuchMethodError'{0x00000000c4710818}: 'void java.lang.invoke.DirectMethodHandle$Holder.invokeSpecial(java.lang.Object, java.lang.Object, java.lang.Object, java.lang.Object, java.lang.Object, java.lang.Object)'> (0x00000000c4710818) 
thrown [s\open\src\hotspot\share\interpreter\linkResolver.cpp, line 804]
Event: 3.813 Thread 0x000001ae39606010 Exception <a 'java/lang/NoSuchMethodError'{0x00000000c46d9288}: 'void java.lang.invoke.DirectMethodHandle$Holder.invokeVirtual(java.lang.Object, java.lang.Object, int)'> (0x00000000c46d9288) 
thrown [s\open\src\hotspot\share\interpreter\linkResolver.cpp, line 804]
Event: 3.825 Thread 0x000001ae39606010 Exception <a 'java/lang/NoSuchMethodError'{0x00000000c46f1f58}: 'java.lang.Object java.lang.invoke.DirectMethodHandle$Holder.invokeStatic(java.lang.Object, java.lang.Object, java.lang.Object, java.lang.Object, int)'> (0x00000000c46f1f58) 
thrown [s\open\src\hotspot\share\interpreter\linkResolver.cpp, line 804]
Event: 3.829 Thread 0x000001ae39606010 Exception <a 'java/lang/NoSuchMethodError'{0x00000000c46ff678}: 'void java.lang.invoke.DirectMethodHandle$Holder.invokeSpecial(java.lang.Object, java.lang.Object, java.lang.Object, int)'> (0x00000000c46ff678) 
thrown [s\open\src\hotspot\share\interpreter\linkResolver.cpp, line 804]
Event: 3.830 Thread 0x000001ae39606010 Exception <a 'java/lang/NoSuchMethodError'{0x00000000c450bc80}: 'void java.lang.invoke.DelegatingMethodHandle$Holder.reinvoke_L(java.lang.Object, java.lang.Object, int)'> (0x00000000c450bc80) 
thrown [s\open\src\hotspot\share\interpreter\linkResolver.cpp, line 804]
Event: 4.615 Thread 0x000001ae39606010 Implicit null exception at 0x000001ae4c1a0dc8 to 0x000001ae4c1a0fa0
Event: 4.615 Thread 0x000001ae39606010 Implicit null exception at 0x000001ae4c1efbb9 to 0x000001ae4c1f01d4
Event: 4.634 Thread 0x000001ae39606010 Implicit null exception at 0x000001ae4c1af8c8 to 0x000001ae4c1afa9c
Event: 4.668 Thread 0x000001ae39606010 Exception <a 'java/lang/NoSuchMethodError'{0x00000000c5138818}: 'java.lang.Object java.lang.invoke.DirectMethodHandle$Holder.newInvokeSpecial(java.lang.Object, java.lang.Object, java.lang.Object, java.lang.Object, java.lang.Object, java.lang.Object, java.lang.Object)'> (0x00000000c5138818) 
thrown [s\open\src\hotspot\share\interpreter\linkResolver.cpp, line 804]
Event: 5.075 Thread 0x000001ae39606010 Exception <a 'java/lang/NoSuchMethodError'{0x00000000c4761d08}: 'int java.lang.invoke.DirectMethodHandle$Holder.invokeVirtual(java.lang.Object, java.lang.Object)'> (0x00000000c4761d08) 
thrown [s\open\src\hotspot\share\interpreter\linkResolver.cpp, line 804]
Event: 5.131 Thread 0x000001ae39606010 Exception <a 'java/lang/NoSuchMethodError'{0x00000000c469c430}: 'void java.lang.invoke.Invokers$Holder.invokeExact_MT(java.lang.Object, java.lang.Object, int, java.lang.Object)'> (0x00000000c469c430) 
thrown [s\open\src\hotspot\share\interpreter\linkResolver.cpp, line 804]
Event: 5.607 Thread 0x000001ae39606010 Exception <a 'java/lang/IncompatibleClassChangeError'{0x00000000c4c4a3e8}: Found class java.lang.Object, but interface was expected> (0x00000000c4c4a3e8) 
thrown [s\open\src\hotspot\share\interpreter\linkResolver.cpp, line 871]
Event: 5.616 Thread 0x000001ae39606010 Exception <a 'java/lang/NoSuchMethodError'{0x00000000c4c59980}: 'void java.lang.invoke.DirectMethodHandle$Holder.invokeInterface(java.lang.Object, java.lang.Object, java.lang.Object)'> (0x00000000c4c59980) 
thrown [s\open\src\hotspot\share\interpreter\linkResolver.cpp, line 804]
Event: 5.622 Thread 0x000001ae39606010 Exception <a 'sun/nio/fs/WindowsException'{0x00000000c4c68cd0}> (0x00000000c4c68cd0) 
thrown [s\open\src\hotspot\share\prims\jni.cpp, line 514]
Event: 5.782 Thread 0x000001ae39606010 Exception <a 'java/lang/NoSuchMethodError'{0x00000000c4a09578}: 'int java.lang.invoke.DirectMethodHandle$Holder.invokeInterface(java.lang.Object, java.lang.Object)'> (0x00000000c4a09578) 
thrown [s\open\src\hotspot\share\interpreter\linkResolver.cpp, line 804]
Event: 5.793 Thread 0x000001ae39606010 Exception <a 'java/lang/NoSuchMethodError'{0x00000000c4a5de50}: 'int java.lang.invoke.DirectMethodHandle$Holder.invokeVirtual(java.lang.Object, java.lang.Object, java.lang.Object)'> (0x00000000c4a5de50) 
thrown [s\open\src\hotspot\share\interpreter\linkResolver.cpp, line 804]

VM Operations (20 events):
Event: 3.639 Executing non-safepoint VM operation: HandshakeAllThreads (Deoptimize)
Event: 3.639 Executing non-safepoint VM operation: HandshakeAllThreads (Deoptimize) done
Event: 3.641 Executing non-safepoint VM operation: HandshakeAllThreads (Deoptimize)
Event: 3.641 Executing non-safepoint VM operation: HandshakeAllThreads (Deoptimize) done
Event: 4.549 Executing safepoint VM operation: G1CollectForAllocation (G1 Evacuation Pause)
Event: 4.559 Executing safepoint VM operation: G1CollectForAllocation (G1 Evacuation Pause) done
Event: 5.116 Executing non-safepoint VM operation: HandshakeAllThreads (Deoptimize)
Event: 5.116 Executing non-safepoint VM operation: HandshakeAllThreads (Deoptimize) done
Event: 5.354 Executing safepoint VM operation: G1CollectForAllocation (G1 Evacuation Pause)
Event: 5.364 Executing safepoint VM operation: G1CollectForAllocation (G1 Evacuation Pause) done
Event: 5.717 Executing non-safepoint VM operation: HandshakeAllThreads (Deoptimize)
Event: 5.717 Executing non-safepoint VM operation: HandshakeAllThreads (Deoptimize) done
Event: 5.778 Executing non-safepoint VM operation: HandshakeAllThreads (Deoptimize)
Event: 5.778 Executing non-safepoint VM operation: HandshakeAllThreads (Deoptimize) done
Event: 5.806 Executing non-safepoint VM operation: HandshakeAllThreads (Deoptimize)
Event: 5.806 Executing non-safepoint VM operation: HandshakeAllThreads (Deoptimize) done
Event: 5.923 Executing non-safepoint VM operation: HandshakeAllThreads (Deoptimize)
Event: 5.923 Executing non-safepoint VM operation: HandshakeAllThreads (Deoptimize) done
Event: 5.925 Executing non-safepoint VM operation: HandshakeAllThreads (Deoptimize)
Event: 5.925 Executing non-safepoint VM operation: HandshakeAllThreads (Deoptimize) done

Memory protections (0 events):
No events

Nmethod flushes (20 events):
Event: 3.070 Thread 0x000001ae3ba5e5c0 flushing  nmethod 0x000001ae4465f708
Event: 3.070 Thread 0x000001ae3ba5e5c0 flushing  nmethod 0x000001ae44660688
Event: 3.070 Thread 0x000001ae3ba5e5c0 flushing  nmethod 0x000001ae44661608
Event: 3.070 Thread 0x000001ae3ba5e5c0 flushing  nmethod 0x000001ae4466a688
Event: 3.070 Thread 0x000001ae3ba5e5c0 flushing  nmethod 0x000001ae4466aa08
Event: 3.070 Thread 0x000001ae3ba5e5c0 flushing  nmethod 0x000001ae44671008
Event: 3.070 Thread 0x000001ae3ba5e5c0 flushing  nmethod 0x000001ae4467d808
Event: 3.070 Thread 0x000001ae3ba5e5c0 flushing  nmethod 0x000001ae4467dd88
Event: 3.070 Thread 0x000001ae3ba5e5c0 flushing  nmethod 0x000001ae4467e388
Event: 3.070 Thread 0x000001ae3ba5e5c0 flushing  nmethod 0x000001ae4467e988
Event: 3.070 Thread 0x000001ae3ba5e5c0 flushing  nmethod 0x000001ae44683308
Event: 3.070 Thread 0x000001ae3ba5e5c0 flushing  nmethod 0x000001ae44693508
Event: 3.070 Thread 0x000001ae3ba5e5c0 flushing  nmethod 0x000001ae4469d188
Event: 3.070 Thread 0x000001ae3ba5e5c0 flushing  nmethod 0x000001ae4469f508
Event: 3.070 Thread 0x000001ae3ba5e5c0 flushing  nmethod 0x000001ae446a0f08
Event: 3.070 Thread 0x000001ae3ba5e5c0 flushing  nmethod 0x000001ae446a1e88
Event: 3.070 Thread 0x000001ae3ba5e5c0 flushing  nmethod 0x000001ae446a7108
Event: 3.070 Thread 0x000001ae3ba5e5c0 flushing  nmethod 0x000001ae446c3d08
Event: 3.070 Thread 0x000001ae3ba5e5c0 flushing  nmethod 0x000001ae446c4388
Event: 3.070 Thread 0x000001ae3ba5e5c0 flushing  nmethod 0x000001ae446eb808

Events (13 events):
Event: 0.034 Thread 0x000001ae39606010 Thread added: 0x000001ae39606010
Event: 0.051 Thread 0x000001ae39606010 Thread added: 0x000001ae56a9caa0
Event: 0.051 Thread 0x000001ae39606010 Thread added: 0x000001ae56a9d8f0
Event: 0.052 Thread 0x000001ae39606010 Thread added: 0x000001ae56aa1870
Event: 0.052 Thread 0x000001ae39606010 Thread added: 0x000001ae56aac5b0
Event: 0.052 Thread 0x000001ae39606010 Thread added: 0x000001ae56aaaed0
Event: 0.052 Thread 0x000001ae39606010 Thread added: 0x000001ae56aaba80
Event: 0.052 Thread 0x000001ae39606010 Thread added: 0x000001ae56ab26d0
Event: 0.054 Thread 0x000001ae39606010 Thread added: 0x000001ae56ae8740
Event: 0.072 Thread 0x000001ae39606010 Thread added: 0x000001ae56c0bf10
Event: 0.076 Thread 0x000001ae39606010 Thread added: 0x000001ae56c0cb10
Event: 0.443 Thread 0x000001ae39606010 Thread added: 0x000001ae56ef3ea0
Event: 0.543 Thread 0x000001ae56ef3ea0 Thread exited: 0x000001ae56ef3ea0


Dynamic libraries:
0x00007ff7fed50000 - 0x00007ff7fed60000 	C:\Program Files\Java\jdk-26.0.1\bin\java.exe
0x00007ffebc980000 - 0x00007ffebcbe7000 	C:\Windows\SYSTEM32\ntdll.dll
0x00007ffeba710000 - 0x00007ffeba7d9000 	C:\Windows\System32\KERNEL32.DLL
0x00007ffeba250000 - 0x00007ffeba644000 	C:\Windows\System32\KERNELBASE.dll
0x00007ffeb9250000 - 0x00007ffeb939b000 	C:\Windows\System32\ucrtbase.dll
0x00007ffe9c530000 - 0x00007ffe9c547000 	C:\Program Files\Java\jdk-26.0.1\bin\jli.dll
0x00007ffebb680000 - 0x00007ffebb845000 	C:\Windows\System32\USER32.dll
0x00007ffeb93a0000 - 0x00007ffeb93c7000 	C:\Windows\System32\win32u.dll
0x00007ffea89e0000 - 0x00007ffea89fe000 	C:\Program Files\Java\jdk-26.0.1\bin\VCRUNTIME140.dll
0x00007ffebbc90000 - 0x00007ffebbcbb000 	C:\Windows\System32\GDI32.dll
0x00007ffeb98b0000 - 0x00007ffeb99db000 	C:\Windows\System32\gdi32full.dll
0x00007ffeb9540000 - 0x00007ffeb95e3000 	C:\Windows\System32\msvcp_win.dll
0x00007ffea9eb0000 - 0x00007ffeaa143000 	C:\Windows\WinSxS\amd64_microsoft.windows.common-controls_6595b64144ccf1df_6.0.26100.8115_none_3e075c82e3354f9c\COMCTL32.dll
0x00007ffebc520000 - 0x00007ffebc5c9000 	C:\Windows\System32\msvcrt.dll
0x00007ffeba890000 - 0x00007ffeba8c2000 	C:\Windows\System32\IMM32.DLL
0x00007ffeacd60000 - 0x00007ffeacd6c000 	C:\Program Files\Java\jdk-26.0.1\bin\vcruntime140_1.dll
0x00007ffe8d9a0000 - 0x00007ffe8da2d000 	C:\Program Files\Java\jdk-26.0.1\bin\msvcp140.dll
0x00007ffe24e60000 - 0x00007ffe25d2e000 	C:\Program Files\Java\jdk-26.0.1\bin\server\jvm.dll
0x00007ffebc1f0000 - 0x00007ffebc2a6000 	C:\Windows\System32\ADVAPI32.dll
0x00007ffeba7e0000 - 0x00007ffeba887000 	C:\Windows\System32\sechost.dll
0x00007ffebacf0000 - 0x00007ffebae08000 	C:\Windows\System32\RPCRT4.dll
0x00007ffebc2b0000 - 0x00007ffebc330000 	C:\Windows\System32\WS2_32.dll
0x00007ffeaa3d0000 - 0x00007ffeaa406000 	C:\Windows\SYSTEM32\WINMM.dll
0x00007ffeb90b0000 - 0x00007ffeb910e000 	C:\Windows\SYSTEM32\POWRPROF.dll
0x00007ffeb2e10000 - 0x00007ffeb2e1b000 	C:\Windows\SYSTEM32\VERSION.dll
0x00007ffeb9090000 - 0x00007ffeb90a4000 	C:\Windows\SYSTEM32\UMPDC.dll
0x00007ffeb7fe0000 - 0x00007ffeb7ffb000 	C:\Windows\SYSTEM32\kernel.appcore.dll
0x00007ffe9c860000 - 0x00007ffe9c86a000 	C:\Program Files\Java\jdk-26.0.1\bin\jimage.dll
0x00007ffeb7130000 - 0x00007ffeb7372000 	C:\Windows\SYSTEM32\DBGHELP.DLL
0x00007ffeba960000 - 0x00007ffebace2000 	C:\Windows\System32\combase.dll
0x00007ffebbb20000 - 0x00007ffebbbf8000 	C:\Windows\System32\OLEAUT32.dll
0x00007ffeb4230000 - 0x00007ffeb426b000 	C:\Windows\SYSTEM32\dbgcore.DLL
0x00007ffeb9770000 - 0x00007ffeb9815000 	C:\Windows\System32\bcryptPrimitives.dll
0x00007ffe9ca80000 - 0x00007ffe9ca9f000 	C:\Program Files\Java\jdk-26.0.1\bin\java.dll
0x00007ffebc5d0000 - 0x00007ffebc767000 	C:\Windows\System32\ole32.dll
0x00007ffebae10000 - 0x00007ffebb577000 	C:\Windows\System32\SHELL32.dll
0x00007ffeb93d0000 - 0x00007ffeb953a000 	C:\Windows\System32\wintypes.dll
0x00007ffeb99e0000 - 0x00007ffeba248000 	C:\Windows\System32\windows.storage.dll
0x00007ffebc770000 - 0x00007ffebc868000 	C:\Windows\System32\SHCORE.dll
0x00007ffebc180000 - 0x00007ffebc1e6000 	C:\Windows\System32\shlwapi.dll
0x00007ffeb9170000 - 0x00007ffeb9199000 	C:\Windows\SYSTEM32\profapi.dll
0x00007ffe9c2d0000 - 0x00007ffe9c2e2000 	C:\Program Files\Java\jdk-26.0.1\bin\net.dll
0x00007ffeb8550000 - 0x00007ffeb85bc000 	C:\Windows\system32\mswsock.dll
0x00007ffe9adf0000 - 0x00007ffe9ae06000 	C:\Program Files\Java\jdk-26.0.1\bin\nio.dll
0x00007ffe9c4c0000 - 0x00007ffe9c4d7000 	C:\Program Files\Java\jdk-26.0.1\bin\zip.dll
0x00007ffea8a00000 - 0x00007ffea8a24000 	C:\Users\gondi\OneDrive\Documentos\Modelos Personalizados do Office\netbeans\java\maven\lib\jansi-native\Windows\x86_64\jansi.dll
0x00007ffe9c080000 - 0x00007ffe9c090000 	C:\Program Files\Java\jdk-26.0.1\bin\verify.dll

JVMTI agents: none

dbghelp: loaded successfully - version: 4.0.5 - missing functions: none
symbol engine: initialized successfully - sym options: 0x614 - pdb path: .;C:\Program Files\Java\jdk-26.0.1\bin;C:\Windows\SYSTEM32;C:\Windows\WinSxS\amd64_microsoft.windows.common-controls_6595b64144ccf1df_6.0.26100.8115_none_3e075c82e3354f9c;C:\Program Files\Java\jdk-26.0.1\bin\server;C:\Users\gondi\OneDrive\Documentos\Modelos Personalizados do Office\netbeans\java\maven\lib\jansi-native\Windows\x86_64

VM Arguments:
jvm_args: --enable-native-access=ALL-UNNAMED -Dclassworlds.conf=C:\Users\gondi\OneDrive\Documentos\Modelos Personalizados do Office\netbeans\java\maven\bin\m2.conf -Dmaven.home=C:\Users\gondi\OneDrive\Documentos\Modelos Personalizados do Office\netbeans\java\maven -Dlibrary.jansi.path=C:\Users\gondi\OneDrive\Documentos\Modelos Personalizados do Office\netbeans\java\maven\lib\jansi-native -Dmaven.multiModuleProjectDirectory=C:\Users\gondi\OneDrive\Documentos\NetBeansProjects\SistemaGestaoProjetos 
java_command: org.codehaus.plexus.classworlds.launcher.Launcher -Dexec.vmArgs= -Dexec.args=${exec.vmArgs} -classpath %classpath ${exec.mainClass} ${exec.appArgs} -Dexec.appArgs= -Dexec.mainClass=com.mycompany.sistemagestaoprojetos.SistemaGestaoProjetos -Dexec.executable=C:\Program Files\Java\jdk-26.0.1\bin\java.exe -Dmaven.ext.class.path=C:\Users\gondi\OneDrive\Documentos\Modelos Personalizados do Office\netbeans\java\maven-nblib\netbeans-eventspy.jar --no-transfer-progress process-classes org.codehaus.mojo:exec-maven-plugin:3.5.1:exec
java_class_path (initial): C:\Users\gondi\OneDrive\Documentos\Modelos Personalizados do Office\netbeans\java\maven\boot\plexus-classworlds-2.9.0.jar
Launcher Type: SUN_STANDARD

[Global flags]
     bool AOTAdapterCaching                        = false                                  {diagnostic} {ergonomic}
     bool AOTInvokeDynamicLinking                  = false                                  {diagnostic} {ergonomic}
     bool AOTRecordTraining                        = false                                  {diagnostic} {ergonomic}
     bool AOTReplayTraining                        = false                                  {diagnostic} {ergonomic}
     bool AOTStubCaching                           = false                                  {diagnostic} {ergonomic}
     intx CICompilerCount                          = 2                                         {product} {ergonomic}
     uint ConcGCThreads                            = 1                                         {product} {ergonomic}
     uint G1ConcRefinementThreads                  = 2                                         {product} {ergonomic}
     uint G1EagerReclaimRemSetThreshold            = 10                                   {experimental} {ergonomic}
   size_t G1HeapRegionSize                         = 1048576                                   {product} {ergonomic}
     uint G1RemSetArrayOfCardsEntries              = 10                                   {experimental} {ergonomic}
     uint G1RemSetHowlMaxNumBuckets                = 8                                    {experimental} {ergonomic}
     uint G1RemSetHowlNumBuckets                   = 4                                    {experimental} {ergonomic}
   size_t InitialHeapSize                          = 8388608                                   {product} {ergonomic}
     bool IntelJccErratumMitigation                = false                             {ARCH diagnostic} {ergonomic}
   size_t MarkStackSize                            = 4194304                                   {product} {ergonomic}
   size_t MarkStackSizeMax                         = 536870912                                 {product} {ergonomic}
   size_t MaxHeapSize                              = 1025507328                                {product} {ergonomic}
   size_t MaxNewSize                               = 614465536                                 {product} {ergonomic}
 uint64_t MaxRAM                                   = 4095401984                                {product} {ergonomic}
   size_t MinHeapDeltaBytes                        = 1048576                                   {product} {ergonomic}
   size_t MinHeapSize                              = 8388608                                   {product} {ergonomic}
   size_t NonNMethodCodeHeapSize                   = 5832704                                {pd product} {ergonomic}
   size_t NonProfiledCodeHeapSize                  = 122945536                              {pd product} {ergonomic}
   size_t ProfiledCodeHeapSize                     = 122945536                              {pd product} {ergonomic}
   size_t ReservedCodeCacheSize                    = 251723776                              {pd product} {ergonomic}
     bool SegmentedCodeCache                       = true                                      {product} {ergonomic}
   size_t SoftMaxHeapSize                          = 1025507328                             {manageable} {ergonomic}
     bool UseCompressedOops                        = true                           {product lp64_product} {ergonomic}
     bool UseCondCardMark                          = true                                      {product} {ergonomic}
     bool UseFastUnorderedTimeStamps               = true                                 {experimental} {ergonomic}
     bool UseG1GC                                  = true                                      {product} {ergonomic}
     bool UseLargePagesIndividualAllocation        = false                                  {pd product} {ergonomic}
      int X86ICacheSync                            = 3                                 {ARCH diagnostic} {ergonomic}

Logging:
Log output configuration:
 #0: stdout all=warning uptime,level,tags foldmultilines=false
 #1: stderr all=off uptime,level,tags foldmultilines=false

Release file:
IMPLEMENTOR="Oracle Corporation" 
JAVA_RUNTIME_VERSION="26.0.1+8-34" 
JAVA_VERSION="26.0.1" 
JAVA_VERSION_DATE="2026-04-21" 
LIBC="default" 
MODULES="java.base java.compiler java.datatransfer java.xml java.prefs java.desktop java.instrument java.logging java.management java.security.sasl java.naming java.rmi java.management.rmi java.net.http java.scripting java.security.jgss java.transaction.xa java.sql java.sql.rowset java.xml.crypto java.se java.smartcardio jdk.accessibility jdk.internal.jvmstat jdk.attach jdk.charsets jdk.internal.opt jdk.zipfs jdk.compiler jdk.crypto.cryptoki jdk.crypto.ec jdk.crypto.mscapi jdk.dynalink jdk.internal.ed jdk.editpad jdk.internal.vm.ci jdk.graal.compiler jdk.graal.compiler.management jdk.hotspot.agent jdk.httpserver jdk.incubator.vector jdk.internal.le jdk.internal.md jdk.jartool jdk.javadoc jdk.jcmd jdk.management jdk.management.agent jdk.jconsole jdk.jdeps jdk.jdwp.agent jdk.jdi jdk.jfr jdk.jlink jdk.jpackage jdk.jshell jdk.jstatd jdk.localedata jdk.management.jfr jdk.naming.dns jdk.naming.rmi jdk.net jdk.nio.mapmode jdk.sctp jdk.security.auth jdk.security.jgss jdk.unsupported jdk.unsupported.desktop jdk.xml.dom" 
OS_ARCH="x86_64" 
OS_NAME="Windows" 
SOURCE=".:git:8fcde8268d22 open:git:fcc00fc4aee7" 

Environment Variables:
JAVA_HOME=C:\Program Files\Java\jdk-26.0.1
PATH=C:\Program Files\Common Files\Oracle\Java\javapath;C:\Windows\system32;C:\Windows;C:\Windows\System32\Wbem;C:\Windows\System32\WindowsPowerShell\v1.0\;C:\Windows\System32\OpenSSH\;C:\Users\gondi\AppData\Local\Microsoft\WindowsApps;C:\Users\gondi\OneDrive\Documentos\Modelos Personalizados do Office\netbeans\bin\
USERNAME=gondi
OS=Windows_NT
PROCESSOR_IDENTIFIER=Intel64 Family 6 Model 156 Stepping 0, GenuineIntel
TMP=C:\Users\gondi\AppData\Local\Temp
TEMP=C:\Users\gondi\AppData\Local\Temp




Compilation memory statistics disabled.

Periodic native trim disabled

---------------  S Y S T E M  ---------------

OS:
 Windows 11 , 64 bit Build 26100 (10.0.26100.8246)
OS uptime: 17 days 0:11 hours

CPU: total 2 (initial active 2) (2 cores per cpu, 1 threads per core) family 6 model 156 stepping 0 microcode 0x24000026, cx8, cmov, fxsr, mmx, 3dnowpref, sse, sse2, sse3, ssse3, sse4.1, sse4.2, popcnt, tsc, tscinvbit, aes, erms, clmul, sha, clflush, clflushopt, clwb, rdtscp, rdpid
Processor Information for the first 2 processors :
  Max Mhz: 1114, Current Mhz: 1114, Mhz Limit: 1114

Memory: 4k page, system-wide physical 3905M (446M free)
TotalPageFile size 15681M (AvailPageFile size 5M)
current process WorkingSet (physical memory assigned to process): 137M, peak: 137M
current process commit charge ("private bytes"): 162M, peak: 163M

vm_info: Java HotSpot(TM) 64-Bit Server VM (26.0.1+8-34) for windows-amd64 JRE (26.0.1+8-34), built on 2026-03-10T17:24:10Z with MS VC++ 17.13 (VS2022)

END.
