#
# There is insufficient memory for the Java Runtime Environment to continue.
# Native memory allocation (malloc) failed to allocate 32752 bytes. Error detail: Chunk::new
# Possible reasons:
#   The system is out of physical RAM or swap space
#   This process is running with CompressedOops enabled, and the Java Heap may be blocking the growth of the native heap
# Possible solutions:
#   Reduce memory load on the system
#   Increase physical memory or swap space
#   Check if swap backing store is full
#   Decrease Java heap size (-Xmx/-Xms)
#   Decrease number of Java threads
#   Decrease Java thread stack sizes (-Xss)
#   Set larger code cache with -XX:ReservedCodeCacheSize=
#   JVM is running with Unscaled Compressed Oops mode in which the Java heap is
#     placed in the first 4GB address space. The Java Heap base address is the
#     maximum limit for the native heap growth. Please use -XX:HeapBaseMinAddress
#     to set the Java Heap base and to place the Java Heap above 4GB virtual address.
# This output file may be truncated or incomplete.
#
#  Out of Memory Error (arena.cpp:193), pid=24664, tid=16824
#
# JRE version: Java(TM) SE Runtime Environment (26.0.1+8) (build 26.0.1+8-34)
# Java VM: Java HotSpot(TM) 64-Bit Server VM (26.0.1+8-34, mixed mode, sharing, tiered, compressed oops, compressed class ptrs, g1 gc, windows-amd64)
# No core dump will be written. Minidumps are not enabled by default on client versions of Windows
#

---------------  S U M M A R Y ------------

Command Line: --enable-native-access=ALL-UNNAMED -Dclassworlds.conf=C:\Users\gondi\OneDrive\Documentos\Modelos Personalizados do Office\netbeans\java\maven\bin\m2.conf -Dmaven.home=C:\Users\gondi\OneDrive\Documentos\Modelos Personalizados do Office\netbeans\java\maven -Dlibrary.jansi.path=C:\Users\gondi\OneDrive\Documentos\Modelos Personalizados do Office\netbeans\java\maven\lib\jansi-native -Dmaven.multiModuleProjectDirectory=C:\Users\gondi\OneDrive\Documentos\NetBeansProjects\SistemaGestaoProjetos org.codehaus.plexus.classworlds.launcher.Launcher -Dexec.vmArgs= -Dexec.args=${exec.vmArgs} -classpath %classpath ${exec.mainClass} ${exec.appArgs} -Dexec.appArgs= -Dexec.mainClass=com.mycompany.sistemagestaoprojetos.SistemaGestaoProjetos -Dexec.executable=C:\Program Files\Java\jdk-26.0.1\bin\java.exe -Dmaven.ext.class.path=C:\Users\gondi\OneDrive\Documentos\Modelos Personalizados do Office\netbeans\java\maven-nblib\netbeans-eventspy.jar --no-transfer-progress process-classes org.codehaus.mojo:exec-maven-plugin:3.5.1:exec

Host: Intel(R) Celeron(R) N4500 @ 1.10GHz, 2 cores, 3G,  Windows 11 , 64 bit Build 26100 (10.0.26100.8246)
Time: Sun May 31 07:16:48 2026 Hora Padrão de Buenos Aires elapsed time: 24809.325982 seconds (0d 6h 53m 29s)

---------------  T H R E A D  ---------------

Current thread (0x0000020200374ec0):  JavaThread "C1 CompilerThread0" daemon [_thread_in_native, id=16824, stack(0x0000000f85b00000,0x0000000f85c00000) (1024K)]


Current CompileTask:
C1:24809348 4465   !   3       com.sun.tools.javac.parser.JavaTokenizer::readToken (1826 bytes)

Stack: [0x0000000f85b00000,0x0000000f85c00000]
Native frames: (J=compiled Java code, j=interpreted, Vv=VM code, C=native code)
V  [jvm.dll+0x7d5879]  (no source info available)
V  [jvm.dll+0x7a37dd]  (no source info available)
V  [jvm.dll+0x9b0c10]  (no source info available)
V  [jvm.dll+0x9b3061]  (no source info available)
V  [jvm.dll+0x9b3773]  (no source info available)
V  [jvm.dll+0x30df76]  (no source info available)
V  [jvm.dll+0x11d8a6]  (no source info available)
V  [jvm.dll+0x11dbce]  (no source info available)
V  [jvm.dll+0x1b8e1b]  (no source info available)
V  [jvm.dll+0x1b8317]  (no source info available)
V  [jvm.dll+0x211f3d]  (no source info available)
V  [jvm.dll+0x2129a6]  (no source info available)
V  [jvm.dll+0x1ce3a2]  (no source info available)
V  [jvm.dll+0x1cda9f]  (no source info available)
V  [jvm.dll+0x1cdd4e]  (no source info available)
V  [jvm.dll+0x1cd2bf]  (no source info available)
V  [jvm.dll+0x1cf04d]  (no source info available)
V  [jvm.dll+0x2e06dc]  (no source info available)
V  [jvm.dll+0x2de8bd]  (no source info available)
V  [jvm.dll+0x4a3ff1]  (no source info available)
V  [jvm.dll+0x94f649]  (no source info available)
V  [jvm.dll+0x7d7358]  (no source info available)
C  [ucrtbase.dll+0x37b0]  (no source info available)
C  [KERNEL32.DLL+0x2e8d7]  (no source info available)
C  [ntdll.dll+0x8c3fc]  (no source info available)

Lock stack of current Java thread (top to bottom):


---------------  P R O C E S S  ---------------

Threads class SMR info:
_java_thread_list=0x0000020200822420, length=11, elements={
0x00000202651e0df0, 0x0000020200355620, 0x000002020035a580, 0x000002020035e9b0,
0x000002020035f560, 0x0000020200362980, 0x0000020200363530, 0x0000020200368430,
0x0000020200374ec0, 0x00000202004a4d10, 0x00000202004a9ac0
}

Java Threads: ( => current thread )
  0x00000202651e0df0 JavaThread "main"                              [_thread_in_Java, id=26604, stack(0x0000000f84b00000,0x0000000f84c00000) (1024K)]
  0x0000020200355620 JavaThread "Reference Handler"          daemon [_thread_blocked, id=27404, stack(0x0000000f85400000,0x0000000f85500000) (1024K)]
  0x000002020035a580 JavaThread "Finalizer"                  daemon [_thread_blocked, id=27596, stack(0x0000000f85500000,0x0000000f85600000) (1024K)]
  0x000002020035e9b0 JavaThread "Signal Dispatcher"          daemon [_thread_blocked, id=27400, stack(0x0000000f85600000,0x0000000f85700000) (1024K)]
  0x000002020035f560 JavaThread "Attach Listener"            daemon [_thread_blocked, id=23388, stack(0x0000000f85700000,0x0000000f85800000) (1024K)]
  0x0000020200362980 JavaThread "Service Thread"             daemon [_thread_blocked, id=12592, stack(0x0000000f85800000,0x0000000f85900000) (1024K)]
  0x0000020200363530 JavaThread "Monitor Deflation Thread"   daemon [_thread_blocked, id=9840, stack(0x0000000f85900000,0x0000000f85a00000) (1024K)]
  0x0000020200368430 JavaThread "C2 CompilerThread0"         daemon [_thread_in_native, id=18128, stack(0x0000000f85a00000,0x0000000f85b00000) (1024K)]
=>0x0000020200374ec0 JavaThread "C1 CompilerThread0"         daemon [_thread_in_native, id=16824, stack(0x0000000f85b00000,0x0000000f85c00000) (1024K)]
  0x00000202004a4d10 JavaThread "Notification Thread"        daemon [_thread_blocked, id=23620, stack(0x0000000f85c00000,0x0000000f85d00000) (1024K)]
  0x00000202004a9ac0 JavaThread "Common-Cleaner"             daemon [_thread_blocked, id=7192, stack(0x0000000f85d00000,0x0000000f85e00000) (1024K)]
Total: 11

Other Threads:
  0x00000202003448c0 VMThread "VM Thread"                           [id=27492, stack(0x0000000f85300000,0x0000000f85400000) (1024K)]
  0x000002026523dfa0 WatcherThread "VM Periodic Task Thread"        [id=27488, stack(0x0000000f85200000,0x0000000f85300000) (1024K)]
  0x000002026520b300 WorkerThread "GC Thread#0"                     [id=16104, stack(0x0000000f84c00000,0x0000000f84d00000) (1024K)]
  0x0000020200808d10 WorkerThread "GC Thread#1"                     [id=2776, stack(0x0000000f85f00000,0x0000000f86000000) (1024K)]
  0x0000020265217b20 ConcurrentGCThread "G1 Main Marker"            [id=18228, stack(0x0000000f84d00000,0x0000000f84e00000) (1024K)]
  0x0000020265219590 WorkerThread "G1 Conc#0"                       [id=26976, stack(0x0000000f84e00000,0x0000000f84f00000) (1024K)]
  0x000002026522f110 WorkerThread "G1 Refinement Workers#0"         [id=26424, stack(0x0000000f85000000,0x0000000f85100000) (1024K)]
  0x0000020262f4bbf0 WorkerThread "G1 Refinement Workers#1"         [id=2660, stack(0x0000000f84900000,0x0000000f84a00000) (1024K)]
  0x000002026522b8f0 ConcurrentGCThread "G1 Refine Control"         [id=6812, stack(0x0000000f84f00000,0x0000000f85000000) (1024K)]
  0x000002026522fa80 ConcurrentGCThread "G1 Service"                [id=24704, stack(0x0000000f85100000,0x0000000f85200000) (1024K)]
Total: 10

Threads with active compile tasks:
C2 CompilerThread0  24813033 4488       4       com.sun.tools.javac.parser.JavaTokenizer::putThenNext (9 bytes)
C1 CompilerThread0  24813038 4465   !   3       com.sun.tools.javac.parser.JavaTokenizer::readToken (1826 bytes)
Total: 2

VM state: not at safepoint (normal execution)

VM Mutex/Monitor currently owned by a thread: None

Heap address: 0x00000000c2e00000, size: 978 MB, Compressed Oops mode: 32-bit

CDS archive(s) mapped at: [0x0000000034000000-0x0000000034de0000-0x0000000034de0000), size 14548992, SharedBaseAddress: 0x0000000034000000, ArchiveRelocationMode: 1.
Compressed class space mapped at: 0x0000000035000000-0x0000000075000000, reserved size: 1073741824
UseCompressedClassPointers 1, UseCompactObjectHeaders 0
Narrow klass pointer bits 32, Max shift 3
Narrow klass base: 0x0000000034000000, Narrow klass shift: 0
Encoding Range: [0x0000000034000000 - 0x0000000134000000), (4294967296 bytes)
Klass Range:    [0x0000000034000000 - 0x0000000075000000), (1090519040 bytes)
Klass ID Range:  [8 - 1090519033) (1090519025)
Protection zone: [0x0000000034000000 - 0x0000000034010000), (65536 bytes)

GC Precious Log:
 CardTable entry size: 512
 Card Set container configuration: InlinePtr #cards 5 size 8 Array Of Cards #cards 10 size 36 Howl #buckets 4 coarsen threshold 1843 Howl Bitmap #cards 512 size 80 coarsen threshold 460 Card regions per heap region 1 cards per card region 2048
 CPUs: 2 total, 2 available
 Memory: 3905M
 Large Page Support: Disabled
 NUMA Support: Disabled
 Compressed Oops: Enabled (32-bit)
 Heap Region Size: 1M
 Heap Min Capacity: 8M
 Heap Initial Capacity: 8M
 Heap Max Capacity: 978M
 Pre-touch: Disabled
 Parallel Workers: 2
 Concurrent Workers: 1
 Concurrent Refinement Workers: 2
 Periodic GC: Disabled

Heap:
 garbage-first heap   total reserved 1001472K, committed 46080K, used 19770K [0x00000000c2e00000, 0x0000000100000000)
  region size 1M, 1 eden (1M), 1 survivor (1M), 16 old (16M), 3 humongous (3M), 24 free (24M)

Heap Regions: E=young(eden), S=young(survivor), O=old, HS=humongous(starts), HC=humongous(continues), CS=collection set, F=free, TAMS=top-at-mark-start, PB=parsable bottom
|    0|0x00000000c2e00000, 0x00000000c2f00000, 0x00000000c2f00000|100%| O|  |TAMS 0x00000000c2e00000| PB 0x00000000c2e00000| Untracked |  0
|    1|0x00000000c2f00000, 0x00000000c3000000, 0x00000000c3000000|100%| O|  |TAMS 0x00000000c2f00000| PB 0x00000000c2f00000| Untracked |  0
|    2|0x00000000c3000000, 0x00000000c3100000, 0x00000000c3100000|100%| O|  |TAMS 0x00000000c3000000| PB 0x00000000c3000000| Untracked |  0
|    3|0x00000000c3100000, 0x00000000c3200000, 0x00000000c3200000|100%| O|  |TAMS 0x00000000c3100000| PB 0x00000000c3100000| Untracked |  0
|    4|0x00000000c3200000, 0x00000000c3300000, 0x00000000c3300000|100%| O|  |TAMS 0x00000000c3200000| PB 0x00000000c3200000| Untracked |  0
|    5|0x00000000c3300000, 0x00000000c3400000, 0x00000000c3400000|100%| O|  |TAMS 0x00000000c3300000| PB 0x00000000c3300000| Untracked |  0
|    6|0x00000000c3400000, 0x00000000c3500000, 0x00000000c3500000|100%| O|  |TAMS 0x00000000c3400000| PB 0x00000000c3400000| Untracked |  0
|    7|0x00000000c3500000, 0x00000000c3600000, 0x00000000c3600000|100%| O|  |TAMS 0x00000000c3500000| PB 0x00000000c3500000| Untracked |  0
|    8|0x00000000c3600000, 0x00000000c3600000, 0x00000000c3700000|  0%| F|  |TAMS 0x00000000c3600000| PB 0x00000000c3600000| Untracked |  0
|    9|0x00000000c3700000, 0x00000000c37b4b88, 0x00000000c3800000| 70%| O|  |TAMS 0x00000000c3700000| PB 0x00000000c3700000| Untracked |  0
|   10|0x00000000c3800000, 0x00000000c3800000, 0x00000000c3900000|  0%| F|  |TAMS 0x00000000c3800000| PB 0x00000000c3800000| Untracked |  0
|   11|0x00000000c3900000, 0x00000000c3900000, 0x00000000c3a00000|  0%| F|  |TAMS 0x00000000c3900000| PB 0x00000000c3900000| Untracked |  0
|   12|0x00000000c3a00000, 0x00000000c3b00000, 0x00000000c3b00000|100%|HS|  |TAMS 0x00000000c3a00000| PB 0x00000000c3a00000| Complete  |  0
|   13|0x00000000c3b00000, 0x00000000c3c00000, 0x00000000c3c00000|100%|HC|  |TAMS 0x00000000c3b00000| PB 0x00000000c3b00000| Complete  |  0
|   14|0x00000000c3c00000, 0x00000000c3d00000, 0x00000000c3d00000|100%|HC|  |TAMS 0x00000000c3c00000| PB 0x00000000c3c00000| Complete  |  0
|   15|0x00000000c3d00000, 0x00000000c3e00000, 0x00000000c3e00000|100%| O|  |TAMS 0x00000000c3d00000| PB 0x00000000c3d00000| Untracked |  0
|   16|0x00000000c3e00000, 0x00000000c3f00000, 0x00000000c3f00000|100%| O|  |TAMS 0x00000000c3e00000| PB 0x00000000c3e00000| Untracked |  0
|   17|0x00000000c3f00000, 0x00000000c4000000, 0x00000000c4000000|100%| O|  |TAMS 0x00000000c3f00000| PB 0x00000000c3f00000| Untracked |  0
|   18|0x00000000c4000000, 0x00000000c4100000, 0x00000000c4100000|100%| O|  |TAMS 0x00000000c4000000| PB 0x00000000c4000000| Untracked |  0
|   19|0x00000000c4100000, 0x00000000c4200000, 0x00000000c4200000|100%| O|  |TAMS 0x00000000c4100000| PB 0x00000000c4100000| Untracked |  0
|   20|0x00000000c4200000, 0x00000000c4200000, 0x00000000c4300000|  0%| F|  |TAMS 0x00000000c4200000| PB 0x00000000c4200000| Untracked |  0
|   21|0x00000000c4300000, 0x00000000c4300000, 0x00000000c4400000|  0%| F|  |TAMS 0x00000000c4300000| PB 0x00000000c4300000| Untracked |  0
|   22|0x00000000c4400000, 0x00000000c4400000, 0x00000000c4500000|  0%| F|  |TAMS 0x00000000c4400000| PB 0x00000000c4400000| Untracked |  0
|   23|0x00000000c4500000, 0x00000000c4500000, 0x00000000c4600000|  0%| F|  |TAMS 0x00000000c4500000| PB 0x00000000c4500000| Untracked |  0
|   24|0x00000000c4600000, 0x00000000c4600000, 0x00000000c4700000|  0%| F|  |TAMS 0x00000000c4600000| PB 0x00000000c4600000| Untracked |  0
|   25|0x00000000c4700000, 0x00000000c4700000, 0x00000000c4800000|  0%| F|  |TAMS 0x00000000c4700000| PB 0x00000000c4700000| Untracked |  0
|   26|0x00000000c4800000, 0x00000000c4800000, 0x00000000c4900000|  0%| F|  |TAMS 0x00000000c4800000| PB 0x00000000c4800000| Untracked |  0
|   27|0x00000000c4900000, 0x00000000c4900000, 0x00000000c4a00000|  0%| F|  |TAMS 0x00000000c4900000| PB 0x00000000c4900000| Untracked |  0
|   28|0x00000000c4a00000, 0x00000000c4a00000, 0x00000000c4b00000|  0%| F|  |TAMS 0x00000000c4a00000| PB 0x00000000c4a00000| Untracked |  0
|   29|0x00000000c4b00000, 0x00000000c4b00000, 0x00000000c4c00000|  0%| F|  |TAMS 0x00000000c4b00000| PB 0x00000000c4b00000| Untracked |  0
|   30|0x00000000c4c00000, 0x00000000c4c00000, 0x00000000c4d00000|  0%| F|  |TAMS 0x00000000c4c00000| PB 0x00000000c4c00000| Untracked |  0
|   31|0x00000000c4d00000, 0x00000000c4d00000, 0x00000000c4e00000|  0%| F|  |TAMS 0x00000000c4d00000| PB 0x00000000c4d00000| Untracked |  0
|   32|0x00000000c4e00000, 0x00000000c4e00000, 0x00000000c4f00000|  0%| F|  |TAMS 0x00000000c4e00000| PB 0x00000000c4e00000| Untracked |  0
|   33|0x00000000c4f00000, 0x00000000c4f00000, 0x00000000c5000000|  0%| F|  |TAMS 0x00000000c4f00000| PB 0x00000000c4f00000| Untracked |  0
|   34|0x00000000c5000000, 0x00000000c5000000, 0x00000000c5100000|  0%| F|  |TAMS 0x00000000c5000000| PB 0x00000000c5000000| Untracked |  0
|   35|0x00000000c5100000, 0x00000000c5100000, 0x00000000c5200000|  0%| F|  |TAMS 0x00000000c5100000| PB 0x00000000c5100000| Untracked |  0
|   36|0x00000000c5200000, 0x00000000c5200000, 0x00000000c5300000|  0%| F|  |TAMS 0x00000000c5200000| PB 0x00000000c5200000| Untracked |  0
|   37|0x00000000c5300000, 0x00000000c5300000, 0x00000000c5400000|  0%| F|  |TAMS 0x00000000c5300000| PB 0x00000000c5300000| Untracked |  0
|   38|0x00000000c5400000, 0x00000000c5400000, 0x00000000c5500000|  0%| F|  |TAMS 0x00000000c5400000| PB 0x00000000c5400000| Untracked |  0
|   39|0x00000000c5500000, 0x00000000c5500000, 0x00000000c5600000|  0%| F|  |TAMS 0x00000000c5500000| PB 0x00000000c5500000| Untracked |  0
|   40|0x00000000c5600000, 0x00000000c5600000, 0x00000000c5700000|  0%| F|  |TAMS 0x00000000c5600000| PB 0x00000000c5600000| Untracked |  0
|  974|0x00000000ffc00000, 0x00000000ffd00000, 0x00000000ffd00000|100%| O|  |TAMS 0x00000000ffc00000| PB 0x00000000ffc00000| Untracked |  0
|  975|0x00000000ffd00000, 0x00000000ffd99c98, 0x00000000ffe00000| 60%| S|CS|TAMS 0x00000000ffd00000| PB 0x00000000ffd00000| Complete  |  0
|  976|0x00000000ffe00000, 0x00000000fff00000, 0x00000000fff00000|100%| O|  |TAMS 0x00000000ffe00000| PB 0x00000000ffe00000| Untracked |  0
|  977|0x00000000fff00000, 0x00000000fffaf5c8, 0x0000000100000000| 68%| E|CS|TAMS 0x00000000fff00000| PB 0x00000000fff00000| Complete  |  0

Card table byte_map: [0x000002027ce80000,0x000002027d070000] _byte_map_base: 0x000002027c869000
Refinement table byte_map: [0x0000020264f90000,0x0000020265180000] _byte_map_base: 0x0000020264979000

Marking Bits: (CMBitMap*) 0x000002026520ba80
 Bits: [0x000002027d070000, 0x000002027dfb8000)

Polling page: 0x0000020263290000

Metaspace:
Metaspace        used 24406K, committed 24704K, reserved 1114112K
 class space     used 3007K, committed 3136K, reserved 1048576K

Usage:
  Non-class:     20.90 MB used.
      Class:      2.94 MB used.
       Both:     23.83 MB used.

Virtual space:
  Non-class space:       64.00 MB reserved,      21.06 MB ( 33%) committed,  1 nodes.
      Class space:        1.00 GB reserved,       3.06 MB ( <1%) committed,  1 nodes.
             Both:        1.06 GB reserved,      24.12 MB (  2%) committed. 

Chunk freelists:
   Non-Class:  10.84 MB
       Class:  12.84 MB
        Both:  23.69 MB

MaxMetaspaceSize: unlimited
CompressedClassSpaceSize: 1.00 GB
Initial GC threshold: 21.00 MB
Current GC threshold: 37.31 MB
CDS: on
 - commit_granule_bytes: 65536.
 - commit_granule_words: 8192.
 - virtual_space_node_default_size: 8388608.
 - enlarge_chunks_in_place: 1.
UseCompressedClassPointers 1, UseCompactObjectHeaders 0
Narrow klass pointer bits 32, Max shift 3
Narrow klass base: 0x0000000034000000, Narrow klass shift: 0
Encoding Range: [0x0000000034000000 - 0x0000000134000000), (4294967296 bytes)
Klass Range:    [0x0000000034000000 - 0x0000000075000000), (1090519040 bytes)
Klass ID Range:  [8 - 1090519033) (1090519025)
Protection zone: [0x0000000034000000 - 0x0000000034010000), (65536 bytes)


Internal statistics:

num_allocs_failed_limit: 0.
num_arena_births: 198.
num_arena_deaths: 20.
num_vsnodes_births: 2.
num_vsnodes_deaths: 0.
num_space_committed: 386.
num_space_uncommitted: 0.
num_chunks_returned_to_freelist: 20.
num_chunks_taken_from_freelist: 1093.
num_chunk_merges: 5.
num_chunk_splits: 762.
num_chunks_enlarged: 609.
num_inconsistent_stats: 0.

CodeHeap 'non-profiled nmethods': size=120064Kb used=1126Kb max_used=1137Kb free=118937Kb
 bounds [0x0000020275940000, 0x0000020275bb0000, 0x000002027ce80000]
CodeHeap 'profiled nmethods': size=120064Kb used=4936Kb max_used=5159Kb free=115127Kb
 bounds [0x000002026de70000, 0x000002026e380000, 0x00000202753b0000]
CodeHeap 'non-nmethods': size=5696Kb used=1436Kb max_used=1529Kb free=4259Kb
 bounds [0x00000202753b0000, 0x0000020275620000, 0x0000020275940000]
CodeCache: size=245824Kb, used=7498Kb, max_used=7825Kb, free=238323Kb
 total_blobs=3652, nmethods=3103, adapters=452, full_count=0
Compilation: enabled, stopped_count=0, restarted_count=0

Compilation events (20 events):
Event: 24807.583 Thread 0x0000020200374ec0 nmethod 4455 0x000002026e0cd308 code [0x000002026e0cd400, 0x000002026e0cd528]
Event: 24807.587 Thread 0x0000020200374ec0 4456       3       com.sun.tools.javac.util.IntHashTable::put (99 bytes)
Event: 24807.587 Thread 0x0000020200374ec0 nmethod 4456 0x000002026df93588 code [0x000002026df93680, 0x000002026df93b18]
Event: 24807.588 Thread 0x0000020200374ec0 4457       3       com.sun.tools.javac.parser.Scanner::token (30 bytes)
Event: 24807.589 Thread 0x0000020200374ec0 nmethod 4457 0x000002026e229788 code [0x000002026e229880, 0x000002026e229bc0]
Event: 24807.706 Thread 0x0000020200374ec0 4458   !   3       com.sun.tools.javac.util.Utf8NameTable$NameImpl::toString (31 bytes)
Event: 24807.706 Thread 0x0000020200374ec0 nmethod 4458 0x000002026e01eb88 code [0x000002026e01ec80, 0x000002026e01efe8]
Event: 24807.727 Thread 0x0000020200374ec0 4459       3       com.sun.tools.javac.parser.JavacParser::isMode (15 bytes)
Event: 24807.727 Thread 0x0000020200374ec0 nmethod 4459 0x000002026e191688 code [0x000002026e191780, 0x000002026e1918c8]
Event: 24807.739 Thread 0x0000020200374ec0 4460       3       java.lang.StringBuilder::setLength (6 bytes)
Event: 24807.739 Thread 0x0000020200374ec0 nmethod 4460 0x000002026e19a508 code [0x000002026e19a600, 0x000002026e19a730]
Event: 24807.751 Thread 0x0000020200374ec0 4461       3       java.lang.AbstractStringBuilder::setLength (76 bytes)
Event: 24807.759 Thread 0x0000020200368430 4469       4       com.sun.tools.javac.util.List::nil (4 bytes)
Event: 24807.760 Thread 0x0000020200368430 nmethod 4469 0x0000020275975008 code [0x0000020275975100, 0x0000020275975160]
Event: 24807.777 Thread 0x0000020200374ec0 nmethod 4461 0x000002026e045088 code [0x000002026e045180, 0x000002026e045660]
Event: 24807.777 Thread 0x0000020200374ec0 4465   !   3       com.sun.tools.javac.parser.JavaTokenizer::readToken (1826 bytes)
Event: 24808.829 Thread 0x0000020200368430 4472       4       com.sun.tools.javac.parser.UnicodeReader::nextUnicodeInputCharacter (163 bytes)
Event: 24808.830 Thread 0x0000020200368430 nmethod 4472 0x0000020275974d08 code [0x0000020275974e00, 0x0000020275974f08]
Event: 24808.831 Thread 0x0000020200368430 4473       4       com.sun.tools.javac.parser.UnicodeReader::nextCodePoint (104 bytes)
Event: 24808.834 Thread 0x0000020200368430 nmethod 4473 0x0000020275a1f688 code [0x0000020275a1f780, 0x0000020275a1f9c0]

GC Heap Usage History (20 events):
Event: 24620.800 {heap Before GC invocations=34 (full 0):
 garbage-first heap   total reserved 1001472K, committed 15360K, used 10212K [0x00000000c2e00000, 0x0000000100000000)
  region size 1M, 1 eden (1M), 1 survivor (1M), 9 old (9M), 0 humongous (0M), 4 free (4M)
}
Event: 24620.803 {heap After GC invocations=35 (full 0):
 garbage-first heap   total reserved 1001472K, committed 15360K, used 9375K [0x00000000c2e00000, 0x0000000100000000)
  region size 1M, 0 eden (0M), 1 survivor (1M), 9 old (9M), 0 humongous (0M), 5 free (5M)
}
Event: 24622.043 {heap Before GC invocations=35 (full 0):
 garbage-first heap   total reserved 1001472K, committed 15360K, used 10399K [0x00000000c2e00000, 0x0000000100000000)
  region size 1M, 1 eden (1M), 1 survivor (1M), 9 old (9M), 0 humongous (0M), 4 free (4M)
}
Event: 24622.055 {heap After GC invocations=36 (full 0):
 garbage-first heap   total reserved 1001472K, committed 15360K, used 8983K [0x00000000c2e00000, 0x0000000100000000)
  region size 1M, 0 eden (0M), 1 survivor (1M), 9 old (9M), 0 humongous (0M), 5 free (5M)
}
Event: 24626.726 {heap Before GC invocations=36 (full 0):
 garbage-first heap   total reserved 1001472K, committed 15360K, used 11031K [0x00000000c2e00000, 0x0000000100000000)
  region size 1M, 3 eden (3M), 1 survivor (1M), 9 old (9M), 0 humongous (0M), 2 free (2M)
}
Event: 24626.732 {heap After GC invocations=37 (full 0):
 garbage-first heap   total reserved 1001472K, committed 46080K, used 9084K [0x00000000c2e00000, 0x0000000100000000)
  region size 1M, 0 eden (0M), 1 survivor (1M), 9 old (9M), 0 humongous (0M), 35 free (35M)
}
Event: 24641.205 {heap Before GC invocations=38 (full 0):
 garbage-first heap   total reserved 1001472K, committed 46080K, used 15228K [0x00000000c2e00000, 0x0000000100000000)
  region size 1M, 6 eden (6M), 1 survivor (1M), 9 old (9M), 0 humongous (0M), 29 free (29M)
}
Event: 24641.284 {heap After GC invocations=39 (full 0):
 garbage-first heap   total reserved 1001472K, committed 46080K, used 10036K [0x00000000c2e00000, 0x0000000100000000)
  region size 1M, 0 eden (0M), 1 survivor (1M), 9 old (9M), 0 humongous (0M), 35 free (35M)
}
Event: 24642.079 {heap Before GC invocations=39 (full 0):
 garbage-first heap   total reserved 1001472K, committed 46080K, used 11060K [0x00000000c2e00000, 0x0000000100000000)
  region size 1M, 1 eden (1M), 1 survivor (1M), 9 old (9M), 0 humongous (0M), 34 free (34M)
}
Event: 24642.157 {heap After GC invocations=40 (full 0):
 garbage-first heap   total reserved 1001472K, committed 46080K, used 10180K [0x00000000c2e00000, 0x0000000100000000)
  region size 1M, 0 eden (0M), 1 survivor (1M), 10 old (10M), 0 humongous (0M), 34 free (34M)
}
Event: 24687.557 {heap Before GC invocations=40 (full 0):
 garbage-first heap   total reserved 1001472K, committed 46080K, used 21444K [0x00000000c2e00000, 0x0000000100000000)
  region size 1M, 13 eden (13M), 1 survivor (1M), 10 old (10M), 0 humongous (0M), 21 free (21M)
}
Event: 24687.782 {heap After GC invocations=41 (full 0):
 garbage-first heap   total reserved 1001472K, committed 46080K, used 11089K [0x00000000c2e00000, 0x0000000100000000)
  region size 1M, 0 eden (0M), 2 survivor (2M), 10 old (10M), 0 humongous (0M), 33 free (33M)
}
Event: 24699.105 {heap Before GC invocations=42 (full 0):
 garbage-first heap   total reserved 1001472K, committed 46080K, used 26449K [0x00000000c2e00000, 0x0000000100000000)
  region size 1M, 9 eden (9M), 2 survivor (2M), 10 old (10M), 6 humongous (6M), 18 free (18M)
}
Event: 24699.287 {heap After GC invocations=43 (full 0):
 garbage-first heap   total reserved 1001472K, committed 46080K, used 20763K [0x00000000c2e00000, 0x0000000100000000)
  region size 1M, 0 eden (0M), 2 survivor (2M), 13 old (13M), 6 humongous (6M), 24 free (24M)
}
Event: 24699.702 {heap Before GC invocations=43 (full 0):
 garbage-first heap   total reserved 1001472K, committed 46080K, used 20763K [0x00000000c2e00000, 0x0000000100000000)
  region size 1M, 1 eden (1M), 2 survivor (2M), 13 old (13M), 6 humongous (6M), 23 free (23M)
}
Event: 24699.737 {heap After GC invocations=44 (full 0):
 garbage-first heap   total reserved 1001472K, committed 46080K, used 21162K [0x00000000c2e00000, 0x0000000100000000)
  region size 1M, 0 eden (0M), 1 survivor (1M), 15 old (15M), 6 humongous (6M), 23 free (23M)
}
Event: 24768.081 {heap Before GC invocations=44 (full 0):
 garbage-first heap   total reserved 1001472K, committed 46080K, used 24234K [0x00000000c2e00000, 0x0000000100000000)
  region size 1M, 3 eden (3M), 1 survivor (1M), 15 old (15M), 6 humongous (6M), 20 free (20M)
}
Event: 24768.430 {heap After GC invocations=45 (full 0):
 garbage-first heap   total reserved 1001472K, committed 46080K, used 22329K [0x00000000c2e00000, 0x0000000100000000)
  region size 1M, 0 eden (0M), 1 survivor (1M), 15 old (15M), 6 humongous (6M), 23 free (23M)
}
Event: 24796.760 {heap Before GC invocations=46 (full 0):
 garbage-first heap   total reserved 1001472K, committed 46080K, used 21305K [0x00000000c2e00000, 0x0000000100000000)
  region size 1M, 2 eden (2M), 1 survivor (1M), 15 old (15M), 3 humongous (3M), 24 free (24M)
}
Event: 24797.018 {heap After GC invocations=47 (full 0):
 garbage-first heap   total reserved 1001472K, committed 46080K, used 19727K [0x00000000c2e00000, 0x0000000100000000)
  region size 1M, 0 eden (0M), 1 survivor (1M), 16 old (16M), 3 humongous (3M), 25 free (25M)
}

Metaspace Usage History (20 events):
Event: 24620.800 {metaspace Before GC invocations=34 (full 0):
 Metaspace       used 15258K, committed 15488K, reserved 1114112K
  class space    used 1896K, committed 1984K, reserved 1048576K
}
Event: 24620.803 {metaspace After GC invocations=35 (full 0):
 Metaspace       used 15258K, committed 15488K, reserved 1114112K
  class space    used 1896K, committed 1984K, reserved 1048576K
}
Event: 24622.050 {metaspace Before GC invocations=35 (full 0):
 Metaspace       used 15270K, committed 15488K, reserved 1114112K
  class space    used 1896K, committed 1984K, reserved 1048576K
}
Event: 24622.055 {metaspace After GC invocations=36 (full 0):
 Metaspace       used 15270K, committed 15488K, reserved 1114112K
  class space    used 1896K, committed 1984K, reserved 1048576K
}
Event: 24626.726 {metaspace Before GC invocations=36 (full 0):
 Metaspace       used 15439K, committed 15680K, reserved 1114112K
  class space    used 1918K, committed 2048K, reserved 1048576K
}
Event: 24626.732 {metaspace After GC invocations=37 (full 0):
 Metaspace       used 15439K, committed 15680K, reserved 1114112K
  class space    used 1918K, committed 2048K, reserved 1048576K
}
Event: 24641.205 {metaspace Before GC invocations=38 (full 0):
 Metaspace       used 16182K, committed 16512K, reserved 1114112K
  class space    used 2007K, committed 2176K, reserved 1048576K
}
Event: 24641.284 {metaspace After GC invocations=39 (full 0):
 Metaspace       used 16182K, committed 16512K, reserved 1114112K
  class space    used 2007K, committed 2176K, reserved 1048576K
}
Event: 24642.079 {metaspace Before GC invocations=39 (full 0):
 Metaspace       used 16200K, committed 16512K, reserved 1114112K
  class space    used 2008K, committed 2176K, reserved 1048576K
}
Event: 24642.157 {metaspace After GC invocations=40 (full 0):
 Metaspace       used 16200K, committed 16512K, reserved 1114112K
  class space    used 2008K, committed 2176K, reserved 1048576K
}
Event: 24687.557 {metaspace Before GC invocations=40 (full 0):
 Metaspace       used 18793K, committed 19072K, reserved 1114112K
  class space    used 2319K, committed 2432K, reserved 1048576K
}
Event: 24687.782 {metaspace After GC invocations=41 (full 0):
 Metaspace       used 18793K, committed 19072K, reserved 1114112K
  class space    used 2319K, committed 2432K, reserved 1048576K
}
Event: 24699.105 {metaspace Before GC invocations=42 (full 0):
 Metaspace       used 18908K, committed 19136K, reserved 1114112K
  class space    used 2333K, committed 2432K, reserved 1048576K
}
Event: 24699.287 {metaspace After GC invocations=43 (full 0):
 Metaspace       used 18908K, committed 19136K, reserved 1114112K
  class space    used 2333K, committed 2432K, reserved 1048576K
}
Event: 24699.708 {metaspace Before GC invocations=43 (full 0):
 Metaspace       used 18908K, committed 19136K, reserved 1114112K
  class space    used 2333K, committed 2432K, reserved 1048576K
}
Event: 24699.737 {metaspace After GC invocations=44 (full 0):
 Metaspace       used 18908K, committed 19136K, reserved 1114112K
  class space    used 2333K, committed 2432K, reserved 1048576K
}
Event: 24768.081 {metaspace Before GC invocations=44 (full 0):
 Metaspace       used 22593K, committed 22912K, reserved 1114112K
  class space    used 2801K, committed 2944K, reserved 1048576K
}
Event: 24768.430 {metaspace After GC invocations=45 (full 0):
 Metaspace       used 22593K, committed 22912K, reserved 1114112K
  class space    used 2801K, committed 2944K, reserved 1048576K
}
Event: 24796.760 {metaspace Before GC invocations=46 (full 0):
 Metaspace       used 23616K, committed 23936K, reserved 1114112K
  class space    used 2940K, committed 3072K, reserved 1048576K
}
Event: 24797.018 {metaspace After GC invocations=47 (full 0):
 Metaspace       used 23616K, committed 23936K, reserved 1114112K
  class space    used 2940K, committed 3072K, reserved 1048576K
}

Dll operation events (14 events):
Event: 0.026 Attempting to load shared library C:\Program Files\Java\jdk-26.0.1\bin\java.dll
Event: 0.031 Loaded shared library C:\Program Files\Java\jdk-26.0.1\bin\java.dll
Event: 0.157 Attempting to load shared library C:\Program Files\Java\jdk-26.0.1\bin\net.dll
Event: 0.161 Loaded shared library C:\Program Files\Java\jdk-26.0.1\bin\net.dll
Event: 0.168 Attempting to load shared library C:\Program Files\Java\jdk-26.0.1\bin\nio.dll
Event: 0.170 Loaded shared library C:\Program Files\Java\jdk-26.0.1\bin\nio.dll
Event: 0.181 Attempting to load shared library C:\Program Files\Java\jdk-26.0.1\bin\zip.dll
Event: 0.185 Loaded shared library C:\Program Files\Java\jdk-26.0.1\bin\zip.dll
Event: 1.005 Attempting to load shared library C:\Program Files\Java\jdk-26.0.1\bin\jimage.dll
Event: 1.005 Loaded shared library C:\Program Files\Java\jdk-26.0.1\bin\jimage.dll
Event: 1.063 Attempting to load shared library C:\Users\gondi\OneDrive\Documentos\Modelos Personalizados do Office\netbeans\java\maven\lib\jansi-native\Windows\x86_64\jansi.dll
Event: 1.066 Loaded shared library C:\Users\gondi\OneDrive\Documentos\Modelos Personalizados do Office\netbeans\java\maven\lib\jansi-native\Windows\x86_64\jansi.dll
Event: 1.267 Attempting to load shared library C:\Program Files\Java\jdk-26.0.1\bin\verify.dll
Event: 1.269 Loaded shared library C:\Program Files\Java\jdk-26.0.1\bin\verify.dll

Deoptimization events (20 events):
Event: 24699.851 Thread 0x00000202651e0df0 DEOPT PACKING pc=0x000002027595635c sp=0x0000000f84bfdc00
Event: 24699.851 Thread 0x00000202651e0df0 DEOPT UNPACKING pc=0x000002027543fdfc sp=0x0000000f84bfdaf0 mode 2
Event: 24774.153 Thread 0x00000202651e0df0 DEOPT PACKING pc=0x000002026e07f054 sp=0x0000000f84bfc320
Event: 24774.178 Thread 0x00000202651e0df0 DEOPT UNPACKING pc=0x0000020275401363 sp=0x0000000f84bfb818 mode 0
Event: 24801.234 Thread 0x00000202651e0df0 Uncommon trap: trap_request=0xffffffde fr.pc=0x000002027596fca4 relative=0x00000000000007a4
Event: 24801.234 Thread 0x00000202651e0df0 Uncommon trap: reason=class_check action=maybe_recompile pc=0x000002027596fca4 method=jdk.internal.loader.URLClassPath.getLoader(I)Ljdk/internal/loader/URLClassPath$Loader; @ 91 c2
Event: 24801.234 Thread 0x00000202651e0df0 DEOPT PACKING pc=0x000002027596fca4 sp=0x0000000f84bfdd20
Event: 24801.293 Thread 0x00000202651e0df0 DEOPT UNPACKING pc=0x000002027543fdfc sp=0x0000000f84bfdce8 mode 2
Event: 24801.369 Thread 0x00000202651e0df0 Uncommon trap: trap_request=0xffffffde fr.pc=0x000002027596fca4 relative=0x00000000000007a4
Event: 24801.369 Thread 0x00000202651e0df0 Uncommon trap: reason=class_check action=maybe_recompile pc=0x000002027596fca4 method=jdk.internal.loader.URLClassPath.getLoader(I)Ljdk/internal/loader/URLClassPath$Loader; @ 91 c2
Event: 24801.369 Thread 0x00000202651e0df0 DEOPT PACKING pc=0x000002027596fca4 sp=0x0000000f84bfdd20
Event: 24801.369 Thread 0x00000202651e0df0 DEOPT UNPACKING pc=0x000002027543fdfc sp=0x0000000f84bfdce8 mode 2
Event: 24805.766 Thread 0x00000202651e0df0 Uncommon trap: trap_request=0xffffff45 fr.pc=0x00000202759c1b80 relative=0x0000000000000100
Event: 24805.788 Thread 0x00000202651e0df0 Uncommon trap: reason=unstable_if action=reinterpret pc=0x00000202759c1b80 method=java.lang.CharacterDataLatin1.digit(II)I @ 12 c2
Event: 24805.788 Thread 0x00000202651e0df0 DEOPT PACKING pc=0x00000202759c1b80 sp=0x0000000f84bfdaa0
Event: 24805.788 Thread 0x00000202651e0df0 DEOPT UNPACKING pc=0x000002027543fdfc sp=0x0000000f84bfd958 mode 2
Event: 24805.815 Thread 0x00000202651e0df0 Uncommon trap: trap_request=0xffffff45 fr.pc=0x00000202759cf6b0 relative=0x00000000000000b0
Event: 24805.815 Thread 0x00000202651e0df0 Uncommon trap: reason=unstable_if action=reinterpret pc=0x00000202759cf6b0 method=java.lang.CharacterDataLatin1.digit(II)I @ 12 c2
Event: 24805.815 Thread 0x00000202651e0df0 DEOPT PACKING pc=0x00000202759cf6b0 sp=0x0000000f84bfd9c0
Event: 24805.815 Thread 0x00000202651e0df0 DEOPT UNPACKING pc=0x000002027543fdfc sp=0x0000000f84bfd950 mode 2

Classes loaded (20 events):
Event: 24773.637 Loading class jdk/internal/classfile/impl/ClassFileImpl$ClassHierarchyResolverOptionImpl
Event: 24773.668 Loading class jdk/internal/classfile/impl/ClassFileImpl$ClassHierarchyResolverOptionImpl done
Event: 24782.736 Loading class jdk/internal/jrtfs/JrtFileSystem
Event: 24783.649 Loading class jdk/internal/jrtfs/JrtFileSystem done
Event: 24783.746 Loading class jdk/internal/jrtfs/JrtPath
Event: 24784.291 Loading class jdk/internal/jrtfs/JrtPath done
Event: 24784.517 Loading class jdk/internal/jrtfs/SystemImage
Event: 24784.640 Loading class jdk/internal/jrtfs/SystemImage done
Event: 24786.282 Loading class java/lang/Class$Holder
Event: 24786.606 Loading class java/lang/Class$Holder done
Event: 24786.841 Loading class java/security/AllPermissionCollection
Event: 24787.001 Loading class java/security/AllPermissionCollection done
Event: 24787.002 Loading class java/security/UnresolvedPermission
Event: 24787.257 Loading class java/security/UnresolvedPermission done
Event: 24787.713 Loading class jdk/internal/jrtfs/SystemImage$2
Event: 24787.908 Loading class jdk/internal/jrtfs/SystemImage$2 done
Event: 24788.046 Loading class jdk/internal/jrtfs/SystemImage$1
Event: 24788.046 Loading class jdk/internal/jrtfs/SystemImage$1 done
Event: 24801.526 Loading class java/lang/UnsupportedClassVersionError
Event: 24801.706 Loading class java/lang/UnsupportedClassVersionError done

Classes unloaded (10 events):
Event: 24603.471 Thread 0x00000202003448c0 Unloading class 0x000000003519c000 'java/lang/invoke/LambdaForm$DMH+0x000000003519c000'
Event: 24603.477 Thread 0x00000202003448c0 Unloading class 0x0000000035049c00 'java/lang/invoke/LambdaForm$MH+0x0000000035049c00'
Event: 24603.489 Thread 0x00000202003448c0 Unloading class 0x0000000035048c00 'java/lang/invoke/LambdaForm$MH+0x0000000035048c00'
Event: 24603.489 Thread 0x00000202003448c0 Unloading class 0x0000000035048800 'java/lang/invoke/LambdaForm$MH+0x0000000035048800'
Event: 24603.489 Thread 0x00000202003448c0 Unloading class 0x0000000035048000 'java/lang/invoke/LambdaForm$MH+0x0000000035048000'
Event: 24619.135 Thread 0x00000202003448c0 Unloading class 0x0000000035201400 'java/lang/invoke/LambdaForm$MH+0x0000000035201400'
Event: 24619.135 Thread 0x00000202003448c0 Unloading class 0x0000000035201000 'java/lang/invoke/LambdaForm$MH+0x0000000035201000'
Event: 24619.135 Thread 0x00000202003448c0 Unloading class 0x0000000035200c00 'java/lang/invoke/LambdaForm$BMH+0x0000000035200c00'
Event: 24619.139 Thread 0x00000202003448c0 Unloading class 0x00000000351bd400 'java/lang/invoke/LambdaForm$MH+0x00000000351bd400'
Event: 24619.139 Thread 0x00000202003448c0 Unloading class 0x00000000351bd000 'java/lang/invoke/LambdaForm$MH+0x00000000351bd000'

Classes redefined (0 events):
No events

Internal exceptions (20 events):
Event: 24662.040 Thread 0x00000202651e0df0 Exception <a 'java/io/IOException'{0x00000000c4ec2180}> (0x00000000c4ec2180) 
thrown [s\open\src\hotspot\share\prims\jni.cpp, line 514]
Event: 24662.040 Thread 0x00000202651e0df0 Exception <a 'java/io/IOException'{0x00000000c4ec2750}> (0x00000000c4ec2750) 
thrown [s\open\src\hotspot\share\prims\jni.cpp, line 514]
Event: 24662.040 Thread 0x00000202651e0df0 Exception <a 'java/io/IOException'{0x00000000c4ec2d20}> (0x00000000c4ec2d20) 
thrown [s\open\src\hotspot\share\prims\jni.cpp, line 514]
Event: 24663.263 Thread 0x00000202651e0df0 Exception <a 'java/lang/IncompatibleClassChangeError'{0x00000000c4ed43a8}: Found class java.lang.Object, but interface was expected> (0x00000000c4ed43a8) 
thrown [s\open\src\hotspot\share\interpreter\linkResolver.cpp, line 871]
Event: 24663.493 Thread 0x00000202651e0df0 Exception <a 'java/lang/NoSuchMethodError'{0x00000000c4edfb78}: 'void java.lang.invoke.DirectMethodHandle$Holder.invokeInterface(java.lang.Object, java.lang.Object, java.lang.Object)'> (0x00000000c4edfb78) 
thrown [s\open\src\hotspot\share\interpreter\linkResolver.cpp, line 804]
Event: 24664.219 Thread 0x00000202651e0df0 Exception <a 'sun/nio/fs/WindowsException'{0x00000000c4ef33b0}> (0x00000000c4ef33b0) 
thrown [s\open\src\hotspot\share\prims\jni.cpp, line 514]
Event: 24665.742 Thread 0x00000202651e0df0 Exception <a 'java/io/IOException'{0x00000000c4d4b308}> (0x00000000c4d4b308) 
thrown [s\open\src\hotspot\share\prims\jni.cpp, line 514]
Event: 24665.742 Thread 0x00000202651e0df0 Exception <a 'java/io/IOException'{0x00000000c4d4b910}> (0x00000000c4d4b910) 
thrown [s\open\src\hotspot\share\prims\jni.cpp, line 514]
Event: 24665.742 Thread 0x00000202651e0df0 Exception <a 'java/io/IOException'{0x00000000c4d4bee0}> (0x00000000c4d4bee0) 
thrown [s\open\src\hotspot\share\prims\jni.cpp, line 514]
Event: 24665.742 Thread 0x00000202651e0df0 Exception <a 'java/io/IOException'{0x00000000c4d4c4b0}> (0x00000000c4d4c4b0) 
thrown [s\open\src\hotspot\share\prims\jni.cpp, line 514]
Event: 24682.800 Thread 0x00000202651e0df0 Exception <a 'java/lang/NoSuchMethodError'{0x00000000c4ca0680}: 'int java.lang.invoke.DirectMethodHandle$Holder.invokeInterface(java.lang.Object, java.lang.Object)'> (0x00000000c4ca0680) 
thrown [s\open\src\hotspot\share\interpreter\linkResolver.cpp, line 804]
Event: 24684.090 Thread 0x00000202651e0df0 Exception <a 'java/lang/NoSuchMethodError'{0x00000000c4cfa020}: 'int java.lang.invoke.DirectMethodHandle$Holder.invokeVirtual(java.lang.Object, java.lang.Object, java.lang.Object)'> (0x00000000c4cfa020) 
thrown [s\open\src\hotspot\share\interpreter\linkResolver.cpp, line 804]
Event: 24709.605 Thread 0x00000202651e0df0 Exception <a 'sun/nio/fs/WindowsException'{0x00000000c56042d8}> (0x00000000c56042d8) 
thrown [s\open\src\hotspot\share\prims\jni.cpp, line 514]
Event: 24728.373 Thread 0x00000202651e0df0 Exception <a 'java/lang/NoSuchMethodError'{0x00000000c555d070}: 'java.lang.Object java.lang.invoke.DirectMethodHandle$Holder.newInvokeSpecial(java.lang.Object, java.lang.Object, int)'> (0x00000000c555d070) 
thrown [s\open\src\hotspot\share\interpreter\linkResolver.cpp, line 804]
Event: 24771.399 Thread 0x00000202651e0df0 Exception <a 'java/lang/NoSuchMethodError'{0x00000000fff75eb8}: 'java.lang.Object java.lang.invoke.DirectMethodHandle$Holder.newInvokeSpecial(java.lang.Object, java.lang.Object, java.lang.Object, java.lang.Object, java.lang.Object, java.lang.Object)'> (0x00000000fff75eb8) 
thrown [s\open\src\hotspot\share\interpreter\linkResolver.cpp, line 804]
Event: 24772.293 Thread 0x00000202651e0df0 Exception <a 'java/lang/NoSuchMethodError'{0x00000000fffa80b0}: 'java.lang.Object java.lang.invoke.DirectMethodHandle$Holder.newInvokeSpecial(java.lang.Object, java.lang.Object, java.lang.Object, int)'> (0x00000000fffa80b0) 
thrown [s\open\src\hotspot\share\interpreter\linkResolver.cpp, line 804]
Event: 24772.364 Thread 0x00000202651e0df0 Exception <a 'java/lang/NoSuchMethodError'{0x00000000fffb0d48}: 'java.lang.Object java.lang.invoke.Invokers$Holder.linkToTargetMethod(java.lang.Object, java.lang.Object, int, java.lang.Object)'> (0x00000000fffb0d48) 
thrown [s\open\src\hotspot\share\interpreter\linkResolver.cpp, line 804]
Event: 24773.841 Thread 0x00000202651e0df0 Exception <a 'java/lang/NoSuchMethodError'{0x00000000ffd112b8}: 'java.lang.Object java.lang.invoke.Invokers$Holder.linkToTargetMethod(int, java.lang.Object, java.lang.Object, java.lang.Object, java.lang.Object)'> (0x00000000ffd112b8) 
thrown [s\open\src\hotspot\share\interpreter\linkResolver.cpp, line 804]
Event: 24773.914 Thread 0x00000202651e0df0 Exception <a 'java/lang/NoSuchMethodError'{0x00000000ffd32bb0}: 'java.lang.Object java.lang.invoke.DirectMethodHandle$Holder.newInvokeSpecial(java.lang.Object, int, java.lang.Object)'> (0x00000000ffd32bb0) 
thrown [s\open\src\hotspot\share\interpreter\linkResolver.cpp, line 804]
Event: 24781.553 Thread 0x00000202651e0df0 Exception <a 'sun/nio/fs/WindowsException'{0x00000000ffdbddd8}> (0x00000000ffdbddd8) 
thrown [s\open\src\hotspot\share\prims\jni.cpp, line 514]

VM Operations (20 events):
Event: 24719.558 Executing non-safepoint VM operation: G1RendezvousGCThreads
Event: 24719.558 Executing non-safepoint VM operation: G1RendezvousGCThreads done
Event: 24719.841 Executing non-safepoint VM operation: HandshakeAllThreads (DeflationHandshakeClosure)
Event: 24719.845 Executing non-safepoint VM operation: HandshakeAllThreads (DeflationHandshakeClosure) done
Event: 24719.847 Executing non-safepoint VM operation: RendezvousGCThreads
Event: 24719.847 Executing non-safepoint VM operation: RendezvousGCThreads done
Event: 24749.797 Executing non-safepoint VM operation: HandshakeAllThreads (G1 Java Thread CT swap)
Event: 24749.849 Executing non-safepoint VM operation: HandshakeAllThreads (G1 Java Thread CT swap) done
Event: 24749.849 Executing non-safepoint VM operation: G1RendezvousGCThreads
Event: 24749.849 Executing non-safepoint VM operation: G1RendezvousGCThreads done
Event: 24768.033 Executing safepoint VM operation: G1CollectForAllocation (G1 Evacuation Pause)
Event: 24768.430 Executing safepoint VM operation: G1CollectForAllocation (G1 Evacuation Pause) done
Event: 24768.898 Executing safepoint VM operation: G1PauseRemark
Event: 24770.662 Executing safepoint VM operation: G1PauseRemark done
Event: 24770.724 Executing safepoint VM operation: G1PauseCleanup
Event: 24770.732 Executing safepoint VM operation: G1PauseCleanup done
Event: 24774.150 Executing non-safepoint VM operation: HandshakeAllThreads (Deoptimize)
Event: 24774.150 Executing non-safepoint VM operation: HandshakeAllThreads (Deoptimize) done
Event: 24796.707 Executing safepoint VM operation: G1CollectForAllocation (G1 Evacuation Pause)
Event: 24797.018 Executing safepoint VM operation: G1CollectForAllocation (G1 Evacuation Pause) done

Memory protections (0 events):
No events

Nmethod flushes (20 events):
Event: 24770.517 Thread 0x00000202003448c0 flushing  nmethod 0x000002026e0f6388
Event: 24770.517 Thread 0x00000202003448c0 flushing  nmethod 0x000002026e10b888
Event: 24770.517 Thread 0x00000202003448c0 flushing  nmethod 0x000002026e123d88
Event: 24770.517 Thread 0x00000202003448c0 flushing  nmethod 0x000002026e15fc08
Event: 24770.517 Thread 0x00000202003448c0 flushing  nmethod 0x000002026e160d08
Event: 24770.517 Thread 0x00000202003448c0 flushing  nmethod 0x000002026e1d4788
Event: 24770.517 Thread 0x00000202003448c0 flushing  nmethod 0x000002026e1e0008
Event: 24770.517 Thread 0x00000202003448c0 flushing  nmethod 0x000002026e1f3f88
Event: 24770.517 Thread 0x00000202003448c0 flushing  nmethod 0x000002026e26e788
Event: 24770.517 Thread 0x00000202003448c0 flushing  nmethod 0x000002026e27d008
Event: 24770.517 Thread 0x00000202003448c0 flushing  nmethod 0x000002026e281388
Event: 24770.517 Thread 0x00000202003448c0 flushing  nmethod 0x000002026e289e88
Event: 24770.517 Thread 0x00000202003448c0 flushing  nmethod 0x000002026e298708
Event: 24770.517 Thread 0x00000202003448c0 flushing  nmethod 0x000002026e298a08
Event: 24770.517 Thread 0x00000202003448c0 flushing  nmethod 0x000002026e29a208
Event: 24770.517 Thread 0x00000202003448c0 flushing  nmethod 0x000002026e2def88
Event: 24770.517 Thread 0x00000202003448c0 flushing  nmethod 0x000002026e2e3408
Event: 24770.517 Thread 0x00000202003448c0 flushing  nmethod 0x000002026e2fcc88
Event: 24770.517 Thread 0x00000202003448c0 flushing  nmethod 0x000002026e301808
Event: 24770.517 Thread 0x00000202003448c0 flushing  nmethod 0x000002026e301e08

Events (13 events):
Event: 0.071 Thread 0x00000202651e0df0 Thread added: 0x00000202651e0df0
Event: 0.100 Thread 0x00000202651e0df0 Thread added: 0x0000020200355620
Event: 0.101 Thread 0x00000202651e0df0 Thread added: 0x000002020035a580
Event: 0.104 Thread 0x00000202651e0df0 Thread added: 0x000002020035e9b0
Event: 0.104 Thread 0x00000202651e0df0 Thread added: 0x000002020035f560
Event: 0.106 Thread 0x00000202651e0df0 Thread added: 0x0000020200362980
Event: 0.106 Thread 0x00000202651e0df0 Thread added: 0x0000020200363530
Event: 0.106 Thread 0x00000202651e0df0 Thread added: 0x0000020200368430
Event: 0.109 Thread 0x00000202651e0df0 Thread added: 0x0000020200374ec0
Event: 0.146 Thread 0x00000202651e0df0 Thread added: 0x00000202004a4d10
Event: 0.152 Thread 0x00000202651e0df0 Thread added: 0x00000202004a9ac0
Event: 0.990 Thread 0x00000202651e0df0 Thread added: 0x000002020074a4c0
Event: 1.643 Thread 0x000002020074a4c0 Thread exited: 0x000002020074a4c0


Dynamic libraries:
0x00007ff7fed50000 - 0x00007ff7fed60000 	C:\Program Files\Java\jdk-26.0.1\bin\java.exe
0x00007ffebc980000 - 0x00007ffebcbe7000 	C:\Windows\SYSTEM32\ntdll.dll
0x00007ffeba710000 - 0x00007ffeba7d9000 	C:\Windows\System32\KERNEL32.DLL
0x00007ffeba250000 - 0x00007ffeba644000 	C:\Windows\System32\KERNELBASE.dll
0x00007ffeb6750000 - 0x00007ffeb67ef000 	C:\Windows\SYSTEM32\apphelp.dll
0x00007ffeb9250000 - 0x00007ffeb939b000 	C:\Windows\System32\ucrtbase.dll
0x00007ffe9c530000 - 0x00007ffe9c547000 	C:\Program Files\Java\jdk-26.0.1\bin\jli.dll
0x00007ffebb680000 - 0x00007ffebb845000 	C:\Windows\System32\USER32.dll
0x00007ffeb93a0000 - 0x00007ffeb93c7000 	C:\Windows\System32\win32u.dll
0x00007ffebbc90000 - 0x00007ffebbcbb000 	C:\Windows\System32\GDI32.dll
0x00007ffeb98b0000 - 0x00007ffeb99db000 	C:\Windows\System32\gdi32full.dll
0x00007ffea89e0000 - 0x00007ffea89fe000 	C:\Program Files\Java\jdk-26.0.1\bin\VCRUNTIME140.dll
0x00007ffeb9540000 - 0x00007ffeb95e3000 	C:\Windows\System32\msvcp_win.dll
0x00007ffea9eb0000 - 0x00007ffeaa143000 	C:\Windows\WinSxS\amd64_microsoft.windows.common-controls_6595b64144ccf1df_6.0.26100.8115_none_3e075c82e3354f9c\COMCTL32.dll
0x00007ffebc520000 - 0x00007ffebc5c9000 	C:\Windows\System32\msvcrt.dll
0x00007ffeba890000 - 0x00007ffeba8c2000 	C:\Windows\System32\IMM32.DLL
0x00007ffeacd60000 - 0x00007ffeacd6c000 	C:\Program Files\Java\jdk-26.0.1\bin\vcruntime140_1.dll
0x00007ffe8d9a0000 - 0x00007ffe8da2d000 	C:\Program Files\Java\jdk-26.0.1\bin\msvcp140.dll
0x00007ffe24e60000 - 0x00007ffe25d2e000 	C:\Program Files\Java\jdk-26.0.1\bin\server\jvm.dll
0x00007ffebc1f0000 - 0x00007ffebc2a6000 	C:\Windows\System32\ADVAPI32.dll
0x00007ffeba7e0000 - 0x00007ffeba887000 	C:\Windows\System32\sechost.dll
0x00007ffebacf0000 - 0x00007ffebae08000 	C:\Windows\System32\RPCRT4.dll
0x00007ffebc2b0000 - 0x00007ffebc330000 	C:\Windows\System32\WS2_32.dll
0x00007ffeb90b0000 - 0x00007ffeb910e000 	C:\Windows\SYSTEM32\POWRPROF.dll
0x00007ffeaa3d0000 - 0x00007ffeaa406000 	C:\Windows\SYSTEM32\WINMM.dll
0x00007ffeb2e10000 - 0x00007ffeb2e1b000 	C:\Windows\SYSTEM32\VERSION.dll
0x00007ffeb9090000 - 0x00007ffeb90a4000 	C:\Windows\SYSTEM32\UMPDC.dll
0x00007ffeb7fe0000 - 0x00007ffeb7ffb000 	C:\Windows\SYSTEM32\kernel.appcore.dll
0x00007ffe9c860000 - 0x00007ffe9c86a000 	C:\Program Files\Java\jdk-26.0.1\bin\jimage.dll
0x00007ffeb7130000 - 0x00007ffeb7372000 	C:\Windows\SYSTEM32\DBGHELP.DLL
0x00007ffeba960000 - 0x00007ffebace2000 	C:\Windows\System32\combase.dll
0x00007ffebbb20000 - 0x00007ffebbbf8000 	C:\Windows\System32\OLEAUT32.dll
0x00007ffeb4230000 - 0x00007ffeb426b000 	C:\Windows\SYSTEM32\dbgcore.DLL
0x00007ffeb9770000 - 0x00007ffeb9815000 	C:\Windows\System32\bcryptPrimitives.dll
0x00007ffe9ca80000 - 0x00007ffe9ca9f000 	C:\Program Files\Java\jdk-26.0.1\bin\java.dll
0x00007ffebc5d0000 - 0x00007ffebc767000 	C:\Windows\System32\ole32.dll
0x00007ffebae10000 - 0x00007ffebb577000 	C:\Windows\System32\SHELL32.dll
0x00007ffeb93d0000 - 0x00007ffeb953a000 	C:\Windows\System32\wintypes.dll
0x00007ffeb99e0000 - 0x00007ffeba248000 	C:\Windows\System32\windows.storage.dll
0x00007ffebc770000 - 0x00007ffebc868000 	C:\Windows\System32\SHCORE.dll
0x00007ffebc180000 - 0x00007ffebc1e6000 	C:\Windows\System32\shlwapi.dll
0x00007ffeb9170000 - 0x00007ffeb9199000 	C:\Windows\SYSTEM32\profapi.dll
0x00007ffe9c2d0000 - 0x00007ffe9c2e2000 	C:\Program Files\Java\jdk-26.0.1\bin\net.dll
0x00007ffeb8550000 - 0x00007ffeb85bc000 	C:\Windows\system32\mswsock.dll
0x00007ffe9adf0000 - 0x00007ffe9ae06000 	C:\Program Files\Java\jdk-26.0.1\bin\nio.dll
0x00007ffe9c4c0000 - 0x00007ffe9c4d7000 	C:\Program Files\Java\jdk-26.0.1\bin\zip.dll
0x00007ffea8a00000 - 0x00007ffea8a24000 	C:\Users\gondi\OneDrive\Documentos\Modelos Personalizados do Office\netbeans\java\maven\lib\jansi-native\Windows\x86_64\jansi.dll
0x00007ffe9c080000 - 0x00007ffe9c090000 	C:\Program Files\Java\jdk-26.0.1\bin\verify.dll

JVMTI agents: none

dbghelp: loaded successfully - version: 4.0.5 - missing functions: none
symbol engine: initialized successfully - sym options: 0x614 - pdb path: .;C:\Program Files\Java\jdk-26.0.1\bin;C:\Windows\SYSTEM32;C:\Windows\WinSxS\amd64_microsoft.windows.common-controls_6595b64144ccf1df_6.0.26100.8115_none_3e075c82e3354f9c;C:\Program Files\Java\jdk-26.0.1\bin\server;C:\Users\gondi\OneDrive\Documentos\Modelos Personalizados do Office\netbeans\java\maven\lib\jansi-native\Windows\x86_64

VM Arguments:
jvm_args: --enable-native-access=ALL-UNNAMED -Dclassworlds.conf=C:\Users\gondi\OneDrive\Documentos\Modelos Personalizados do Office\netbeans\java\maven\bin\m2.conf -Dmaven.home=C:\Users\gondi\OneDrive\Documentos\Modelos Personalizados do Office\netbeans\java\maven -Dlibrary.jansi.path=C:\Users\gondi\OneDrive\Documentos\Modelos Personalizados do Office\netbeans\java\maven\lib\jansi-native -Dmaven.multiModuleProjectDirectory=C:\Users\gondi\OneDrive\Documentos\NetBeansProjects\SistemaGestaoProjetos 
java_command: org.codehaus.plexus.classworlds.launcher.Launcher -Dexec.vmArgs= -Dexec.args=${exec.vmArgs} -classpath %classpath ${exec.mainClass} ${exec.appArgs} -Dexec.appArgs= -Dexec.mainClass=com.mycompany.sistemagestaoprojetos.SistemaGestaoProjetos -Dexec.executable=C:\Program Files\Java\jdk-26.0.1\bin\java.exe -Dmaven.ext.class.path=C:\Users\gondi\OneDrive\Documentos\Modelos Personalizados do Office\netbeans\java\maven-nblib\netbeans-eventspy.jar --no-transfer-progress process-classes org.codehaus.mojo:exec-maven-plugin:3.5.1:exec
java_class_path (initial): C:\Users\gondi\OneDrive\Documentos\Modelos Personalizados do Office\netbeans\java\maven\boot\plexus-classworlds-2.9.0.jar
Launcher Type: SUN_STANDARD

[Global flags]
     bool AOTAdapterCaching                        = false                                  {diagnostic} {ergonomic}
     bool AOTInvokeDynamicLinking                  = false                                  {diagnostic} {ergonomic}
     bool AOTRecordTraining                        = false                                  {diagnostic} {ergonomic}
     bool AOTReplayTraining                        = false                                  {diagnostic} {ergonomic}
     bool AOTStubCaching                           = false                                  {diagnostic} {ergonomic}
     intx CICompilerCount                          = 2                                         {product} {ergonomic}
     uint ConcGCThreads                            = 1                                         {product} {ergonomic}
     uint G1ConcRefinementThreads                  = 2                                         {product} {ergonomic}
     uint G1EagerReclaimRemSetThreshold            = 10                                   {experimental} {ergonomic}
   size_t G1HeapRegionSize                         = 1048576                                   {product} {ergonomic}
     uint G1RemSetArrayOfCardsEntries              = 10                                   {experimental} {ergonomic}
     uint G1RemSetHowlMaxNumBuckets                = 8                                    {experimental} {ergonomic}
     uint G1RemSetHowlNumBuckets                   = 4                                    {experimental} {ergonomic}
   size_t InitialHeapSize                          = 8388608                                   {product} {ergonomic}
     bool IntelJccErratumMitigation                = false                             {ARCH diagnostic} {ergonomic}
   size_t MarkStackSize                            = 4194304                                   {product} {ergonomic}
   size_t MarkStackSizeMax                         = 536870912                                 {product} {ergonomic}
   size_t MaxHeapSize                              = 1025507328                                {product} {ergonomic}
   size_t MaxNewSize                               = 614465536                                 {product} {ergonomic}
 uint64_t MaxRAM                                   = 4095401984                                {product} {ergonomic}
   size_t MinHeapDeltaBytes                        = 1048576                                   {product} {ergonomic}
   size_t MinHeapSize                              = 8388608                                   {product} {ergonomic}
   size_t NonNMethodCodeHeapSize                   = 5832704                                {pd product} {ergonomic}
   size_t NonProfiledCodeHeapSize                  = 122945536                              {pd product} {ergonomic}
   size_t ProfiledCodeHeapSize                     = 122945536                              {pd product} {ergonomic}
   size_t ReservedCodeCacheSize                    = 251723776                              {pd product} {ergonomic}
     bool SegmentedCodeCache                       = true                                      {product} {ergonomic}
   size_t SoftMaxHeapSize                          = 1025507328                             {manageable} {ergonomic}
     bool UseCompressedOops                        = true                           {product lp64_product} {ergonomic}
     bool UseCondCardMark                          = true                                      {product} {ergonomic}
     bool UseFastUnorderedTimeStamps               = true                                 {experimental} {ergonomic}
     bool UseG1GC                                  = true                                      {product} {ergonomic}
     bool UseLargePagesIndividualAllocation        = false                                  {pd product} {ergonomic}
      int X86ICacheSync                            = 3                                 {ARCH diagnostic} {ergonomic}

Logging:
Log output configuration:
 #0: stdout all=warning uptime,level,tags foldmultilines=false
 #1: stderr all=off uptime,level,tags foldmultilines=false

Release file:
IMPLEMENTOR="Oracle Corporation" 
JAVA_RUNTIME_VERSION="26.0.1+8-34" 
JAVA_VERSION="26.0.1" 
JAVA_VERSION_DATE="2026-04-21" 
LIBC="default" 
MODULES="java.base java.compiler java.datatransfer java.xml java.prefs java.desktop java.instrument java.logging java.management java.security.sasl java.naming java.rmi java.management.rmi java.net.http java.scripting java.security.jgss java.transaction.xa java.sql java.sql.rowset java.xml.crypto java.se java.smartcardio jdk.accessibility jdk.internal.jvmstat jdk.attach jdk.charsets jdk.internal.opt jdk.zipfs jdk.compiler jdk.crypto.cryptoki jdk.crypto.ec jdk.crypto.mscapi jdk.dynalink jdk.internal.ed jdk.editpad jdk.internal.vm.ci jdk.graal.compiler jdk.graal.compiler.management jdk.hotspot.agent jdk.httpserver jdk.incubator.vector jdk.internal.le jdk.internal.md jdk.jartool jdk.javadoc jdk.jcmd jdk.management jdk.management.agent jdk.jconsole jdk.jdeps jdk.jdwp.agent jdk.jdi jdk.jfr jdk.jlink jdk.jpackage jdk.jshell jdk.jstatd jdk.localedata jdk.management.jfr jdk.naming.dns jdk.naming.rmi jdk.net jdk.nio.mapmode jdk.sctp jdk.security.auth jdk.security.jgss jdk.unsupported jdk.unsupported.desktop jdk.xml.dom" 
OS_ARCH="x86_64" 
OS_NAME="Windows" 
SOURCE=".:git:8fcde8268d22 open:git:fcc00fc4aee7" 

Environment Variables:
JAVA_HOME=C:\Program Files\Java\jdk-26.0.1
PATH=C:\Program Files\Common Files\Oracle\Java\javapath;C:\Windows\system32;C:\Windows;C:\Windows\System32\Wbem;C:\Windows\System32\WindowsPowerShell\v1.0\;C:\Windows\System32\OpenSSH\;C:\Users\gondi\AppData\Local\Microsoft\WindowsApps;C:\Users\gondi\OneDrive\Documentos\Modelos Personalizados do Office\netbeans\bin\
USERNAME=gondi
OS=Windows_NT
PROCESSOR_IDENTIFIER=Intel64 Family 6 Model 156 Stepping 0, GenuineIntel
TMP=C:\Users\gondi\AppData\Local\Temp
TEMP=C:\Users\gondi\AppData\Local\Temp




Compilation memory statistics disabled.

Periodic native trim disabled

---------------  S Y S T E M  ---------------

OS:
 Windows 11 , 64 bit Build 26100 (10.0.26100.8246)
OS uptime: 16 days 11:18 hours

CPU: total 2 (initial active 2) (2 cores per cpu, 1 threads per core) family 6 model 156 stepping 0 microcode 0x24000026, cx8, cmov, fxsr, mmx, 3dnowpref, sse, sse2, sse3, ssse3, sse4.1, sse4.2, popcnt, tsc, tscinvbit, aes, erms, clmul, sha, clflush, clflushopt, clwb, rdtscp, rdpid
Processor Information for the first 2 processors :
  Max Mhz: 1114, Current Mhz: 1114, Mhz Limit: 1114

Memory: 4k page, system-wide physical 3905M (443M free)
TotalPageFile size 15681M (AvailPageFile size 1599M)
current process WorkingSet (physical memory assigned to process): 23M, peak: 91M
current process commit charge ("private bytes"): 159M, peak: 192M

vm_info: Java HotSpot(TM) 64-Bit Server VM (26.0.1+8-34) for windows-amd64 JRE (26.0.1+8-34), built on 2026-03-10T17:24:10Z with MS VC++ 17.13 (VS2022)

END.
