#
# There is insufficient memory for the Java Runtime Environment to continue.
# Native memory allocation (malloc) failed to allocate 1017304 bytes. Error detail: Chunk::new
# Possible reasons:
#   The system is out of physical RAM or swap space
#   This process is running with CompressedOops enabled, and the Java Heap may be blocking the growth of the native heap
# Possible solutions:
#   Reduce memory load on the system
#   Increase physical memory or swap space
#   Check if swap backing store is full
#   Decrease Java heap size (-Xmx/-Xms)
#   Decrease number of Java threads
#   Decrease Java thread stack sizes (-Xss)
#   Set larger code cache with -XX:ReservedCodeCacheSize=
#   JVM is running with Unscaled Compressed Oops mode in which the Java heap is
#     placed in the first 4GB address space. The Java Heap base address is the
#     maximum limit for the native heap growth. Please use -XX:HeapBaseMinAddress
#     to set the Java Heap base and to place the Java Heap above 4GB virtual address.
# This output file may be truncated or incomplete.
#
#  Out of Memory Error (arena.cpp:193), pid=19648, tid=21692
#
# JRE version: Java(TM) SE Runtime Environment (26.0.1+8) (build 26.0.1+8-34)
# Java VM: Java HotSpot(TM) 64-Bit Server VM (26.0.1+8-34, mixed mode, sharing, tiered, compressed oops, compressed class ptrs, g1 gc, windows-amd64)
# No core dump will be written. Minidumps are not enabled by default on client versions of Windows
#

---------------  S U M M A R Y ------------

Command Line: --enable-native-access=ALL-UNNAMED -Dclassworlds.conf=C:\Users\gondi\OneDrive\Documentos\Modelos Personalizados do Office\netbeans\java\maven\bin\m2.conf -Dmaven.home=C:\Users\gondi\OneDrive\Documentos\Modelos Personalizados do Office\netbeans\java\maven -Dlibrary.jansi.path=C:\Users\gondi\OneDrive\Documentos\Modelos Personalizados do Office\netbeans\java\maven\lib\jansi-native -Dmaven.multiModuleProjectDirectory=C:\Users\gondi\OneDrive\Documentos\NetBeansProjects\SistemaGestaoProjetos org.codehaus.plexus.classworlds.launcher.Launcher -Dexec.vmArgs= -Dexec.args=${exec.vmArgs} -classpath %classpath ${exec.mainClass} ${exec.appArgs} -Dexec.appArgs= -Dexec.mainClass=com.mycompany.sistemagestaoprojetos.SistemaGestaoProjetos -Dexec.executable=C:\Program Files\Java\jdk-26.0.1\bin\java.exe -Dmaven.ext.class.path=C:\Users\gondi\OneDrive\Documentos\Modelos Personalizados do Office\netbeans\java\maven-nblib\netbeans-eventspy.jar --no-transfer-progress process-classes org.codehaus.mojo:exec-maven-plugin:3.5.1:exec

Host: Intel(R) Celeron(R) N4500 @ 1.10GHz, 2 cores, 3G,  Windows 11 , 64 bit Build 26100 (10.0.26100.8246)
Time: Sun May 31 07:16:49 2026 Hora Padrão de Buenos Aires elapsed time: 125085.770455 seconds (1d 10h 44m 45s)

---------------  T H R E A D  ---------------

Current thread (0x000001f3cebb3c10):  JavaThread "C2 CompilerThread0" daemon [_thread_in_native, id=21692, stack(0x000000759a300000,0x000000759a400000) (1024K)]


Current CompileTask:
C2:125085770 4224       4       java.util.HashMap::get (19 bytes)

Stack: [0x000000759a300000,0x000000759a400000]
Native frames: (J=compiled Java code, j=interpreted, Vv=VM code, C=native code)
V  [jvm.dll+0x7d5879]  (no source info available)
V  [jvm.dll+0x7a37dd]  (no source info available)
V  [jvm.dll+0x9b0c10]  (no source info available)
V  [jvm.dll+0x9b3061]  (no source info available)
V  [jvm.dll+0x9b3773]  (no source info available)
V  [jvm.dll+0x30df76]  (no source info available)
V  [jvm.dll+0x11d8a6]  (no source info available)
V  [jvm.dll+0x11dbce]  (no source info available)
V  [jvm.dll+0x1afbe6]  (no source info available)
V  [jvm.dll+0x3ca822]  (no source info available)
V  [jvm.dll+0x7de462]  (no source info available)
V  [jvm.dll+0x2d1647]  (no source info available)
V  [jvm.dll+0x2d05bf]  (no source info available)
V  [jvm.dll+0x246820]  (no source info available)
V  [jvm.dll+0x2e06dc]  (no source info available)
V  [jvm.dll+0x2de8bd]  (no source info available)
V  [jvm.dll+0x4a3ff1]  (no source info available)
V  [jvm.dll+0x94f649]  (no source info available)
V  [jvm.dll+0x7d7358]  (no source info available)
C  [ucrtbase.dll+0x37b0]  (no source info available)
C  [KERNEL32.DLL+0x2e8d7]  (no source info available)
C  [ntdll.dll+0x8c3fc]  (no source info available)

Lock stack of current Java thread (top to bottom):


---------------  P R O C E S S  ---------------

Threads class SMR info:
_java_thread_list=0x000001f3d35dcfe0, length=11, elements={
0x000001f3b3a713e0, 0x000001f3ceba4f60, 0x000001f3ceba7dc0, 0x000001f3cebad600,
0x000001f3cebb1dc0, 0x000001f3cebb2570, 0x000001f3cebb2d20, 0x000001f3cebb3c10,
0x000001f3cec376a0, 0x000001f3d3044020, 0x000001f3d30507f0
}

Java Threads: ( => current thread )
  0x000001f3b3a713e0 JavaThread "main"                              [_thread_in_vm, id=9196, stack(0x0000007599400000,0x0000007599500000) (1024K)]
  0x000001f3ceba4f60 JavaThread "Reference Handler"          daemon [_thread_blocked, id=4952, stack(0x0000007599d00000,0x0000007599e00000) (1024K)]
  0x000001f3ceba7dc0 JavaThread "Finalizer"                  daemon [_thread_blocked, id=18020, stack(0x0000007599e00000,0x0000007599f00000) (1024K)]
  0x000001f3cebad600 JavaThread "Signal Dispatcher"          daemon [_thread_blocked, id=16744, stack(0x0000007599f00000,0x000000759a000000) (1024K)]
  0x000001f3cebb1dc0 JavaThread "Attach Listener"            daemon [_thread_blocked, id=24004, stack(0x000000759a000000,0x000000759a100000) (1024K)]
  0x000001f3cebb2570 JavaThread "Service Thread"             daemon [_thread_blocked, id=4076, stack(0x000000759a100000,0x000000759a200000) (1024K)]
  0x000001f3cebb2d20 JavaThread "Monitor Deflation Thread"   daemon [_thread_blocked, id=5296, stack(0x000000759a200000,0x000000759a300000) (1024K)]
=>0x000001f3cebb3c10 JavaThread "C2 CompilerThread0"         daemon [_thread_in_native, id=21692, stack(0x000000759a300000,0x000000759a400000) (1024K)]
  0x000001f3cec376a0 JavaThread "C1 CompilerThread0"         daemon [_thread_blocked, id=25104, stack(0x000000759a400000,0x000000759a500000) (1024K)]
  0x000001f3d3044020 JavaThread "Notification Thread"        daemon [_thread_blocked, id=21448, stack(0x000000759a500000,0x000000759a600000) (1024K)]
  0x000001f3d30507f0 JavaThread "Common-Cleaner"             daemon [_thread_blocked, id=18136, stack(0x000000759a600000,0x000000759a700000) (1024K)]
Total: 11

Other Threads:
  0x000001f3ceb94600 VMThread "VM Thread"                           [id=5760, stack(0x0000007599c00000,0x0000007599d00000) (1024K)]
  0x000001f3ceb8c970 WatcherThread "VM Periodic Task Thread"        [id=11940, stack(0x0000007599b00000,0x0000007599c00000) (1024K)]
  0x000001f3b3a9a260 WorkerThread "GC Thread#0"                     [id=7164, stack(0x0000007599500000,0x0000007599600000) (1024K)]
  0x000001f3d342e5a0 WorkerThread "GC Thread#1"                     [id=6072, stack(0x000000759a800000,0x000000759a900000) (1024K)]
  0x000001f3b3aa6a80 ConcurrentGCThread "G1 Main Marker"            [id=11608, stack(0x0000007599600000,0x0000007599700000) (1024K)]
  0x000001f3b3aa84f0 WorkerThread "G1 Conc#0"                       [id=1324, stack(0x0000007599700000,0x0000007599800000) (1024K)]
  0x000001f3b3abdf70 WorkerThread "G1 Refinement Workers#0"         [id=12620, stack(0x0000007599900000,0x0000007599a00000) (1024K)]
  0x000001f3b3abc760 ConcurrentGCThread "G1 Refine Control"         [id=5400, stack(0x0000007599800000,0x0000007599900000) (1024K)]
  0x000001f3b3abe8e0 ConcurrentGCThread "G1 Service"                [id=17552, stack(0x0000007599a00000,0x0000007599b00000) (1024K)]
Total: 9

Threads with active compile tasks:
C2 CompilerThread0  125089405 4224       4       java.util.HashMap::get (19 bytes)
Total: 1

VM state: not at safepoint (normal execution)

VM Mutex/Monitor currently owned by a thread: None

Heap address: 0x00000000c2e00000, size: 978 MB, Compressed Oops mode: 32-bit

CDS archive(s) mapped at: [0x0000000038000000-0x0000000038de0000-0x0000000038de0000), size 14548992, SharedBaseAddress: 0x0000000038000000, ArchiveRelocationMode: 1.
Compressed class space mapped at: 0x0000000039000000-0x0000000079000000, reserved size: 1073741824
UseCompressedClassPointers 1, UseCompactObjectHeaders 0
Narrow klass pointer bits 32, Max shift 3
Narrow klass base: 0x0000000038000000, Narrow klass shift: 0
Encoding Range: [0x0000000038000000 - 0x0000000138000000), (4294967296 bytes)
Klass Range:    [0x0000000038000000 - 0x0000000079000000), (1090519040 bytes)
Klass ID Range:  [8 - 1090519033) (1090519025)
Protection zone: [0x0000000038000000 - 0x0000000038010000), (65536 bytes)

GC Precious Log:
 CardTable entry size: 512
 Card Set container configuration: InlinePtr #cards 5 size 8 Array Of Cards #cards 10 size 36 Howl #buckets 4 coarsen threshold 1843 Howl Bitmap #cards 512 size 80 coarsen threshold 460 Card regions per heap region 1 cards per card region 2048
 CPUs: 2 total, 2 available
 Memory: 3905M
 Large Page Support: Disabled
 NUMA Support: Disabled
 Compressed Oops: Enabled (32-bit)
 Heap Region Size: 1M
 Heap Min Capacity: 8M
 Heap Initial Capacity: 8M
 Heap Max Capacity: 978M
 Pre-touch: Disabled
 Parallel Workers: 2
 Concurrent Workers: 1
 Concurrent Refinement Workers: 2
 Periodic GC: Disabled

Heap:
 garbage-first heap   total reserved 1001472K, committed 46080K, used 29985K [0x00000000c2e00000, 0x0000000100000000)
  region size 1M, 15 eden (15M), 1 survivor (1M), 10 old (10M), 6 humongous (6M), 13 free (13M)

Heap Regions: E=young(eden), S=young(survivor), O=old, HS=humongous(starts), HC=humongous(continues), CS=collection set, F=free, TAMS=top-at-mark-start, PB=parsable bottom
|    0|0x00000000c2e00000, 0x00000000c2f00000, 0x00000000c2f00000|100%| O|  |TAMS 0x00000000c2e00000| PB 0x00000000c2e00000| Untracked |  0
|    1|0x00000000c2f00000, 0x00000000c3000000, 0x00000000c3000000|100%| O|  |TAMS 0x00000000c2f00000| PB 0x00000000c2f00000| Untracked |  0
|    2|0x00000000c3000000, 0x00000000c3100000, 0x00000000c3100000|100%| O|  |TAMS 0x00000000c3000000| PB 0x00000000c3000000| Untracked |  0
|    3|0x00000000c3100000, 0x00000000c3200000, 0x00000000c3200000|100%| O|  |TAMS 0x00000000c3100000| PB 0x00000000c3100000| Untracked |  0
|    4|0x00000000c3200000, 0x00000000c3300000, 0x00000000c3300000|100%| O|  |TAMS 0x00000000c3200000| PB 0x00000000c3200000| Untracked |  0
|    5|0x00000000c3300000, 0x00000000c33c7380, 0x00000000c3400000| 77%| O|  |TAMS 0x00000000c3300000| PB 0x00000000c3300000| Untracked |  0
|    6|0x00000000c3400000, 0x00000000c3500000, 0x00000000c3500000|100%|HS|  |TAMS 0x00000000c3400000| PB 0x00000000c3400000| Complete  |  0
|    7|0x00000000c3500000, 0x00000000c3600000, 0x00000000c3600000|100%|HC|  |TAMS 0x00000000c3500000| PB 0x00000000c3500000| Complete  |  0
|    8|0x00000000c3600000, 0x00000000c3700000, 0x00000000c3700000|100%|HC|  |TAMS 0x00000000c3600000| PB 0x00000000c3600000| Complete  |  0
|    9|0x00000000c3700000, 0x00000000c3800000, 0x00000000c3800000|100%|HS|  |TAMS 0x00000000c3700000| PB 0x00000000c3700000| Complete  |  0
|   10|0x00000000c3800000, 0x00000000c3900000, 0x00000000c3900000|100%|HC|  |TAMS 0x00000000c3800000| PB 0x00000000c3800000| Complete  |  0
|   11|0x00000000c3900000, 0x00000000c3a00000, 0x00000000c3a00000|100%|HC|  |TAMS 0x00000000c3900000| PB 0x00000000c3900000| Complete  |  0
|   12|0x00000000c3a00000, 0x00000000c3a00000, 0x00000000c3b00000|  0%| F|  |TAMS 0x00000000c3a00000| PB 0x00000000c3a00000| Untracked |  0
|   13|0x00000000c3b00000, 0x00000000c3b00000, 0x00000000c3c00000|  0%| F|  |TAMS 0x00000000c3b00000| PB 0x00000000c3b00000| Untracked |  0
|   14|0x00000000c3c00000, 0x00000000c3c00000, 0x00000000c3d00000|  0%| F|  |TAMS 0x00000000c3c00000| PB 0x00000000c3c00000| Untracked |  0
|   15|0x00000000c3d00000, 0x00000000c3d00000, 0x00000000c3e00000|  0%| F|  |TAMS 0x00000000c3d00000| PB 0x00000000c3d00000| Untracked |  0
|   16|0x00000000c3e00000, 0x00000000c3e00000, 0x00000000c3f00000|  0%| F|  |TAMS 0x00000000c3e00000| PB 0x00000000c3e00000| Untracked |  0
|   17|0x00000000c3f00000, 0x00000000c3f00000, 0x00000000c4000000|  0%| F|  |TAMS 0x00000000c3f00000| PB 0x00000000c3f00000| Untracked |  0
|   18|0x00000000c4000000, 0x00000000c4000000, 0x00000000c4100000|  0%| F|  |TAMS 0x00000000c4000000| PB 0x00000000c4000000| Untracked |  0
|   19|0x00000000c4100000, 0x00000000c4100000, 0x00000000c4200000|  0%| F|  |TAMS 0x00000000c4100000| PB 0x00000000c4100000| Untracked |  0
|   20|0x00000000c4200000, 0x00000000c4200000, 0x00000000c4300000|  0%| F|  |TAMS 0x00000000c4200000| PB 0x00000000c4200000| Untracked |  0
|   21|0x00000000c4300000, 0x00000000c4300000, 0x00000000c4400000|  0%| F|  |TAMS 0x00000000c4300000| PB 0x00000000c4300000| Untracked |  0
|   22|0x00000000c4400000, 0x00000000c4400000, 0x00000000c4500000|  0%| F|  |TAMS 0x00000000c4400000| PB 0x00000000c4400000| Untracked |  0
|   23|0x00000000c4500000, 0x00000000c4500000, 0x00000000c4600000|  0%| F|  |TAMS 0x00000000c4500000| PB 0x00000000c4500000| Untracked |  0
|   24|0x00000000c4600000, 0x00000000c4600000, 0x00000000c4700000|  0%| F|  |TAMS 0x00000000c4600000| PB 0x00000000c4600000| Untracked |  0
|   25|0x00000000c4700000, 0x00000000c4728890, 0x00000000c4800000| 15%| E|CS|TAMS 0x00000000c4700000| PB 0x00000000c4700000| Complete  |  0
|   26|0x00000000c4800000, 0x00000000c4900000, 0x00000000c4900000|100%| E|CS|TAMS 0x00000000c4800000| PB 0x00000000c4800000| Complete  |  0
|   27|0x00000000c4900000, 0x00000000c4a00000, 0x00000000c4a00000|100%| E|CS|TAMS 0x00000000c4900000| PB 0x00000000c4900000| Complete  |  0
|   28|0x00000000c4a00000, 0x00000000c4b00000, 0x00000000c4b00000|100%| E|CS|TAMS 0x00000000c4a00000| PB 0x00000000c4a00000| Complete  |  0
|   29|0x00000000c4b00000, 0x00000000c4c00000, 0x00000000c4c00000|100%| E|CS|TAMS 0x00000000c4b00000| PB 0x00000000c4b00000| Complete  |  0
|   30|0x00000000c4c00000, 0x00000000c4d00000, 0x00000000c4d00000|100%| E|CS|TAMS 0x00000000c4c00000| PB 0x00000000c4c00000| Complete  |  0
|   31|0x00000000c4d00000, 0x00000000c4e00000, 0x00000000c4e00000|100%| E|CS|TAMS 0x00000000c4d00000| PB 0x00000000c4d00000| Complete  |  0
|   32|0x00000000c4e00000, 0x00000000c4f00000, 0x00000000c4f00000|100%| E|CS|TAMS 0x00000000c4e00000| PB 0x00000000c4e00000| Complete  |  0
|   33|0x00000000c4f00000, 0x00000000c5000000, 0x00000000c5000000|100%| E|CS|TAMS 0x00000000c4f00000| PB 0x00000000c4f00000| Complete  |  0
|   34|0x00000000c5000000, 0x00000000c5100000, 0x00000000c5100000|100%| E|CS|TAMS 0x00000000c5000000| PB 0x00000000c5000000| Complete  |  0
|   35|0x00000000c5100000, 0x00000000c5200000, 0x00000000c5200000|100%| E|CS|TAMS 0x00000000c5100000| PB 0x00000000c5100000| Complete  |  0
|   36|0x00000000c5200000, 0x00000000c5300000, 0x00000000c5300000|100%| E|CS|TAMS 0x00000000c5200000| PB 0x00000000c5200000| Complete  |  0
|   37|0x00000000c5300000, 0x00000000c5381420, 0x00000000c5400000| 50%| S|CS|TAMS 0x00000000c5300000| PB 0x00000000c5300000| Complete  |  0
|  971|0x00000000ff900000, 0x00000000ffa00000, 0x00000000ffa00000|100%| O|  |TAMS 0x00000000ff900000| PB 0x00000000ff900000| Untracked |  0
|  972|0x00000000ffa00000, 0x00000000ffb00000, 0x00000000ffb00000|100%| O|  |TAMS 0x00000000ffa00000| PB 0x00000000ffa00000| Untracked |  0
|  973|0x00000000ffb00000, 0x00000000ffc00000, 0x00000000ffc00000|100%| E|CS|TAMS 0x00000000ffb00000| PB 0x00000000ffb00000| Complete  |  0
|  974|0x00000000ffc00000, 0x00000000ffd00000, 0x00000000ffd00000|100%| E|CS|TAMS 0x00000000ffc00000| PB 0x00000000ffc00000| Complete  |  0
|  975|0x00000000ffd00000, 0x00000000ffe00000, 0x00000000ffe00000|100%| E|CS|TAMS 0x00000000ffd00000| PB 0x00000000ffd00000| Complete  |  0
|  976|0x00000000ffe00000, 0x00000000fff00000, 0x00000000fff00000|100%| O|  |TAMS 0x00000000ffe00000| PB 0x00000000ffe00000| Untracked |  0
|  977|0x00000000fff00000, 0x0000000100000000, 0x0000000100000000|100%| O|  |TAMS 0x00000000fff00000| PB 0x00000000fff00000| Untracked |  0

Card table byte_map: [0x000001f3cb710000,0x000001f3cb900000] _byte_map_base: 0x000001f3cb0f9000
Refinement table byte_map: [0x000001f3b3810000,0x000001f3b3a00000] _byte_map_base: 0x000001f3b31f9000

Marking Bits: (CMBitMap*) 0x000001f3b3a9a9e0
 Bits: [0x000001f3cb900000, 0x000001f3cc848000)

Polling page: 0x000001f3b19d0000

Metaspace:
Metaspace        used 19034K, committed 19392K, reserved 1114112K
 class space     used 2346K, committed 2496K, reserved 1048576K

Usage:
  Non-class:     16.30 MB used.
      Class:      2.29 MB used.
       Both:     18.59 MB used.

Virtual space:
  Non-class space:       64.00 MB reserved,      16.50 MB ( 26%) committed,  1 nodes.
      Class space:        1.00 GB reserved,       2.44 MB ( <1%) committed,  1 nodes.
             Both:        1.06 GB reserved,      18.94 MB (  2%) committed. 

Chunk freelists:
   Non-Class:  15.55 MB
       Class:  13.47 MB
        Both:  29.02 MB

MaxMetaspaceSize: unlimited
CompressedClassSpaceSize: 1.00 GB
Initial GC threshold: 21.00 MB
Current GC threshold: 24.38 MB
CDS: on
 - commit_granule_bytes: 65536.
 - commit_granule_words: 8192.
 - virtual_space_node_default_size: 8388608.
 - enlarge_chunks_in_place: 1.
UseCompressedClassPointers 1, UseCompactObjectHeaders 0
Narrow klass pointer bits 32, Max shift 3
Narrow klass base: 0x0000000038000000, Narrow klass shift: 0
Encoding Range: [0x0000000038000000 - 0x0000000138000000), (4294967296 bytes)
Klass Range:    [0x0000000038000000 - 0x0000000079000000), (1090519040 bytes)
Klass ID Range:  [8 - 1090519033) (1090519025)
Protection zone: [0x0000000038000000 - 0x0000000038010000), (65536 bytes)


Internal statistics:

num_allocs_failed_limit: 0.
num_arena_births: 176.
num_arena_deaths: 10.
num_vsnodes_births: 2.
num_vsnodes_deaths: 0.
num_space_committed: 303.
num_space_uncommitted: 0.
num_chunks_returned_to_freelist: 10.
num_chunks_taken_from_freelist: 890.
num_chunk_merges: 2.
num_chunk_splits: 599.
num_chunks_enlarged: 455.
num_inconsistent_stats: 0.

CodeHeap 'non-profiled nmethods': size=120064Kb used=1298Kb max_used=1298Kb free=118765Kb
 bounds [0x000001f3c41d0000, 0x000001f3c4440000, 0x000001f3cb710000]
CodeHeap 'profiled nmethods': size=120064Kb used=5925Kb max_used=5925Kb free=114138Kb
 bounds [0x000001f3bc700000, 0x000001f3bccd0000, 0x000001f3c3c40000]
CodeHeap 'non-nmethods': size=5696Kb used=1421Kb max_used=1528Kb free=4274Kb
 bounds [0x000001f3c3c40000, 0x000001f3c3eb0000, 0x000001f3c41d0000]
CodeCache: size=245824Kb, used=8644Kb, max_used=8751Kb, free=237177Kb
 total_blobs=4363, nmethods=3828, adapters=438, full_count=0
Compilation: enabled, stopped_count=0, restarted_count=0

Compilation events (20 events):
Event: 125082.870 Thread 0x000001f3cebb3c10 nmethod 4208 0x000001f3c4313988 code [0x000001f3c4313a80, 0x000001f3c4313b80]
Event: 125082.882 Thread 0x000001f3cebb3c10 4213       4       java.lang.Integer::parseInt (285 bytes)
Event: 125082.929 Thread 0x000001f3cec376a0 4215       3       java.lang.String::iso88591 (38 bytes)
Event: 125082.929 Thread 0x000001f3cec376a0 nmethod 4215 0x000001f3bccc1908 code [0x000001f3bccc1a00, 0x000001f3bccc1ca0]
Event: 125082.929 Thread 0x000001f3cec376a0 4216       3       jdk.nio.zipfs.ZipPath::getFileName (5 bytes)
Event: 125082.930 Thread 0x000001f3cec376a0 nmethod 4216 0x000001f3bccc1d08 code [0x000001f3bccc1e00, 0x000001f3bccc1fb0]
Event: 125082.930 Thread 0x000001f3cec376a0 4217       3       jdk.nio.zipfs.ZipPath::toString (12 bytes)
Event: 125082.930 Thread 0x000001f3cec376a0 nmethod 4217 0x000001f3bccc2008 code [0x000001f3bccc2100, 0x000001f3bccc23b8]
Event: 125082.932 Thread 0x000001f3cec376a0 4218       3       jdk.nio.zipfs.ZipCoder$UTF8::toString (49 bytes)
Event: 125082.932 Thread 0x000001f3cec376a0 nmethod 4218 0x000001f3bccc2408 code [0x000001f3bccc2500, 0x000001f3bccc27d0]
Event: 125082.944 Thread 0x000001f3cebb3c10 nmethod 4213 0x000001f3c4313c88 code [0x000001f3c4313d80, 0x000001f3c4314390]
Event: 125082.944 Thread 0x000001f3cebb3c10 4214       4       jdk.internal.util.DecimalDigits::uncheckedPutCharLatin1 (40 bytes)
Event: 125082.945 Thread 0x000001f3cebb3c10 nmethod 4214 0x000001f3c4314408 code [0x000001f3c4314500, 0x000001f3c4314580]
Event: 125083.853 Thread 0x000001f3cec376a0 4219       1       java.util.stream.MatchOps$BooleanTerminalSink::cancellationRequested (5 bytes)
Event: 125083.853 Thread 0x000001f3cec376a0 nmethod 4219 0x000001f3c4314708 code [0x000001f3c4314800, 0x000001f3c43148b8]
Event: 125083.934 Thread 0x000001f3cec376a0 4220   !   3       jdk.internal.loader.BuiltinClassLoader::defineClass (162 bytes)
Event: 125084.014 Thread 0x000001f3cec376a0 nmethod 4220 0x000001f3bccc2808 code [0x000001f3bccc2900, 0x000001f3bccc4c90]
Event: 125084.228 Thread 0x000001f3cec376a0 4223       3       jdk.internal.jimage.ImageReader$Node::<init> (27 bytes)
Event: 125084.228 Thread 0x000001f3cec376a0 nmethod 4223 0x000001f3bccc4d08 code [0x000001f3bccc4e00, 0x000001f3bccc5378]
Event: 125084.811 Thread 0x000001f3cebb3c10 4224       4       java.util.HashMap::get (19 bytes)

GC Heap Usage History (20 events):
Event: 124892.236 {heap Before GC invocations=31 (full 0):
 garbage-first heap   total reserved 1001472K, committed 14336K, used 11872K [0x00000000c2e00000, 0x0000000100000000)
  region size 1M, 3 eden (3M), 1 survivor (1M), 9 old (9M), 0 humongous (0M), 1 free (1M)
}
Event: 124892.284 {heap After GC invocations=32 (full 0):
 garbage-first heap   total reserved 1001472K, committed 46080K, used 7945K [0x00000000c2e00000, 0x0000000100000000)
  region size 1M, 0 eden (0M), 1 survivor (1M), 7 old (7M), 0 humongous (0M), 37 free (37M)
}
Event: 124893.432 {heap Before GC invocations=32 (full 0):
 garbage-first heap   total reserved 1001472K, committed 46080K, used 8969K [0x00000000c2e00000, 0x0000000100000000)
  region size 1M, 1 eden (1M), 1 survivor (1M), 7 old (7M), 0 humongous (0M), 36 free (36M)
}
Event: 124893.499 {heap After GC invocations=33 (full 0):
 garbage-first heap   total reserved 1001472K, committed 46080K, used 8110K [0x00000000c2e00000, 0x0000000100000000)
  region size 1M, 0 eden (0M), 1 survivor (1M), 8 old (8M), 0 humongous (0M), 36 free (36M)
}
Event: 124894.603 {heap Before GC invocations=33 (full 0):
 garbage-first heap   total reserved 1001472K, committed 46080K, used 9134K [0x00000000c2e00000, 0x0000000100000000)
  region size 1M, 1 eden (1M), 1 survivor (1M), 8 old (8M), 0 humongous (0M), 35 free (35M)
}
Event: 124894.638 {heap After GC invocations=34 (full 0):
 garbage-first heap   total reserved 1001472K, committed 46080K, used 8377K [0x00000000c2e00000, 0x0000000100000000)
  region size 1M, 0 eden (0M), 1 survivor (1M), 8 old (8M), 0 humongous (0M), 36 free (36M)
}
Event: 124896.525 {heap Before GC invocations=34 (full 0):
 garbage-first heap   total reserved 1001472K, committed 46080K, used 9401K [0x00000000c2e00000, 0x0000000100000000)
  region size 1M, 1 eden (1M), 1 survivor (1M), 8 old (8M), 0 humongous (0M), 35 free (35M)
}
Event: 124896.535 {heap After GC invocations=35 (full 0):
 garbage-first heap   total reserved 1001472K, committed 46080K, used 8404K [0x00000000c2e00000, 0x0000000100000000)
  region size 1M, 0 eden (0M), 1 survivor (1M), 8 old (8M), 0 humongous (0M), 36 free (36M)
}
Event: 124898.295 {heap Before GC invocations=35 (full 0):
 garbage-first heap   total reserved 1001472K, committed 46080K, used 9428K [0x00000000c2e00000, 0x0000000100000000)
  region size 1M, 1 eden (1M), 1 survivor (1M), 8 old (8M), 0 humongous (0M), 35 free (35M)
}
Event: 124898.317 {heap After GC invocations=36 (full 0):
 garbage-first heap   total reserved 1001472K, committed 46080K, used 8504K [0x00000000c2e00000, 0x0000000100000000)
  region size 1M, 0 eden (0M), 1 survivor (1M), 8 old (8M), 0 humongous (0M), 36 free (36M)
}
Event: 124901.918 {heap Before GC invocations=36 (full 0):
 garbage-first heap   total reserved 1001472K, committed 46080K, used 9528K [0x00000000c2e00000, 0x0000000100000000)
  region size 1M, 2 eden (2M), 1 survivor (1M), 8 old (8M), 0 humongous (0M), 34 free (34M)
}
Event: 124901.957 {heap After GC invocations=37 (full 0):
 garbage-first heap   total reserved 1001472K, committed 46080K, used 8574K [0x00000000c2e00000, 0x0000000100000000)
  region size 1M, 0 eden (0M), 1 survivor (1M), 8 old (8M), 0 humongous (0M), 36 free (36M)
}
Event: 124907.377 {heap Before GC invocations=37 (full 0):
 garbage-first heap   total reserved 1001472K, committed 46080K, used 12670K [0x00000000c2e00000, 0x0000000100000000)
  region size 1M, 4 eden (4M), 1 survivor (1M), 8 old (8M), 0 humongous (0M), 32 free (32M)
}
Event: 124907.382 {heap After GC invocations=38 (full 0):
 garbage-first heap   total reserved 1001472K, committed 46080K, used 9042K [0x00000000c2e00000, 0x0000000100000000)
  region size 1M, 0 eden (0M), 1 survivor (1M), 8 old (8M), 0 humongous (0M), 36 free (36M)
}
Event: 124928.155 {heap Before GC invocations=38 (full 0):
 garbage-first heap   total reserved 1001472K, committed 46080K, used 14162K [0x00000000c2e00000, 0x0000000100000000)
  region size 1M, 5 eden (5M), 1 survivor (1M), 8 old (8M), 0 humongous (0M), 31 free (31M)
}
Event: 124928.247 {heap After GC invocations=39 (full 0):
 garbage-first heap   total reserved 1001472K, committed 46080K, used 9162K [0x00000000c2e00000, 0x0000000100000000)
  region size 1M, 0 eden (0M), 1 survivor (1M), 9 old (9M), 0 humongous (0M), 35 free (35M)
}
Event: 124976.334 {heap Before GC invocations=39 (full 0):
 garbage-first heap   total reserved 1001472K, committed 46080K, used 19402K [0x00000000c2e00000, 0x0000000100000000)
  region size 1M, 11 eden (11M), 1 survivor (1M), 9 old (9M), 0 humongous (0M), 24 free (24M)
}
Event: 124976.416 {heap After GC invocations=40 (full 0):
 garbage-first heap   total reserved 1001472K, committed 46080K, used 10138K [0x00000000c2e00000, 0x0000000100000000)
  region size 1M, 0 eden (0M), 2 survivor (2M), 9 old (9M), 0 humongous (0M), 34 free (34M)
}
Event: 124996.280 {heap Before GC invocations=40 (full 0):
 garbage-first heap   total reserved 1001472K, committed 46080K, used 13210K [0x00000000c2e00000, 0x0000000100000000)
  region size 1M, 3 eden (3M), 2 survivor (2M), 9 old (9M), 0 humongous (0M), 31 free (31M)
}
Event: 124996.465 {heap After GC invocations=41 (full 0):
 garbage-first heap   total reserved 1001472K, committed 46080K, used 10529K [0x00000000c2e00000, 0x0000000100000000)
  region size 1M, 0 eden (0M), 1 survivor (1M), 10 old (10M), 0 humongous (0M), 34 free (34M)
}

Metaspace Usage History (20 events):
Event: 124892.236 {metaspace Before GC invocations=31 (full 0):
 Metaspace       used 14904K, committed 15168K, reserved 1114112K
  class space    used 1872K, committed 1984K, reserved 1048576K
}
Event: 124892.284 {metaspace After GC invocations=32 (full 0):
 Metaspace       used 14904K, committed 15168K, reserved 1114112K
  class space    used 1872K, committed 1984K, reserved 1048576K
}
Event: 124893.441 {metaspace Before GC invocations=32 (full 0):
 Metaspace       used 14937K, committed 15168K, reserved 1114112K
  class space    used 1872K, committed 1984K, reserved 1048576K
}
Event: 124893.499 {metaspace After GC invocations=33 (full 0):
 Metaspace       used 14937K, committed 15168K, reserved 1114112K
  class space    used 1872K, committed 1984K, reserved 1048576K
}
Event: 124894.603 {metaspace Before GC invocations=33 (full 0):
 Metaspace       used 14950K, committed 15232K, reserved 1114112K
  class space    used 1873K, committed 1984K, reserved 1048576K
}
Event: 124894.638 {metaspace After GC invocations=34 (full 0):
 Metaspace       used 14950K, committed 15232K, reserved 1114112K
  class space    used 1873K, committed 1984K, reserved 1048576K
}
Event: 124896.525 {metaspace Before GC invocations=34 (full 0):
 Metaspace       used 14969K, committed 15232K, reserved 1114112K
  class space    used 1873K, committed 1984K, reserved 1048576K
}
Event: 124896.535 {metaspace After GC invocations=35 (full 0):
 Metaspace       used 14969K, committed 15232K, reserved 1114112K
  class space    used 1873K, committed 1984K, reserved 1048576K
}
Event: 124898.295 {metaspace Before GC invocations=35 (full 0):
 Metaspace       used 15024K, committed 15296K, reserved 1114112K
  class space    used 1879K, committed 1984K, reserved 1048576K
}
Event: 124898.317 {metaspace After GC invocations=36 (full 0):
 Metaspace       used 15024K, committed 15296K, reserved 1114112K
  class space    used 1879K, committed 1984K, reserved 1048576K
}
Event: 124901.931 {metaspace Before GC invocations=36 (full 0):
 Metaspace       used 15185K, committed 15424K, reserved 1114112K
  class space    used 1903K, committed 1984K, reserved 1048576K
}
Event: 124901.957 {metaspace After GC invocations=37 (full 0):
 Metaspace       used 15185K, committed 15424K, reserved 1114112K
  class space    used 1903K, committed 1984K, reserved 1048576K
}
Event: 124907.377 {metaspace Before GC invocations=37 (full 0):
 Metaspace       used 15327K, committed 15616K, reserved 1114112K
  class space    used 1906K, committed 2048K, reserved 1048576K
}
Event: 124907.382 {metaspace After GC invocations=38 (full 0):
 Metaspace       used 15327K, committed 15616K, reserved 1114112K
  class space    used 1906K, committed 2048K, reserved 1048576K
}
Event: 124928.163 {metaspace Before GC invocations=38 (full 0):
 Metaspace       used 15702K, committed 15936K, reserved 1114112K
  class space    used 1950K, committed 2048K, reserved 1048576K
}
Event: 124928.247 {metaspace After GC invocations=39 (full 0):
 Metaspace       used 15702K, committed 15936K, reserved 1114112K
  class space    used 1950K, committed 2048K, reserved 1048576K
}
Event: 124976.334 {metaspace Before GC invocations=39 (full 0):
 Metaspace       used 16415K, committed 16704K, reserved 1114112K
  class space    used 2022K, committed 2176K, reserved 1048576K
}
Event: 124976.416 {metaspace After GC invocations=40 (full 0):
 Metaspace       used 16415K, committed 16704K, reserved 1114112K
  class space    used 2022K, committed 2176K, reserved 1048576K
}
Event: 124996.280 {metaspace Before GC invocations=40 (full 0):
 Metaspace       used 16688K, committed 17024K, reserved 1114112K
  class space    used 2054K, committed 2240K, reserved 1048576K
}
Event: 124996.465 {metaspace After GC invocations=41 (full 0):
 Metaspace       used 16688K, committed 17024K, reserved 1114112K
  class space    used 2054K, committed 2240K, reserved 1048576K
}

Dll operation events (14 events):
Event: 0.035 Attempting to load shared library C:\Program Files\Java\jdk-26.0.1\bin\java.dll
Event: 0.042 Loaded shared library C:\Program Files\Java\jdk-26.0.1\bin\java.dll
Event: 0.621 Attempting to load shared library C:\Program Files\Java\jdk-26.0.1\bin\net.dll
Event: 0.622 Loaded shared library C:\Program Files\Java\jdk-26.0.1\bin\net.dll
Event: 0.625 Attempting to load shared library C:\Program Files\Java\jdk-26.0.1\bin\nio.dll
Event: 0.626 Loaded shared library C:\Program Files\Java\jdk-26.0.1\bin\nio.dll
Event: 0.634 Attempting to load shared library C:\Program Files\Java\jdk-26.0.1\bin\zip.dll
Event: 0.635 Loaded shared library C:\Program Files\Java\jdk-26.0.1\bin\zip.dll
Event: 1.616 Attempting to load shared library C:\Users\gondi\OneDrive\Documentos\Modelos Personalizados do Office\netbeans\java\maven\lib\jansi-native\Windows\x86_64\jansi.dll
Event: 1.617 Loaded shared library C:\Users\gondi\OneDrive\Documentos\Modelos Personalizados do Office\netbeans\java\maven\lib\jansi-native\Windows\x86_64\jansi.dll
Event: 1.797 Attempting to load shared library C:\Program Files\Java\jdk-26.0.1\bin\verify.dll
Event: 1.798 Loaded shared library C:\Program Files\Java\jdk-26.0.1\bin\verify.dll
Event: 1.902 Attempting to load shared library C:\Program Files\Java\jdk-26.0.1\bin\jimage.dll
Event: 1.902 Loaded shared library C:\Program Files\Java\jdk-26.0.1\bin\jimage.dll

Deoptimization events (20 events):
Event: 125080.154 Thread 0x000001f3b3a713e0 Uncommon trap: trap_request=0xffffff45 fr.pc=0x000001f3c430ac78 relative=0x00000000000001f8
Event: 125080.154 Thread 0x000001f3b3a713e0 Uncommon trap: reason=unstable_if action=reinterpret pc=0x000001f3c430ac78 method=jdk.nio.zipfs.ZipFileSystem$IndexNode.normalize([B)[B @ 66 c2
Event: 125080.154 Thread 0x000001f3b3a713e0 DEOPT PACKING pc=0x000001f3c430ac78 sp=0x00000075994fca20
Event: 125080.154 Thread 0x000001f3b3a713e0 DEOPT UNPACKING pc=0x000001f3c3ccb9fc sp=0x00000075994fc988 mode 2
Event: 125080.278 Thread 0x000001f3b3a713e0 Uncommon trap: trap_request=0xffffff45 fr.pc=0x000001f3c430bdf0 relative=0x0000000000000170
Event: 125080.278 Thread 0x000001f3b3a713e0 Uncommon trap: reason=unstable_if action=reinterpret pc=0x000001f3c430bdf0 method=jdk.internal.util.ArraysSupport.hashCode([BIII)I @ 1 c2
Event: 125080.278 Thread 0x000001f3b3a713e0 DEOPT PACKING pc=0x000001f3c430bdf0 sp=0x00000075994fc960
Event: 125080.278 Thread 0x000001f3b3a713e0 DEOPT UNPACKING pc=0x000001f3c3ccb9fc sp=0x00000075994fc8f0 mode 2
Event: 125080.635 Thread 0x000001f3b3a713e0 Uncommon trap: trap_request=0xffffff45 fr.pc=0x000001f3c43120fc relative=0x00000000000012fc
Event: 125080.635 Thread 0x000001f3b3a713e0 Uncommon trap: reason=unstable_if action=reinterpret pc=0x000001f3c43120fc method=java.util.Arrays.equals([BII[BII)Z @ 32 c2
Event: 125080.635 Thread 0x000001f3b3a713e0 DEOPT PACKING pc=0x000001f3c43120fc sp=0x00000075994fc9d0
Event: 125080.635 Thread 0x000001f3b3a713e0 DEOPT UNPACKING pc=0x000001f3c3ccb9fc sp=0x00000075994fc7b0 mode 2
Event: 125080.635 Thread 0x000001f3b3a713e0 Uncommon trap: trap_request=0xffffffc6 fr.pc=0x000001f3c42c7dd0 relative=0x0000000000000650
Event: 125080.635 Thread 0x000001f3b3a713e0 Uncommon trap: reason=bimorphic_or_optimized_type_check action=maybe_recompile pc=0x000001f3c42c7dd0 method=java.util.HashMap.putVal(ILjava/lang/Object;Ljava/lang/Object;ZZ)Ljava/lang/Object; @ 203 c2
Event: 125080.635 Thread 0x000001f3b3a713e0 DEOPT PACKING pc=0x000001f3c42c7dd0 sp=0x00000075994fc980
Event: 125080.635 Thread 0x000001f3b3a713e0 DEOPT UNPACKING pc=0x000001f3c3ccb9fc sp=0x00000075994fc888 mode 2
Event: 125081.696 Thread 0x000001f3b3a713e0 Uncommon trap: trap_request=0xffffffc6 fr.pc=0x000001f3c4280d54 relative=0x00000000000001d4
Event: 125081.696 Thread 0x000001f3b3a713e0 Uncommon trap: reason=bimorphic_or_optimized_type_check action=maybe_recompile pc=0x000001f3c4280d54 method=jdk.internal.classfile.impl.AbstractPoolEntry.maybeClone(Ljava/lang/classfile/constantpool/ConstantPoolBuilder;Ljava/lang/classfile/constantpool/Po
Event: 125081.696 Thread 0x000001f3b3a713e0 DEOPT PACKING pc=0x000001f3c4280d54 sp=0x00000075994fb570
Event: 125081.696 Thread 0x000001f3b3a713e0 DEOPT UNPACKING pc=0x000001f3c3ccb9fc sp=0x00000075994fb4a8 mode 2

Classes loaded (20 events):
Event: 125077.444 Loading class java/util/zip/DeflaterOutputStream
Event: 125077.455 Loading class java/util/zip/DeflaterOutputStream done
Event: 125077.456 Loading class java/nio/file/ReadOnlyFileSystemException
Event: 125077.472 Loading class java/nio/file/ReadOnlyFileSystemException done
Event: 125077.473 Loading class java/nio/file/NotDirectoryException
Event: 125077.485 Loading class java/nio/file/NotDirectoryException done
Event: 125077.485 Loading class java/nio/file/DirectoryNotEmptyException
Event: 125077.497 Loading class java/nio/file/DirectoryNotEmptyException done
Event: 125080.866 Loading class java/nio/file/attribute/PosixFileAttributeView
Event: 125080.880 Loading class java/nio/file/attribute/FileOwnerAttributeView
Event: 125080.888 Loading class java/nio/file/attribute/FileOwnerAttributeView done
Event: 125080.888 Loading class java/nio/file/attribute/PosixFileAttributeView done
Event: 125082.327 Loading class java/nio/file/ClosedDirectoryStreamException
Event: 125082.388 Loading class java/nio/file/ClosedDirectoryStreamException done
Event: 125082.388 Loading class java/nio/file/DirectoryIteratorException
Event: 125082.401 Loading class java/nio/file/DirectoryIteratorException done
Event: 125083.368 Loading class java/util/TreeMap$KeySpliterator
Event: 125083.380 Loading class java/util/TreeMap$TreeMapSpliterator
Event: 125083.451 Loading class java/util/TreeMap$TreeMapSpliterator done
Event: 125083.488 Loading class java/util/TreeMap$KeySpliterator done

Classes unloaded (5 events):
Event: 124877.058 Thread 0x000001f3ceb94600 Unloading class 0x0000000039190c00 'java/lang/invoke/LambdaForm$MH+0x0000000039190c00'
Event: 124877.061 Thread 0x000001f3ceb94600 Unloading class 0x0000000039190000 'java/lang/invoke/LambdaForm$MH+0x0000000039190000'
Event: 124877.064 Thread 0x000001f3ceb94600 Unloading class 0x0000000039048c00 'java/lang/invoke/LambdaForm$MH+0x0000000039048c00'
Event: 124877.064 Thread 0x000001f3ceb94600 Unloading class 0x0000000039048800 'java/lang/invoke/LambdaForm$MH+0x0000000039048800'
Event: 124877.067 Thread 0x000001f3ceb94600 Unloading class 0x0000000039048000 'java/lang/invoke/LambdaForm$MH+0x0000000039048000'

Classes redefined (0 events):
No events

Internal exceptions (20 events):
Event: 124950.624 Thread 0x000001f3b3a713e0 Exception <a 'java/io/IOException'{0x00000000ffb8a378}> (0x00000000ffb8a378) 
thrown [s\open\src\hotspot\share\prims\jni.cpp, line 514]
Event: 124950.624 Thread 0x000001f3b3a713e0 Exception <a 'java/io/IOException'{0x00000000ffb8a948}> (0x00000000ffb8a948) 
thrown [s\open\src\hotspot\share\prims\jni.cpp, line 514]
Event: 124950.680 Thread 0x000001f3b3a713e0 Exception <a 'java/io/IOException'{0x00000000ffb8b7b0}> (0x00000000ffb8b7b0) 
thrown [s\open\src\hotspot\share\prims\jni.cpp, line 514]
Event: 124950.680 Thread 0x000001f3b3a713e0 Exception <a 'java/io/IOException'{0x00000000ffb8bdb8}> (0x00000000ffb8bdb8) 
thrown [s\open\src\hotspot\share\prims\jni.cpp, line 514]
Event: 124950.680 Thread 0x000001f3b3a713e0 Exception <a 'java/io/IOException'{0x00000000ffb8c388}> (0x00000000ffb8c388) 
thrown [s\open\src\hotspot\share\prims\jni.cpp, line 514]
Event: 124950.680 Thread 0x000001f3b3a713e0 Exception <a 'java/io/IOException'{0x00000000ffb8c958}> (0x00000000ffb8c958) 
thrown [s\open\src\hotspot\share\prims\jni.cpp, line 514]
Event: 124996.582 Thread 0x000001f3b3a713e0 Implicit null exception at 0x000001f3c42d61ad to 0x000001f3c42d6315
Event: 125019.318 Thread 0x000001f3b3a713e0 Exception <a 'java/io/IOException'{0x00000000ffc39c50}> (0x00000000ffc39c50) 
thrown [s\open\src\hotspot\share\prims\jni.cpp, line 514]
Event: 125019.352 Thread 0x000001f3b3a713e0 Exception <a 'java/io/IOException'{0x00000000ffc3a258}> (0x00000000ffc3a258) 
thrown [s\open\src\hotspot\share\prims\jni.cpp, line 514]
Event: 125019.352 Thread 0x000001f3b3a713e0 Exception <a 'java/io/IOException'{0x00000000ffc3a828}> (0x00000000ffc3a828) 
thrown [s\open\src\hotspot\share\prims\jni.cpp, line 514]
Event: 125019.352 Thread 0x000001f3b3a713e0 Exception <a 'java/io/IOException'{0x00000000ffc3adf8}> (0x00000000ffc3adf8) 
thrown [s\open\src\hotspot\share\prims\jni.cpp, line 514]
Event: 125029.135 Thread 0x000001f3b3a713e0 Exception <a 'java/lang/IncompatibleClassChangeError'{0x00000000ffc4c270}: Found class java.lang.Object, but interface was expected> (0x00000000ffc4c270) 
thrown [s\open\src\hotspot\share\interpreter\linkResolver.cpp, line 871]
Event: 125031.208 Thread 0x000001f3b3a713e0 Exception <a 'java/lang/NoSuchMethodError'{0x00000000ffc5ba70}: 'void java.lang.invoke.DirectMethodHandle$Holder.invokeInterface(java.lang.Object, java.lang.Object, java.lang.Object)'> (0x00000000ffc5ba70) 
thrown [s\open\src\hotspot\share\interpreter\linkResolver.cpp, line 804]
Event: 125034.659 Thread 0x000001f3b3a713e0 Exception <a 'sun/nio/fs/WindowsException'{0x00000000ffc6b008}> (0x00000000ffc6b008) 
thrown [s\open\src\hotspot\share\prims\jni.cpp, line 514]
Event: 125041.414 Thread 0x000001f3b3a713e0 Exception <a 'java/io/IOException'{0x00000000ffcbc590}> (0x00000000ffcbc590) 
thrown [s\open\src\hotspot\share\prims\jni.cpp, line 514]
Event: 125041.414 Thread 0x000001f3b3a713e0 Exception <a 'java/io/IOException'{0x00000000ffcbcb98}> (0x00000000ffcbcb98) 
thrown [s\open\src\hotspot\share\prims\jni.cpp, line 514]
Event: 125041.414 Thread 0x000001f3b3a713e0 Exception <a 'java/io/IOException'{0x00000000ffcbd168}> (0x00000000ffcbd168) 
thrown [s\open\src\hotspot\share\prims\jni.cpp, line 514]
Event: 125041.414 Thread 0x000001f3b3a713e0 Exception <a 'java/io/IOException'{0x00000000ffcbd738}> (0x00000000ffcbd738) 
thrown [s\open\src\hotspot\share\prims\jni.cpp, line 514]
Event: 125070.655 Thread 0x000001f3b3a713e0 Exception <a 'java/lang/NoSuchMethodError'{0x00000000c52169a8}: 'int java.lang.invoke.DirectMethodHandle$Holder.invokeInterface(java.lang.Object, java.lang.Object)'> (0x00000000c52169a8) 
thrown [s\open\src\hotspot\share\interpreter\linkResolver.cpp, line 804]
Event: 125072.454 Thread 0x000001f3b3a713e0 Exception <a 'java/lang/NoSuchMethodError'{0x00000000c526c280}: 'int java.lang.invoke.DirectMethodHandle$Holder.invokeVirtual(java.lang.Object, java.lang.Object, java.lang.Object)'> (0x00000000c526c280) 
thrown [s\open\src\hotspot\share\interpreter\linkResolver.cpp, line 804]

VM Operations (20 events):
Event: 124995.565 Executing non-safepoint VM operation: HandshakeAllThreads (DeflationHandshakeClosure)
Event: 124995.676 Executing non-safepoint VM operation: HandshakeAllThreads (DeflationHandshakeClosure) done
Event: 124995.676 Executing non-safepoint VM operation: RendezvousGCThreads
Event: 124995.676 Executing non-safepoint VM operation: RendezvousGCThreads done
Event: 124996.280 Executing safepoint VM operation: G1CollectForAllocation (G1 Evacuation Pause)
Event: 124996.465 Executing safepoint VM operation: G1CollectForAllocation (G1 Evacuation Pause) done
Event: 125049.676 Executing non-safepoint VM operation: HandshakeAllThreads (Deoptimize)
Event: 125049.696 Executing non-safepoint VM operation: HandshakeAllThreads (Deoptimize) done
Event: 125055.794 Executing non-safepoint VM operation: HandshakeAllThreads (DeflationHandshakeClosure)
Event: 125055.812 Executing non-safepoint VM operation: HandshakeAllThreads (DeflationHandshakeClosure) done
Event: 125055.812 Executing non-safepoint VM operation: RendezvousGCThreads
Event: 125055.812 Executing non-safepoint VM operation: RendezvousGCThreads done
Event: 125068.799 Executing non-safepoint VM operation: HandshakeAllThreads (Deoptimize)
Event: 125068.846 Executing non-safepoint VM operation: HandshakeAllThreads (Deoptimize) done
Event: 125077.146 Executing non-safepoint VM operation: HandshakeAllThreads (Deoptimize)
Event: 125077.146 Executing non-safepoint VM operation: HandshakeAllThreads (Deoptimize) done
Event: 125080.753 Executing non-safepoint VM operation: HandshakeAllThreads (Deoptimize)
Event: 125080.753 Executing non-safepoint VM operation: HandshakeAllThreads (Deoptimize) done
Event: 125080.839 Executing non-safepoint VM operation: HandshakeAllThreads (Deoptimize)
Event: 125080.839 Executing non-safepoint VM operation: HandshakeAllThreads (Deoptimize) done

Memory protections (0 events):
No events

Nmethod flushes (20 events):
Event: 124883.243 Thread 0x000001f3ceb94600 flushing  nmethod 0x000001f3bc87d388
Event: 124883.243 Thread 0x000001f3ceb94600 flushing  nmethod 0x000001f3bc89b688
Event: 124883.243 Thread 0x000001f3ceb94600 flushing  nmethod 0x000001f3bc8b3a08
Event: 124883.243 Thread 0x000001f3ceb94600 flushing  nmethod 0x000001f3bc8fa308
Event: 124883.243 Thread 0x000001f3ceb94600 flushing  nmethod 0x000001f3bc987988
Event: 124883.255 Thread 0x000001f3ceb94600 flushing  nmethod 0x000001f3bc98e088
Event: 124883.255 Thread 0x000001f3ceb94600 flushing  nmethod 0x000001f3bc990c88
Event: 124883.255 Thread 0x000001f3ceb94600 flushing  nmethod 0x000001f3bc990f88
Event: 124883.266 Thread 0x000001f3ceb94600 flushing  nmethod 0x000001f3bc992c08
Event: 124883.266 Thread 0x000001f3ceb94600 flushing  nmethod 0x000001f3bc9abc08
Event: 124883.280 Thread 0x000001f3ceb94600 flushing  nmethod 0x000001f3bc9b1b08
Event: 124883.280 Thread 0x000001f3ceb94600 flushing  nmethod 0x000001f3bc9c4608
Event: 124883.299 Thread 0x000001f3ceb94600 flushing  nmethod 0x000001f3bca2da08
Event: 124883.299 Thread 0x000001f3ceb94600 flushing  nmethod 0x000001f3bca32a88
Event: 124883.299 Thread 0x000001f3ceb94600 flushing  nmethod 0x000001f3bca4b508
Event: 124883.299 Thread 0x000001f3ceb94600 flushing  nmethod 0x000001f3bcaa0808
Event: 124883.299 Thread 0x000001f3ceb94600 flushing  nmethod 0x000001f3bcaa3088
Event: 124883.299 Thread 0x000001f3ceb94600 flushing  nmethod 0x000001f3bcaafb08
Event: 124883.299 Thread 0x000001f3ceb94600 flushing  nmethod 0x000001f3bcab0388
Event: 124883.299 Thread 0x000001f3ceb94600 flushing  nmethod 0x000001f3bcab0e08

Events (13 events):
Event: 0.075 Thread 0x000001f3b3a713e0 Thread added: 0x000001f3b3a713e0
Event: 0.102 Thread 0x000001f3b3a713e0 Thread added: 0x000001f3ceba4f60
Event: 0.102 Thread 0x000001f3b3a713e0 Thread added: 0x000001f3ceba7dc0
Event: 0.103 Thread 0x000001f3b3a713e0 Thread added: 0x000001f3cebad600
Event: 0.103 Thread 0x000001f3b3a713e0 Thread added: 0x000001f3cebb1dc0
Event: 0.103 Thread 0x000001f3b3a713e0 Thread added: 0x000001f3cebb2570
Event: 0.103 Thread 0x000001f3b3a713e0 Thread added: 0x000001f3cebb2d20
Event: 0.103 Thread 0x000001f3b3a713e0 Thread added: 0x000001f3cebb3c10
Event: 0.114 Thread 0x000001f3b3a713e0 Thread added: 0x000001f3cec376a0
Event: 0.545 Thread 0x000001f3b3a713e0 Thread added: 0x000001f3d3044020
Event: 0.618 Thread 0x000001f3b3a713e0 Thread added: 0x000001f3d30507f0
Event: 1.612 Thread 0x000001f3b3a713e0 Thread added: 0x000001f3d33a2b40
Event: 21.611 Thread 0x000001f3d33a2b40 Thread exited: 0x000001f3d33a2b40


Dynamic libraries:
0x00007ff7fed50000 - 0x00007ff7fed60000 	C:\Program Files\Java\jdk-26.0.1\bin\java.exe
0x00007ffebc980000 - 0x00007ffebcbe7000 	C:\Windows\SYSTEM32\ntdll.dll
0x00007ffeba710000 - 0x00007ffeba7d9000 	C:\Windows\System32\KERNEL32.DLL
0x00007ffeba250000 - 0x00007ffeba644000 	C:\Windows\System32\KERNELBASE.dll
0x00007ffeb6750000 - 0x00007ffeb67ef000 	C:\Windows\SYSTEM32\apphelp.dll
0x00007ffeb9250000 - 0x00007ffeb939b000 	C:\Windows\System32\ucrtbase.dll
0x00007ffe9c530000 - 0x00007ffe9c547000 	C:\Program Files\Java\jdk-26.0.1\bin\jli.dll
0x00007ffebb680000 - 0x00007ffebb845000 	C:\Windows\System32\USER32.dll
0x00007ffeb93a0000 - 0x00007ffeb93c7000 	C:\Windows\System32\win32u.dll
0x00007ffebbc90000 - 0x00007ffebbcbb000 	C:\Windows\System32\GDI32.dll
0x00007ffeb98b0000 - 0x00007ffeb99db000 	C:\Windows\System32\gdi32full.dll
0x00007ffeb9540000 - 0x00007ffeb95e3000 	C:\Windows\System32\msvcp_win.dll
0x00007ffea89e0000 - 0x00007ffea89fe000 	C:\Program Files\Java\jdk-26.0.1\bin\VCRUNTIME140.dll
0x00007ffea9eb0000 - 0x00007ffeaa143000 	C:\Windows\WinSxS\amd64_microsoft.windows.common-controls_6595b64144ccf1df_6.0.26100.8115_none_3e075c82e3354f9c\COMCTL32.dll
0x00007ffebc520000 - 0x00007ffebc5c9000 	C:\Windows\System32\msvcrt.dll
0x00007ffeba890000 - 0x00007ffeba8c2000 	C:\Windows\System32\IMM32.DLL
0x00007ffeacd60000 - 0x00007ffeacd6c000 	C:\Program Files\Java\jdk-26.0.1\bin\vcruntime140_1.dll
0x00007ffe8d9a0000 - 0x00007ffe8da2d000 	C:\Program Files\Java\jdk-26.0.1\bin\msvcp140.dll
0x00007ffe24e60000 - 0x00007ffe25d2e000 	C:\Program Files\Java\jdk-26.0.1\bin\server\jvm.dll
0x00007ffebc1f0000 - 0x00007ffebc2a6000 	C:\Windows\System32\ADVAPI32.dll
0x00007ffeba7e0000 - 0x00007ffeba887000 	C:\Windows\System32\sechost.dll
0x00007ffebacf0000 - 0x00007ffebae08000 	C:\Windows\System32\RPCRT4.dll
0x00007ffebc2b0000 - 0x00007ffebc330000 	C:\Windows\System32\WS2_32.dll
0x00007ffeb90b0000 - 0x00007ffeb910e000 	C:\Windows\SYSTEM32\POWRPROF.dll
0x00007ffeaa3d0000 - 0x00007ffeaa406000 	C:\Windows\SYSTEM32\WINMM.dll
0x00007ffeb2e10000 - 0x00007ffeb2e1b000 	C:\Windows\SYSTEM32\VERSION.dll
0x00007ffeb9090000 - 0x00007ffeb90a4000 	C:\Windows\SYSTEM32\UMPDC.dll
0x00007ffeb7fe0000 - 0x00007ffeb7ffb000 	C:\Windows\SYSTEM32\kernel.appcore.dll
0x00007ffe9c860000 - 0x00007ffe9c86a000 	C:\Program Files\Java\jdk-26.0.1\bin\jimage.dll
0x00007ffeb7130000 - 0x00007ffeb7372000 	C:\Windows\SYSTEM32\DBGHELP.DLL
0x00007ffeba960000 - 0x00007ffebace2000 	C:\Windows\System32\combase.dll
0x00007ffebbb20000 - 0x00007ffebbbf8000 	C:\Windows\System32\OLEAUT32.dll
0x00007ffeb4230000 - 0x00007ffeb426b000 	C:\Windows\SYSTEM32\dbgcore.DLL
0x00007ffeb9770000 - 0x00007ffeb9815000 	C:\Windows\System32\bcryptPrimitives.dll
0x00007ffe9ca80000 - 0x00007ffe9ca9f000 	C:\Program Files\Java\jdk-26.0.1\bin\java.dll
0x00007ffebc5d0000 - 0x00007ffebc767000 	C:\Windows\System32\ole32.dll
0x00007ffebae10000 - 0x00007ffebb577000 	C:\Windows\System32\SHELL32.dll
0x00007ffeb93d0000 - 0x00007ffeb953a000 	C:\Windows\System32\wintypes.dll
0x00007ffeb99e0000 - 0x00007ffeba248000 	C:\Windows\System32\windows.storage.dll
0x00007ffebc770000 - 0x00007ffebc868000 	C:\Windows\System32\SHCORE.dll
0x00007ffebc180000 - 0x00007ffebc1e6000 	C:\Windows\System32\shlwapi.dll
0x00007ffeb9170000 - 0x00007ffeb9199000 	C:\Windows\SYSTEM32\profapi.dll
0x00007ffe9c2d0000 - 0x00007ffe9c2e2000 	C:\Program Files\Java\jdk-26.0.1\bin\net.dll
0x00007ffeb8550000 - 0x00007ffeb85bc000 	C:\Windows\system32\mswsock.dll
0x00007ffe9adf0000 - 0x00007ffe9ae06000 	C:\Program Files\Java\jdk-26.0.1\bin\nio.dll
0x00007ffe9c4c0000 - 0x00007ffe9c4d7000 	C:\Program Files\Java\jdk-26.0.1\bin\zip.dll
0x00007ffea8a00000 - 0x00007ffea8a24000 	C:\Users\gondi\OneDrive\Documentos\Modelos Personalizados do Office\netbeans\java\maven\lib\jansi-native\Windows\x86_64\jansi.dll
0x00007ffe9c080000 - 0x00007ffe9c090000 	C:\Program Files\Java\jdk-26.0.1\bin\verify.dll

JVMTI agents: none

dbghelp: loaded successfully - version: 4.0.5 - missing functions: none
symbol engine: initialized successfully - sym options: 0x614 - pdb path: .;C:\Program Files\Java\jdk-26.0.1\bin;C:\Windows\SYSTEM32;C:\Windows\WinSxS\amd64_microsoft.windows.common-controls_6595b64144ccf1df_6.0.26100.8115_none_3e075c82e3354f9c;C:\Program Files\Java\jdk-26.0.1\bin\server;C:\Users\gondi\OneDrive\Documentos\Modelos Personalizados do Office\netbeans\java\maven\lib\jansi-native\Windows\x86_64

VM Arguments:
jvm_args: --enable-native-access=ALL-UNNAMED -Dclassworlds.conf=C:\Users\gondi\OneDrive\Documentos\Modelos Personalizados do Office\netbeans\java\maven\bin\m2.conf -Dmaven.home=C:\Users\gondi\OneDrive\Documentos\Modelos Personalizados do Office\netbeans\java\maven -Dlibrary.jansi.path=C:\Users\gondi\OneDrive\Documentos\Modelos Personalizados do Office\netbeans\java\maven\lib\jansi-native -Dmaven.multiModuleProjectDirectory=C:\Users\gondi\OneDrive\Documentos\NetBeansProjects\SistemaGestaoProjetos 
java_command: org.codehaus.plexus.classworlds.launcher.Launcher -Dexec.vmArgs= -Dexec.args=${exec.vmArgs} -classpath %classpath ${exec.mainClass} ${exec.appArgs} -Dexec.appArgs= -Dexec.mainClass=com.mycompany.sistemagestaoprojetos.SistemaGestaoProjetos -Dexec.executable=C:\Program Files\Java\jdk-26.0.1\bin\java.exe -Dmaven.ext.class.path=C:\Users\gondi\OneDrive\Documentos\Modelos Personalizados do Office\netbeans\java\maven-nblib\netbeans-eventspy.jar --no-transfer-progress process-classes org.codehaus.mojo:exec-maven-plugin:3.5.1:exec
java_class_path (initial): C:\Users\gondi\OneDrive\Documentos\Modelos Personalizados do Office\netbeans\java\maven\boot\plexus-classworlds-2.9.0.jar
Launcher Type: SUN_STANDARD

[Global flags]
     bool AOTAdapterCaching                        = false                                  {diagnostic} {ergonomic}
     bool AOTInvokeDynamicLinking                  = false                                  {diagnostic} {ergonomic}
     bool AOTRecordTraining                        = false                                  {diagnostic} {ergonomic}
     bool AOTReplayTraining                        = false                                  {diagnostic} {ergonomic}
     bool AOTStubCaching                           = false                                  {diagnostic} {ergonomic}
     intx CICompilerCount                          = 2                                         {product} {ergonomic}
     uint ConcGCThreads                            = 1                                         {product} {ergonomic}
     uint G1ConcRefinementThreads                  = 2                                         {product} {ergonomic}
     uint G1EagerReclaimRemSetThreshold            = 10                                   {experimental} {ergonomic}
   size_t G1HeapRegionSize                         = 1048576                                   {product} {ergonomic}
     uint G1RemSetArrayOfCardsEntries              = 10                                   {experimental} {ergonomic}
     uint G1RemSetHowlMaxNumBuckets                = 8                                    {experimental} {ergonomic}
     uint G1RemSetHowlNumBuckets                   = 4                                    {experimental} {ergonomic}
   size_t InitialHeapSize                          = 8388608                                   {product} {ergonomic}
     bool IntelJccErratumMitigation                = false                             {ARCH diagnostic} {ergonomic}
   size_t MarkStackSize                            = 4194304                                   {product} {ergonomic}
   size_t MarkStackSizeMax                         = 536870912                                 {product} {ergonomic}
   size_t MaxHeapSize                              = 1025507328                                {product} {ergonomic}
   size_t MaxNewSize                               = 614465536                                 {product} {ergonomic}
 uint64_t MaxRAM                                   = 4095401984                                {product} {ergonomic}
   size_t MinHeapDeltaBytes                        = 1048576                                   {product} {ergonomic}
   size_t MinHeapSize                              = 8388608                                   {product} {ergonomic}
   size_t NonNMethodCodeHeapSize                   = 5832704                                {pd product} {ergonomic}
   size_t NonProfiledCodeHeapSize                  = 122945536                              {pd product} {ergonomic}
   size_t ProfiledCodeHeapSize                     = 122945536                              {pd product} {ergonomic}
   size_t ReservedCodeCacheSize                    = 251723776                              {pd product} {ergonomic}
     bool SegmentedCodeCache                       = true                                      {product} {ergonomic}
   size_t SoftMaxHeapSize                          = 1025507328                             {manageable} {ergonomic}
     bool UseCompressedOops                        = true                           {product lp64_product} {ergonomic}
     bool UseCondCardMark                          = true                                      {product} {ergonomic}
     bool UseFastUnorderedTimeStamps               = true                                 {experimental} {ergonomic}
     bool UseG1GC                                  = true                                      {product} {ergonomic}
     bool UseLargePagesIndividualAllocation        = false                                  {pd product} {ergonomic}
      int X86ICacheSync                            = 3                                 {ARCH diagnostic} {ergonomic}

Logging:
Log output configuration:
 #0: stdout all=warning uptime,level,tags foldmultilines=false
 #1: stderr all=off uptime,level,tags foldmultilines=false

Release file:
IMPLEMENTOR="Oracle Corporation" 
JAVA_RUNTIME_VERSION="26.0.1+8-34" 
JAVA_VERSION="26.0.1" 
JAVA_VERSION_DATE="2026-04-21" 
LIBC="default" 
MODULES="java.base java.compiler java.datatransfer java.xml java.prefs java.desktop java.instrument java.logging java.management java.security.sasl java.naming java.rmi java.management.rmi java.net.http java.scripting java.security.jgss java.transaction.xa java.sql java.sql.rowset java.xml.crypto java.se java.smartcardio jdk.accessibility jdk.internal.jvmstat jdk.attach jdk.charsets jdk.internal.opt jdk.zipfs jdk.compiler jdk.crypto.cryptoki jdk.crypto.ec jdk.crypto.mscapi jdk.dynalink jdk.internal.ed jdk.editpad jdk.internal.vm.ci jdk.graal.compiler jdk.graal.compiler.management jdk.hotspot.agent jdk.httpserver jdk.incubator.vector jdk.internal.le jdk.internal.md jdk.jartool jdk.javadoc jdk.jcmd jdk.management jdk.management.agent jdk.jconsole jdk.jdeps jdk.jdwp.agent jdk.jdi jdk.jfr jdk.jlink jdk.jpackage jdk.jshell jdk.jstatd jdk.localedata jdk.management.jfr jdk.naming.dns jdk.naming.rmi jdk.net jdk.nio.mapmode jdk.sctp jdk.security.auth jdk.security.jgss jdk.unsupported jdk.unsupported.desktop jdk.xml.dom" 
OS_ARCH="x86_64" 
OS_NAME="Windows" 
SOURCE=".:git:8fcde8268d22 open:git:fcc00fc4aee7" 

Environment Variables:
JAVA_HOME=C:\Program Files\Java\jdk-26.0.1
PATH=C:\Program Files\Common Files\Oracle\Java\javapath;C:\Windows\system32;C:\Windows;C:\Windows\System32\Wbem;C:\Windows\System32\WindowsPowerShell\v1.0\;C:\Windows\System32\OpenSSH\;C:\Users\gondi\AppData\Local\Microsoft\WindowsApps;C:\Users\gondi\OneDrive\Documentos\Modelos Personalizados do Office\netbeans\bin\
USERNAME=gondi
OS=Windows_NT
PROCESSOR_IDENTIFIER=Intel64 Family 6 Model 156 Stepping 0, GenuineIntel
TMP=C:\Users\gondi\AppData\Local\Temp
TEMP=C:\Users\gondi\AppData\Local\Temp




Compilation memory statistics disabled.

Periodic native trim disabled

---------------  S Y S T E M  ---------------

OS:
 Windows 11 , 64 bit Build 26100 (10.0.26100.8246)
OS uptime: 16 days 11:18 hours

CPU: total 2 (initial active 2) (2 cores per cpu, 1 threads per core) family 6 model 156 stepping 0 microcode 0x24000026, cx8, cmov, fxsr, mmx, 3dnowpref, sse, sse2, sse3, ssse3, sse4.1, sse4.2, popcnt, tsc, tscinvbit, aes, erms, clmul, sha, clflush, clflushopt, clwb, rdtscp, rdpid
Processor Information for the first 2 processors :
  Max Mhz: 1114, Current Mhz: 1114, Mhz Limit: 1114

Memory: 4k page, system-wide physical 3905M (443M free)
TotalPageFile size 15681M (AvailPageFile size 1599M)
current process WorkingSet (physical memory assigned to process): 21M, peak: 92M
current process commit charge ("private bytes"): 152M, peak: 191M

vm_info: Java HotSpot(TM) 64-Bit Server VM (26.0.1+8-34) for windows-amd64 JRE (26.0.1+8-34), built on 2026-03-10T17:24:10Z with MS VC++ 17.13 (VS2022)

END.
